#
# There is insufficient memory for the Java Runtime Environment to continue.
# Native memory allocation (malloc) failed to allocate 1110416 bytes. Error detail: Chunk::new
# Possible reasons:
#   The system is out of physical RAM or swap space
#   This process is running with CompressedOops enabled, and the Java Heap may be blocking the growth of the native heap
# Possible solutions:
#   Reduce memory load on the system
#   Increase physical memory or swap space
#   Check if swap backing store is full
#   Decrease Java heap size (-Xmx/-Xms)
#   Decrease number of Java threads
#   Decrease Java thread stack sizes (-Xss)
#   Set larger code cache with -XX:ReservedCodeCacheSize=
#   JVM is running with Unscaled Compressed Oops mode in which the Java heap is
#     placed in the first 4GB address space. The Java Heap base address is the
#     maximum limit for the native heap growth. Please use -XX:HeapBaseMinAddress
#     to set the Java Heap base and to place the Java Heap above 4GB virtual address.
# This output file may be truncated or incomplete.
#
#  Out of Memory Error (arena.cpp:168), pid=2628, tid=13452
#
# JRE version: OpenJDK Runtime Environment (21.0.10) (build 21.0.10+-14961533-b1163.108)
# Java VM: OpenJDK 64-Bit Server VM (21.0.10+-14961533-b1163.108, mixed mode, tiered, compressed oops, compressed class ptrs, g1 gc, windows-amd64)
# No core dump will be written. Minidumps are not enabled by default on client versions of Windows
#

---------------  S U M M A R Y ------------

Command Line: -XX:MaxMetaspaceSize=512m -XX:+HeapDumpOnOutOfMemoryError --add-opens=java.base/java.util=ALL-UNNAMED --add-opens=java.base/java.lang=ALL-UNNAMED --add-opens=java.base/java.lang.invoke=ALL-UNNAMED --add-opens=java.prefs/java.util.prefs=ALL-UNNAMED --add-exports=jdk.compiler/com.sun.tools.javac.api=ALL-UNNAMED --add-exports=jdk.compiler/com.sun.tools.javac.util=ALL-UNNAMED --add-opens=java.base/java.nio.charset=ALL-UNNAMED --add-opens=java.base/java.net=ALL-UNNAMED --add-opens=java.base/java.util.concurrent.atomic=ALL-UNNAMED -Xmx768m -Dfile.encoding=UTF-8 -Duser.country=US -Duser.language=en -Duser.variant -javaagent:C:\Users\gyral\.gradle\wrapper\dists\gradle-8.9-bin\90cnw93cvbtalezasaz0blq0a\gradle-8.9\lib\agents\gradle-instrumentation-agent-8.9.jar org.gradle.launcher.daemon.bootstrap.GradleDaemon 8.9

Host: Intel(R) Core(TM) i7-10510U CPU @ 1.80GHz, 8 cores, 3G,  Windows 11 , 64 bit Build 26100 (10.0.26100.8328)
Time: Wed May 27 17:55:18 2026 Malay Peninsula Standard Time elapsed time: 17.258607 seconds (0d 0h 0m 17s)

---------------  T H R E A D  ---------------

Current thread (0x00000263296e42c0):  JavaThread "C2 CompilerThread0" daemon [_thread_in_native, id=13452, stack(0x0000008cf2200000,0x0000008cf2300000) (1024K)]


Current CompileTask:
C2:17259 12033   !   4       java.net.URLClassLoader::defineClass (224 bytes)

Stack: [0x0000008cf2200000,0x0000008cf2300000]
Native frames: (J=compiled Java code, j=interpreted, Vv=VM code, C=native code)
V  [jvm.dll+0x6d78a9]
V  [jvm.dll+0x8665b3]
V  [jvm.dll+0x868bde]
V  [jvm.dll+0x8692c3]
V  [jvm.dll+0x280ee6]
V  [jvm.dll+0xc07cd]
V  [jvm.dll+0xc0d03]
V  [jvm.dll+0x3ba091]
V  [jvm.dll+0x385df7]
V  [jvm.dll+0x38526a]
V  [jvm.dll+0x249bd2]
V  [jvm.dll+0x2491a1]
V  [jvm.dll+0x1c76e4]
V  [jvm.dll+0x25891e]
V  [jvm.dll+0x256e66]
V  [jvm.dll+0x3f513e]
V  [jvm.dll+0x80fd28]
V  [jvm.dll+0x6d60fd]
C  [ucrtbase.dll+0x37b0]
C  [KERNEL32.DLL+0x2e957]
C  [ntdll.dll+0x427c]


---------------  P R O C E S S  ---------------

Threads class SMR info:
_java_thread_list=0x00000263313f6c00, length=46, elements={
0x000002631374fe90, 0x000002632955c580, 0x00000263296894a0, 0x0000026329694060,
0x000002632955e670, 0x00000263296bd4f0, 0x00000263296bdf50, 0x00000263296be9b0,
0x00000263296e42c0, 0x0000026329706d80, 0x0000026329a52790, 0x000002632fc60f00,
0x000002632f3a8940, 0x0000026330138da0, 0x000002632fe73f70, 0x000002632fff5720,
0x00000263301011a0, 0x000002632fe745e0, 0x000002633002fe50, 0x000002633002f130,
0x000002633002e410, 0x0000026330031200, 0x0000026330031890, 0x0000026330030b70,
0x000002633002eaa0, 0x00000263300304e0, 0x00000263314eec10, 0x00000263314f1370,
0x00000263314effc0, 0x00000263314ef2a0, 0x00000263314f1a00, 0x00000263314ef930,
0x00000263314f0650, 0x00000263314f0ce0, 0x00000263316fa650, 0x00000263316fb370,
0x00000263316f8c10, 0x00000263316f9fc0, 0x00000263316fba00, 0x00000263316fc720,
0x00000263316f92a0, 0x00000263316fcdb0, 0x00000263316f9930, 0x00000263316fee80,
0x000002633230dd70, 0x00000263323104d0
}

Java Threads: ( => current thread )
  0x000002631374fe90 JavaThread "main"                              [_thread_blocked, id=1428, stack(0x0000008cf1300000,0x0000008cf1400000) (1024K)]
  0x000002632955c580 JavaThread "Common-Cleaner"             daemon [_thread_blocked, id=4664, stack(0x0000008cf1b00000,0x0000008cf1c00000) (1024K)]
  0x00000263296894a0 JavaThread "Reference Handler"          daemon [_thread_blocked, id=15896, stack(0x0000008cf1c00000,0x0000008cf1d00000) (1024K)]
  0x0000026329694060 JavaThread "Finalizer"                  daemon [_thread_blocked, id=2420, stack(0x0000008cf1d00000,0x0000008cf1e00000) (1024K)]
  0x000002632955e670 JavaThread "Signal Dispatcher"          daemon [_thread_blocked, id=7884, stack(0x0000008cf1e00000,0x0000008cf1f00000) (1024K)]
  0x00000263296bd4f0 JavaThread "Attach Listener"            daemon [_thread_blocked, id=18788, stack(0x0000008cf1f00000,0x0000008cf2000000) (1024K)]
  0x00000263296bdf50 JavaThread "Service Thread"             daemon [_thread_blocked, id=8056, stack(0x0000008cf2000000,0x0000008cf2100000) (1024K)]
  0x00000263296be9b0 JavaThread "Monitor Deflation Thread"   daemon [_thread_blocked, id=7652, stack(0x0000008cf2100000,0x0000008cf2200000) (1024K)]
=>0x00000263296e42c0 JavaThread "C2 CompilerThread0"         daemon [_thread_in_native, id=13452, stack(0x0000008cf2200000,0x0000008cf2300000) (1024K)]
  0x0000026329706d80 JavaThread "C1 CompilerThread0"         daemon [_thread_blocked, id=1508, stack(0x0000008cf2300000,0x0000008cf2400000) (1024K)]
  0x0000026329a52790 JavaThread "Notification Thread"        daemon [_thread_blocked, id=7520, stack(0x0000008cf2400000,0x0000008cf2500000) (1024K)]
  0x000002632fc60f00 JavaThread "Daemon health stats"               [_thread_blocked, id=10216, stack(0x0000008cf2500000,0x0000008cf2600000) (1024K)]
  0x000002632f3a8940 JavaThread "Incoming local TCP Connector on port 64232"        [_thread_in_native, id=22072, stack(0x0000008cf2d00000,0x0000008cf2e00000) (1024K)]
  0x0000026330138da0 JavaThread "Daemon periodic checks"            [_thread_blocked, id=5240, stack(0x0000008cf2e00000,0x0000008cf2f00000) (1024K)]
  0x000002632fe73f70 JavaThread "Daemon"                            [_thread_blocked, id=18156, stack(0x0000008cf2f00000,0x0000008cf3000000) (1024K)]
  0x000002632fff5720 JavaThread "Handler for socket connection from /127.0.0.1:64232 to /127.0.0.1:64233"        [_thread_in_native, id=16736, stack(0x0000008cf3000000,0x0000008cf3100000) (1024K)]
  0x00000263301011a0 JavaThread "Cancel handler"                    [_thread_blocked, id=20112, stack(0x0000008cf3100000,0x0000008cf3200000) (1024K)]
  0x000002632fe745e0 JavaThread "Daemon worker"                     [_thread_in_vm, id=4128, stack(0x0000008cf3200000,0x0000008cf3300000) (1024K)]
  0x000002633002fe50 JavaThread "Asynchronous log dispatcher for DefaultDaemonConnection: socket connection from /127.0.0.1:64232 to /127.0.0.1:64233"        [_thread_blocked, id=5060, stack(0x0000008cf3300000,0x0000008cf3400000) (1024K)]
  0x000002633002f130 JavaThread "Stdin handler"                     [_thread_blocked, id=19284, stack(0x0000008cf3400000,0x0000008cf3500000) (1024K)]
  0x000002633002e410 JavaThread "Daemon client event forwarder"        [_thread_blocked, id=6836, stack(0x0000008cf3500000,0x0000008cf3600000) (1024K)]
  0x0000026330031200 JavaThread "Cache worker for journal cache (C:\Users\gyral\.gradle\caches\journal-1)"        [_thread_blocked, id=9192, stack(0x0000008cf3700000,0x0000008cf3800000) (1024K)]
  0x0000026330031890 JavaThread "File lock request listener"        [_thread_in_native, id=4568, stack(0x0000008cf3800000,0x0000008cf3900000) (1024K)]
  0x0000026330030b70 JavaThread "Cache worker for file hash cache (C:\Users\gyral\.gradle\caches\8.9\fileHashes)"        [_thread_blocked, id=20496, stack(0x0000008cf3900000,0x0000008cf3a00000) (1024K)]
  0x000002633002eaa0 JavaThread "Cache worker for file hash cache (C:\Users\gyral\Downloads\IT342-Belen-PantryPulse-main\IT342-Belen-PantryPulse-main\pantrypulse-mobile\.gradle\8.9\fileHashes)"        [_thread_blocked, id=22288, stack(0x0000008cf3a00000,0x0000008cf3b00000) (1024K)]
  0x00000263300304e0 JavaThread "Cache worker for Build Output Cleanup Cache (C:\Users\gyral\Downloads\IT342-Belen-PantryPulse-main\IT342-Belen-PantryPulse-main\pantrypulse-mobile\.gradle\buildOutputCleanup)"        [_thread_blocked, id=19512, stack(0x0000008cf3b00000,0x0000008cf3c00000) (1024K)]
  0x00000263314eec10 JavaThread "File watcher server"        daemon [_thread_in_native, id=18480, stack(0x0000008cf3c00000,0x0000008cf3d00000) (1024K)]
  0x00000263314f1370 JavaThread "File watcher consumer"      daemon [_thread_blocked, id=19736, stack(0x0000008cf3d00000,0x0000008cf3e00000) (1024K)]
  0x00000263314effc0 JavaThread "Cache worker for checksums cache (C:\Users\gyral\Downloads\IT342-Belen-PantryPulse-main\IT342-Belen-PantryPulse-main\pantrypulse-mobile\.gradle\8.9\checksums)"        [_thread_blocked, id=16204, stack(0x0000008cf3e00000,0x0000008cf3f00000) (1024K)]
  0x00000263314ef2a0 JavaThread "Cache worker for file content cache (C:\Users\gyral\.gradle\caches\8.9\fileContent)"        [_thread_blocked, id=16828, stack(0x0000008cf3f00000,0x0000008cf4000000) (1024K)]
  0x00000263314f1a00 JavaThread "Cache worker for cache directory md-rule (C:\Users\gyral\.gradle\caches\8.9\md-rule)"        [_thread_blocked, id=2304, stack(0x0000008cf4000000,0x0000008cf4100000) (1024K)]
  0x00000263314ef930 JavaThread "Cache worker for cache directory md-supplier (C:\Users\gyral\.gradle\caches\8.9\md-supplier)"        [_thread_blocked, id=19924, stack(0x0000008cf4100000,0x0000008cf4200000) (1024K)]
  0x00000263314f0650 JavaThread "jar transforms"                    [_thread_blocked, id=18168, stack(0x0000008cf4200000,0x0000008cf4300000) (1024K)]
  0x00000263314f0ce0 JavaThread "jar transforms Thread 2"           [_thread_blocked, id=6728, stack(0x0000008cf4300000,0x0000008cf4400000) (1024K)]
  0x00000263316fa650 JavaThread "jar transforms Thread 3"           [_thread_blocked, id=15624, stack(0x0000008cf4400000,0x0000008cf4500000) (1024K)]
  0x00000263316fb370 JavaThread "Unconstrained build operations"        [_thread_blocked, id=8776, stack(0x0000008cf4500000,0x0000008cf4600000) (1024K)]
  0x00000263316f8c10 JavaThread "Unconstrained build operations Thread 2"        [_thread_blocked, id=21856, stack(0x0000008cf4600000,0x0000008cf4700000) (1024K)]
  0x00000263316f9fc0 JavaThread "jar transforms Thread 4"           [_thread_blocked, id=20900, stack(0x0000008cf4700000,0x0000008cf4800000) (1024K)]
  0x00000263316fba00 JavaThread "jar transforms Thread 5"           [_thread_blocked, id=10600, stack(0x0000008cf4800000,0x0000008cf4900000) (1024K)]
  0x00000263316fc720 JavaThread "Unconstrained build operations Thread 3"        [_thread_blocked, id=6184, stack(0x0000008cf4900000,0x0000008cf4a00000) (1024K)]
  0x00000263316f92a0 JavaThread "jar transforms Thread 6"           [_thread_blocked, id=2368, stack(0x0000008cf4a00000,0x0000008cf4b00000) (1024K)]
  0x00000263316fcdb0 JavaThread "jar transforms Thread 7"           [_thread_blocked, id=6112, stack(0x0000008cf4b00000,0x0000008cf4c00000) (1024K)]
  0x00000263316f9930 JavaThread "jar transforms Thread 8"           [_thread_blocked, id=14348, stack(0x0000008cf4c00000,0x0000008cf4d00000) (1024K)]
  0x00000263316fee80 JavaThread "Unconstrained build operations Thread 4"        [_thread_blocked, id=15464, stack(0x0000008cf4e00000,0x0000008cf4f00000) (1024K)]
  0x000002633230dd70 JavaThread "Unconstrained build operations Thread 5"        [_thread_blocked, id=10504, stack(0x0000008cf4f00000,0x0000008cf5000000) (1024K)]
  0x00000263323104d0 JavaThread "Unconstrained build operations Thread 6"        [_thread_blocked, id=12220, stack(0x0000008cf5000000,0x0000008cf5100000) (1024K)]
Total: 46

Other Threads:
  0x00000263294dd9e0 VMThread "VM Thread"                           [id=14408, stack(0x0000008cf1a00000,0x0000008cf1b00000) (1024K)]
  0x000002631380ec20 WatcherThread "VM Periodic Task Thread"        [id=1120, stack(0x0000008cf1900000,0x0000008cf1a00000) (1024K)]
  0x00000263137831c0 WorkerThread "GC Thread#0"                     [id=12168, stack(0x0000008cf1400000,0x0000008cf1500000) (1024K)]
  0x000002632e2f0a00 WorkerThread "GC Thread#1"                     [id=18892, stack(0x0000008cf2600000,0x0000008cf2700000) (1024K)]
  0x000002632e121bb0 WorkerThread "GC Thread#2"                     [id=21520, stack(0x0000008cf2700000,0x0000008cf2800000) (1024K)]
  0x000002632eaf56e0 WorkerThread "GC Thread#3"                     [id=12928, stack(0x0000008cf2800000,0x0000008cf2900000) (1024K)]
  0x000002632ee49ad0 WorkerThread "GC Thread#4"                     [id=10204, stack(0x0000008cf2900000,0x0000008cf2a00000) (1024K)]
  0x000002632fc3f2e0 WorkerThread "GC Thread#5"                     [id=15828, stack(0x0000008cf2a00000,0x0000008cf2b00000) (1024K)]
  0x000002632ff80d80 WorkerThread "GC Thread#6"                     [id=6988, stack(0x0000008cf2b00000,0x0000008cf2c00000) (1024K)]
  0x000002632ff81130 WorkerThread "GC Thread#7"                     [id=19792, stack(0x0000008cf2c00000,0x0000008cf2d00000) (1024K)]
  0x0000026313799700 ConcurrentGCThread "G1 Main Marker"            [id=9032, stack(0x0000008cf1500000,0x0000008cf1600000) (1024K)]
  0x000002631379b770 WorkerThread "G1 Conc#0"                       [id=21188, stack(0x0000008cf1600000,0x0000008cf1700000) (1024K)]
  0x000002632ffd01a0 WorkerThread "G1 Conc#1"                       [id=19396, stack(0x0000008cf3600000,0x0000008cf3700000) (1024K)]
  0x000002631380a330 ConcurrentGCThread "G1 Refine#0"               [id=15832, stack(0x0000008cf1700000,0x0000008cf1800000) (1024K)]
  0x000002631380ac60 ConcurrentGCThread "G1 Service"                [id=12932, stack(0x0000008cf1800000,0x0000008cf1900000) (1024K)]
Total: 15

Threads with active compile tasks:
C2 CompilerThread0  17288 12033   !   4       java.net.URLClassLoader::defineClass (224 bytes)
Total: 1

VM state: not at safepoint (normal execution)

VM Mutex/Monitor currently owned by a thread: None

Heap address: 0x00000000d0000000, size: 768 MB, Compressed Oops mode: 32-bit

CDS archive(s) not mapped
Compressed class space mapped at: 0x0000000100000000-0x000000011a000000, reserved size: 436207616
Narrow klass base: 0x0000000000000000, Narrow klass shift: 3, Narrow klass range: 0x11a000000

GC Precious Log:
 CardTable entry size: 512
 Card Set container configuration: InlinePtr #cards 5 size 8 Array Of Cards #cards 12 size 40 Howl #buckets 4 coarsen threshold 1843 Howl Bitmap #cards 512 size 80 coarsen threshold 460 Card regions per heap region 1 cards per card region 2048
 CPUs: 8 total, 8 available
 Memory: 3902M
 Large Page Support: Disabled
 NUMA Support: Disabled
 Compressed Oops: Enabled (32-bit)
 Heap Region Size: 1M
 Heap Min Capacity: 8M
 Heap Initial Capacity: 62M
 Heap Max Capacity: 768M
 Pre-touch: Disabled
 Parallel Workers: 8
 Concurrent Workers: 2
 Concurrent Refinement Workers: 8
 Periodic GC: Disabled

Heap:
 garbage-first heap   total 211968K, used 144915K [0x00000000d0000000, 0x0000000100000000)
  region size 1024K, 25 young (25600K), 6 survivors (6144K)
 Metaspace       used 129914K, committed 131968K, reserved 557056K
  class space    used 17293K, committed 18304K, reserved 425984K

Heap Regions: E=young(eden), S=young(survivor), O=old, HS=humongous(starts), HC=humongous(continues), CS=collection set, F=free, TAMS=top-at-mark-start, PB=parsable bottom
|   0|0x00000000d0000000, 0x00000000d0100000, 0x00000000d0100000|100%|HS|  |TAMS 0x00000000d0000000| PB 0x00000000d0000000| Complete 
|   1|0x00000000d0100000, 0x00000000d0200000, 0x00000000d0200000|100%|HC|  |TAMS 0x00000000d0100000| PB 0x00000000d0100000| Complete 
|   2|0x00000000d0200000, 0x00000000d0300000, 0x00000000d0300000|100%|HC|  |TAMS 0x00000000d0200000| PB 0x00000000d0200000| Complete 
|   3|0x00000000d0300000, 0x00000000d0400000, 0x00000000d0400000|100%|HC|  |TAMS 0x00000000d0300000| PB 0x00000000d0300000| Complete 
|   4|0x00000000d0400000, 0x00000000d0500000, 0x00000000d0500000|100%| O|  |TAMS 0x00000000d0400000| PB 0x00000000d0400000| Untracked 
|   5|0x00000000d0500000, 0x00000000d0600000, 0x00000000d0600000|100%| O|  |TAMS 0x00000000d0500000| PB 0x00000000d0500000| Untracked 
|   6|0x00000000d0600000, 0x00000000d0700000, 0x00000000d0700000|100%| O|  |TAMS 0x00000000d0600000| PB 0x00000000d0600000| Untracked 
|   7|0x00000000d0700000, 0x00000000d0800000, 0x00000000d0800000|100%| O|  |TAMS 0x00000000d0700000| PB 0x00000000d0700000| Untracked 
|   8|0x00000000d0800000, 0x00000000d0900000, 0x00000000d0900000|100%| O|  |TAMS 0x00000000d0800000| PB 0x00000000d0800000| Untracked 
|   9|0x00000000d0900000, 0x00000000d0a00000, 0x00000000d0a00000|100%| O|  |TAMS 0x00000000d0900000| PB 0x00000000d0900000| Untracked 
|  10|0x00000000d0a00000, 0x00000000d0b00000, 0x00000000d0b00000|100%| O|  |TAMS 0x00000000d0a00000| PB 0x00000000d0a00000| Untracked 
|  11|0x00000000d0b00000, 0x00000000d0c00000, 0x00000000d0c00000|100%| O|  |TAMS 0x00000000d0b00000| PB 0x00000000d0b00000| Untracked 
|  12|0x00000000d0c00000, 0x00000000d0d00000, 0x00000000d0d00000|100%|HS|  |TAMS 0x00000000d0c00000| PB 0x00000000d0c00000| Complete 
|  13|0x00000000d0d00000, 0x00000000d0e00000, 0x00000000d0e00000|100%| O|  |TAMS 0x00000000d0d00000| PB 0x00000000d0d00000| Untracked 
|  14|0x00000000d0e00000, 0x00000000d0f00000, 0x00000000d0f00000|100%| O|  |TAMS 0x00000000d0e00000| PB 0x00000000d0e00000| Untracked 
|  15|0x00000000d0f00000, 0x00000000d1000000, 0x00000000d1000000|100%| O|  |TAMS 0x00000000d0f00000| PB 0x00000000d0f00000| Untracked 
|  16|0x00000000d1000000, 0x00000000d1100000, 0x00000000d1100000|100%| O|  |TAMS 0x00000000d1000000| PB 0x00000000d1000000| Untracked 
|  17|0x00000000d1100000, 0x00000000d1200000, 0x00000000d1200000|100%| O|  |TAMS 0x00000000d1100000| PB 0x00000000d1100000| Untracked 
|  18|0x00000000d1200000, 0x00000000d1300000, 0x00000000d1300000|100%| O|  |TAMS 0x00000000d1200000| PB 0x00000000d1200000| Untracked 
|  19|0x00000000d1300000, 0x00000000d1400000, 0x00000000d1400000|100%| O|  |TAMS 0x00000000d1300000| PB 0x00000000d1300000| Untracked 
|  20|0x00000000d1400000, 0x00000000d1500000, 0x00000000d1500000|100%| O|  |TAMS 0x00000000d1400000| PB 0x00000000d1400000| Untracked 
|  21|0x00000000d1500000, 0x00000000d1600000, 0x00000000d1600000|100%| O|  |TAMS 0x00000000d1500000| PB 0x00000000d1500000| Untracked 
|  22|0x00000000d1600000, 0x00000000d1700000, 0x00000000d1700000|100%| O|  |TAMS 0x00000000d1600000| PB 0x00000000d1600000| Untracked 
|  23|0x00000000d1700000, 0x00000000d1800000, 0x00000000d1800000|100%| O|  |TAMS 0x00000000d1700000| PB 0x00000000d1700000| Untracked 
|  24|0x00000000d1800000, 0x00000000d1900000, 0x00000000d1900000|100%| O|  |TAMS 0x00000000d1800000| PB 0x00000000d1800000| Untracked 
|  25|0x00000000d1900000, 0x00000000d1a00000, 0x00000000d1a00000|100%| O|  |TAMS 0x00000000d1900000| PB 0x00000000d1900000| Untracked 
|  26|0x00000000d1a00000, 0x00000000d1b00000, 0x00000000d1b00000|100%| O|  |TAMS 0x00000000d1a00000| PB 0x00000000d1a00000| Untracked 
|  27|0x00000000d1b00000, 0x00000000d1c00000, 0x00000000d1c00000|100%| O|  |TAMS 0x00000000d1b00000| PB 0x00000000d1b00000| Untracked 
|  28|0x00000000d1c00000, 0x00000000d1d00000, 0x00000000d1d00000|100%| O|  |TAMS 0x00000000d1c00000| PB 0x00000000d1c00000| Untracked 
|  29|0x00000000d1d00000, 0x00000000d1e00000, 0x00000000d1e00000|100%| O|  |TAMS 0x00000000d1d00000| PB 0x00000000d1d00000| Untracked 
|  30|0x00000000d1e00000, 0x00000000d1f00000, 0x00000000d1f00000|100%| O|  |TAMS 0x00000000d1e00000| PB 0x00000000d1e00000| Untracked 
|  31|0x00000000d1f00000, 0x00000000d2000000, 0x00000000d2000000|100%| O|  |TAMS 0x00000000d1f00000| PB 0x00000000d1f00000| Untracked 
|  32|0x00000000d2000000, 0x00000000d2100000, 0x00000000d2100000|100%| O|  |TAMS 0x00000000d2000000| PB 0x00000000d2000000| Untracked 
|  33|0x00000000d2100000, 0x00000000d2200000, 0x00000000d2200000|100%|HS|  |TAMS 0x00000000d2100000| PB 0x00000000d2100000| Complete 
|  34|0x00000000d2200000, 0x00000000d2300000, 0x00000000d2300000|100%|HC|  |TAMS 0x00000000d2200000| PB 0x00000000d2200000| Complete 
|  35|0x00000000d2300000, 0x00000000d2400000, 0x00000000d2400000|100%| O|  |TAMS 0x00000000d2300000| PB 0x00000000d2300000| Untracked 
|  36|0x00000000d2400000, 0x00000000d2500000, 0x00000000d2500000|100%| O|  |TAMS 0x00000000d2400000| PB 0x00000000d2400000| Untracked 
|  37|0x00000000d2500000, 0x00000000d2600000, 0x00000000d2600000|100%| O|  |TAMS 0x00000000d2500000| PB 0x00000000d2500000| Untracked 
|  38|0x00000000d2600000, 0x00000000d2700000, 0x00000000d2700000|100%| O|  |TAMS 0x00000000d2600000| PB 0x00000000d2600000| Untracked 
|  39|0x00000000d2700000, 0x00000000d2800000, 0x00000000d2800000|100%| O|  |TAMS 0x00000000d2700000| PB 0x00000000d2700000| Untracked 
|  40|0x00000000d2800000, 0x00000000d2900000, 0x00000000d2900000|100%| O|  |TAMS 0x00000000d2800000| PB 0x00000000d2800000| Untracked 
|  41|0x00000000d2900000, 0x00000000d2a00000, 0x00000000d2a00000|100%| O|  |TAMS 0x00000000d2900000| PB 0x00000000d2900000| Untracked 
|  42|0x00000000d2a00000, 0x00000000d2b00000, 0x00000000d2b00000|100%| O|  |TAMS 0x00000000d2a00000| PB 0x00000000d2a00000| Untracked 
|  43|0x00000000d2b00000, 0x00000000d2c00000, 0x00000000d2c00000|100%| O|  |TAMS 0x00000000d2b00000| PB 0x00000000d2b00000| Untracked 
|  44|0x00000000d2c00000, 0x00000000d2d00000, 0x00000000d2d00000|100%| O|  |TAMS 0x00000000d2c00000| PB 0x00000000d2c00000| Untracked 
|  45|0x00000000d2d00000, 0x00000000d2e00000, 0x00000000d2e00000|100%| O|  |TAMS 0x00000000d2d00000| PB 0x00000000d2d00000| Untracked 
|  46|0x00000000d2e00000, 0x00000000d2f00000, 0x00000000d2f00000|100%| O|  |TAMS 0x00000000d2e00000| PB 0x00000000d2e00000| Untracked 
|  47|0x00000000d2f00000, 0x00000000d3000000, 0x00000000d3000000|100%| O|  |TAMS 0x00000000d2f00000| PB 0x00000000d2f00000| Untracked 
|  48|0x00000000d3000000, 0x00000000d3100000, 0x00000000d3100000|100%| O|  |TAMS 0x00000000d3000000| PB 0x00000000d3000000| Untracked 
|  49|0x00000000d3100000, 0x00000000d3200000, 0x00000000d3200000|100%| O|  |TAMS 0x00000000d3100000| PB 0x00000000d3100000| Untracked 
|  50|0x00000000d3200000, 0x00000000d3300000, 0x00000000d3300000|100%| O|  |TAMS 0x00000000d3200000| PB 0x00000000d3200000| Untracked 
|  51|0x00000000d3300000, 0x00000000d3400000, 0x00000000d3400000|100%| O|  |TAMS 0x00000000d3300000| PB 0x00000000d3300000| Untracked 
|  52|0x00000000d3400000, 0x00000000d3500000, 0x00000000d3500000|100%| O|  |TAMS 0x00000000d3400000| PB 0x00000000d3400000| Untracked 
|  53|0x00000000d3500000, 0x00000000d3600000, 0x00000000d3600000|100%| O|  |TAMS 0x00000000d3500000| PB 0x00000000d3500000| Untracked 
|  54|0x00000000d3600000, 0x00000000d3700000, 0x00000000d3700000|100%| O|  |TAMS 0x00000000d3600000| PB 0x00000000d3600000| Untracked 
|  55|0x00000000d3700000, 0x00000000d3800000, 0x00000000d3800000|100%| O|  |TAMS 0x00000000d3700000| PB 0x00000000d3700000| Untracked 
|  56|0x00000000d3800000, 0x00000000d3900000, 0x00000000d3900000|100%| O|  |TAMS 0x00000000d3800000| PB 0x00000000d3800000| Untracked 
|  57|0x00000000d3900000, 0x00000000d3a00000, 0x00000000d3a00000|100%| O|  |TAMS 0x00000000d3900000| PB 0x00000000d3900000| Untracked 
|  58|0x00000000d3a00000, 0x00000000d3b00000, 0x00000000d3b00000|100%| O|  |TAMS 0x00000000d3a00000| PB 0x00000000d3a00000| Untracked 
|  59|0x00000000d3b00000, 0x00000000d3c00000, 0x00000000d3c00000|100%| O|  |TAMS 0x00000000d3b00000| PB 0x00000000d3b00000| Untracked 
|  60|0x00000000d3c00000, 0x00000000d3d00000, 0x00000000d3d00000|100%| O|  |TAMS 0x00000000d3c00000| PB 0x00000000d3c00000| Untracked 
|  61|0x00000000d3d00000, 0x00000000d3e00000, 0x00000000d3e00000|100%| O|  |TAMS 0x00000000d3d00000| PB 0x00000000d3d00000| Untracked 
|  62|0x00000000d3e00000, 0x00000000d3f00000, 0x00000000d3f00000|100%| O|  |TAMS 0x00000000d3e00000| PB 0x00000000d3e00000| Untracked 
|  63|0x00000000d3f00000, 0x00000000d4000000, 0x00000000d4000000|100%| O|  |TAMS 0x00000000d3f00000| PB 0x00000000d3f00000| Untracked 
|  64|0x00000000d4000000, 0x00000000d4100000, 0x00000000d4100000|100%| O|  |TAMS 0x00000000d4000000| PB 0x00000000d4000000| Untracked 
|  65|0x00000000d4100000, 0x00000000d4200000, 0x00000000d4200000|100%| O|  |TAMS 0x00000000d4100000| PB 0x00000000d4100000| Untracked 
|  66|0x00000000d4200000, 0x00000000d4300000, 0x00000000d4300000|100%| O|  |TAMS 0x00000000d4200000| PB 0x00000000d4200000| Untracked 
|  67|0x00000000d4300000, 0x00000000d4400000, 0x00000000d4400000|100%| O|  |TAMS 0x00000000d4300000| PB 0x00000000d4300000| Untracked 
|  68|0x00000000d4400000, 0x00000000d4500000, 0x00000000d4500000|100%| O|  |TAMS 0x00000000d4400000| PB 0x00000000d4400000| Untracked 
|  69|0x00000000d4500000, 0x00000000d4600000, 0x00000000d4600000|100%| O|  |TAMS 0x00000000d4500000| PB 0x00000000d4500000| Untracked 
|  70|0x00000000d4600000, 0x00000000d4700000, 0x00000000d4700000|100%| O|  |TAMS 0x00000000d4600000| PB 0x00000000d4600000| Untracked 
|  71|0x00000000d4700000, 0x00000000d4800000, 0x00000000d4800000|100%| O|  |TAMS 0x00000000d4700000| PB 0x00000000d4700000| Untracked 
|  72|0x00000000d4800000, 0x00000000d4900000, 0x00000000d4900000|100%| O|Cm|TAMS 0x00000000d4800000| PB 0x00000000d4800000| Complete 
|  73|0x00000000d4900000, 0x00000000d4a00000, 0x00000000d4a00000|100%| O|  |TAMS 0x00000000d4900000| PB 0x00000000d4900000| Untracked 
|  74|0x00000000d4a00000, 0x00000000d4b00000, 0x00000000d4b00000|100%| O|  |TAMS 0x00000000d4a00000| PB 0x00000000d4a00000| Untracked 
|  75|0x00000000d4b00000, 0x00000000d4c00000, 0x00000000d4c00000|100%| O|Cm|TAMS 0x00000000d4b00000| PB 0x00000000d4b00000| Complete 
|  76|0x00000000d4c00000, 0x00000000d4d00000, 0x00000000d4d00000|100%| O|  |TAMS 0x00000000d4c00000| PB 0x00000000d4c00000| Untracked 
|  77|0x00000000d4d00000, 0x00000000d4e00000, 0x00000000d4e00000|100%| O|  |TAMS 0x00000000d4d00000| PB 0x00000000d4d00000| Untracked 
|  78|0x00000000d4e00000, 0x00000000d4f00000, 0x00000000d4f00000|100%| O|  |TAMS 0x00000000d4e00000| PB 0x00000000d4e00000| Untracked 
|  79|0x00000000d4f00000, 0x00000000d5000000, 0x00000000d5000000|100%|HS|  |TAMS 0x00000000d4f00000| PB 0x00000000d4f00000| Complete 
|  80|0x00000000d5000000, 0x00000000d5100000, 0x00000000d5100000|100%|HC|  |TAMS 0x00000000d5000000| PB 0x00000000d5000000| Complete 
|  81|0x00000000d5100000, 0x00000000d5200000, 0x00000000d5200000|100%|HC|  |TAMS 0x00000000d5100000| PB 0x00000000d5100000| Complete 
|  82|0x00000000d5200000, 0x00000000d5300000, 0x00000000d5300000|100%|HC|  |TAMS 0x00000000d5200000| PB 0x00000000d5200000| Complete 
|  83|0x00000000d5300000, 0x00000000d5400000, 0x00000000d5400000|100%|HC|  |TAMS 0x00000000d5300000| PB 0x00000000d5300000| Complete 
|  84|0x00000000d5400000, 0x00000000d5500000, 0x00000000d5500000|100%|HC|  |TAMS 0x00000000d5400000| PB 0x00000000d5400000| Complete 
|  85|0x00000000d5500000, 0x00000000d5600000, 0x00000000d5600000|100%|HS|  |TAMS 0x00000000d5500000| PB 0x00000000d5500000| Complete 
|  86|0x00000000d5600000, 0x00000000d5700000, 0x00000000d5700000|100%|HS|  |TAMS 0x00000000d5600000| PB 0x00000000d5600000| Complete 
|  87|0x00000000d5700000, 0x00000000d5800000, 0x00000000d5800000|100%|HS|  |TAMS 0x00000000d5700000| PB 0x00000000d5700000| Complete 
|  88|0x00000000d5800000, 0x00000000d5900000, 0x00000000d5900000|100%|HS|  |TAMS 0x00000000d5800000| PB 0x00000000d5800000| Complete 
|  89|0x00000000d5900000, 0x00000000d5a00000, 0x00000000d5a00000|100%|HC|  |TAMS 0x00000000d5900000| PB 0x00000000d5900000| Complete 
|  90|0x00000000d5a00000, 0x00000000d5b00000, 0x00000000d5b00000|100%| O|  |TAMS 0x00000000d5a00000| PB 0x00000000d5a00000| Untracked 
|  91|0x00000000d5b00000, 0x00000000d5c00000, 0x00000000d5c00000|100%|HS|  |TAMS 0x00000000d5b00000| PB 0x00000000d5b00000| Complete 
|  92|0x00000000d5c00000, 0x00000000d5d00000, 0x00000000d5d00000|100%|HC|  |TAMS 0x00000000d5c00000| PB 0x00000000d5c00000| Complete 
|  93|0x00000000d5d00000, 0x00000000d5e00000, 0x00000000d5e00000|100%|HC|  |TAMS 0x00000000d5d00000| PB 0x00000000d5d00000| Complete 
|  94|0x00000000d5e00000, 0x00000000d5f00000, 0x00000000d5f00000|100%|HC|  |TAMS 0x00000000d5e00000| PB 0x00000000d5e00000| Complete 
|  95|0x00000000d5f00000, 0x00000000d6000000, 0x00000000d6000000|100%| O|  |TAMS 0x00000000d5f00000| PB 0x00000000d5f00000| Untracked 
|  96|0x00000000d6000000, 0x00000000d6100000, 0x00000000d6100000|100%| O|  |TAMS 0x00000000d6000000| PB 0x00000000d6000000| Untracked 
|  97|0x00000000d6100000, 0x00000000d6200000, 0x00000000d6200000|100%| O|  |TAMS 0x00000000d6100000| PB 0x00000000d6100000| Untracked 
|  98|0x00000000d6200000, 0x00000000d6300000, 0x00000000d6300000|100%| O|  |TAMS 0x00000000d6200000| PB 0x00000000d6200000| Untracked 
|  99|0x00000000d6300000, 0x00000000d6400000, 0x00000000d6400000|100%| O|  |TAMS 0x00000000d6300000| PB 0x00000000d6300000| Untracked 
| 100|0x00000000d6400000, 0x00000000d6500000, 0x00000000d6500000|100%| O|Cm|TAMS 0x00000000d6400000| PB 0x00000000d6400000| Complete 
| 101|0x00000000d6500000, 0x00000000d6600000, 0x00000000d6600000|100%| O|  |TAMS 0x00000000d6500000| PB 0x00000000d6500000| Untracked 
| 102|0x00000000d6600000, 0x00000000d6700000, 0x00000000d6700000|100%| O|  |TAMS 0x00000000d6600000| PB 0x00000000d6600000| Untracked 
| 103|0x00000000d6700000, 0x00000000d6800000, 0x00000000d6800000|100%| O|  |TAMS 0x00000000d6700000| PB 0x00000000d6700000| Untracked 
| 104|0x00000000d6800000, 0x00000000d6900000, 0x00000000d6900000|100%| O|  |TAMS 0x00000000d6800000| PB 0x00000000d6800000| Untracked 
| 105|0x00000000d6900000, 0x00000000d6a00000, 0x00000000d6a00000|100%| O|  |TAMS 0x00000000d6900000| PB 0x00000000d6900000| Untracked 
| 106|0x00000000d6a00000, 0x00000000d6b00000, 0x00000000d6b00000|100%| O|  |TAMS 0x00000000d6a00000| PB 0x00000000d6a00000| Untracked 
| 107|0x00000000d6b00000, 0x00000000d6c00000, 0x00000000d6c00000|100%| O|  |TAMS 0x00000000d6b00000| PB 0x00000000d6b00000| Untracked 
| 108|0x00000000d6c00000, 0x00000000d6c00000, 0x00000000d6d00000|  0%| F|  |TAMS 0x00000000d6c00000| PB 0x00000000d6c00000| Untracked 
| 109|0x00000000d6d00000, 0x00000000d6d00000, 0x00000000d6e00000|  0%| F|  |TAMS 0x00000000d6d00000| PB 0x00000000d6d00000| Untracked 
| 110|0x00000000d6e00000, 0x00000000d6e00000, 0x00000000d6f00000|  0%| F|  |TAMS 0x00000000d6e00000| PB 0x00000000d6e00000| Untracked 
| 111|0x00000000d6f00000, 0x00000000d6f84d80, 0x00000000d7000000| 51%| S|CS|TAMS 0x00000000d6f00000| PB 0x00000000d6f00000| Complete 
| 112|0x00000000d7000000, 0x00000000d7100000, 0x00000000d7100000|100%| S|CS|TAMS 0x00000000d7000000| PB 0x00000000d7000000| Complete 
| 113|0x00000000d7100000, 0x00000000d7200000, 0x00000000d7200000|100%| S|CS|TAMS 0x00000000d7100000| PB 0x00000000d7100000| Complete 
| 114|0x00000000d7200000, 0x00000000d7300000, 0x00000000d7300000|100%| S|CS|TAMS 0x00000000d7200000| PB 0x00000000d7200000| Complete 
| 115|0x00000000d7300000, 0x00000000d7400000, 0x00000000d7400000|100%| S|CS|TAMS 0x00000000d7300000| PB 0x00000000d7300000| Complete 
| 116|0x00000000d7400000, 0x00000000d7400000, 0x00000000d7500000|  0%| F|  |TAMS 0x00000000d7400000| PB 0x00000000d7400000| Untracked 
| 117|0x00000000d7500000, 0x00000000d7500000, 0x00000000d7600000|  0%| F|  |TAMS 0x00000000d7500000| PB 0x00000000d7500000| Untracked 
| 118|0x00000000d7600000, 0x00000000d7600000, 0x00000000d7700000|  0%| F|  |TAMS 0x00000000d7600000| PB 0x00000000d7600000| Untracked 
| 119|0x00000000d7700000, 0x00000000d7700000, 0x00000000d7800000|  0%| F|  |TAMS 0x00000000d7700000| PB 0x00000000d7700000| Untracked 
| 120|0x00000000d7800000, 0x00000000d7800000, 0x00000000d7900000|  0%| F|  |TAMS 0x00000000d7800000| PB 0x00000000d7800000| Untracked 
| 121|0x00000000d7900000, 0x00000000d7900000, 0x00000000d7a00000|  0%| F|  |TAMS 0x00000000d7900000| PB 0x00000000d7900000| Untracked 
| 122|0x00000000d7a00000, 0x00000000d7a00000, 0x00000000d7b00000|  0%| F|  |TAMS 0x00000000d7a00000| PB 0x00000000d7a00000| Untracked 
| 123|0x00000000d7b00000, 0x00000000d7b00000, 0x00000000d7c00000|  0%| F|  |TAMS 0x00000000d7b00000| PB 0x00000000d7b00000| Untracked 
| 124|0x00000000d7c00000, 0x00000000d7d00000, 0x00000000d7d00000|100%| S|CS|TAMS 0x00000000d7c00000| PB 0x00000000d7c00000| Complete 
| 125|0x00000000d7d00000, 0x00000000d7d00000, 0x00000000d7e00000|  0%| F|  |TAMS 0x00000000d7d00000| PB 0x00000000d7d00000| Untracked 
| 126|0x00000000d7e00000, 0x00000000d7e00000, 0x00000000d7f00000|  0%| F|  |TAMS 0x00000000d7e00000| PB 0x00000000d7e00000| Untracked 
| 127|0x00000000d7f00000, 0x00000000d7f00000, 0x00000000d8000000|  0%| F|  |TAMS 0x00000000d7f00000| PB 0x00000000d7f00000| Untracked 
| 128|0x00000000d8000000, 0x00000000d8000000, 0x00000000d8100000|  0%| F|  |TAMS 0x00000000d8000000| PB 0x00000000d8000000| Untracked 
| 129|0x00000000d8100000, 0x00000000d8100000, 0x00000000d8200000|  0%| F|  |TAMS 0x00000000d8100000| PB 0x00000000d8100000| Untracked 
| 130|0x00000000d8200000, 0x00000000d8200000, 0x00000000d8300000|  0%| F|  |TAMS 0x00000000d8200000| PB 0x00000000d8200000| Untracked 
| 131|0x00000000d8300000, 0x00000000d8300000, 0x00000000d8400000|  0%| F|  |TAMS 0x00000000d8300000| PB 0x00000000d8300000| Untracked 
| 132|0x00000000d8400000, 0x00000000d8400000, 0x00000000d8500000|  0%| F|  |TAMS 0x00000000d8400000| PB 0x00000000d8400000| Untracked 
| 133|0x00000000d8500000, 0x00000000d8500000, 0x00000000d8600000|  0%| F|  |TAMS 0x00000000d8500000| PB 0x00000000d8500000| Untracked 
| 134|0x00000000d8600000, 0x00000000d8600000, 0x00000000d8700000|  0%| F|  |TAMS 0x00000000d8600000| PB 0x00000000d8600000| Untracked 
| 135|0x00000000d8700000, 0x00000000d8700000, 0x00000000d8800000|  0%| F|  |TAMS 0x00000000d8700000| PB 0x00000000d8700000| Untracked 
| 136|0x00000000d8800000, 0x00000000d8800000, 0x00000000d8900000|  0%| F|  |TAMS 0x00000000d8800000| PB 0x00000000d8800000| Untracked 
| 137|0x00000000d8900000, 0x00000000d8900000, 0x00000000d8a00000|  0%| F|  |TAMS 0x00000000d8900000| PB 0x00000000d8900000| Untracked 
| 138|0x00000000d8a00000, 0x00000000d8a00000, 0x00000000d8b00000|  0%| F|  |TAMS 0x00000000d8a00000| PB 0x00000000d8a00000| Untracked 
| 139|0x00000000d8b00000, 0x00000000d8b00000, 0x00000000d8c00000|  0%| F|  |TAMS 0x00000000d8b00000| PB 0x00000000d8b00000| Untracked 
| 140|0x00000000d8c00000, 0x00000000d8c00000, 0x00000000d8d00000|  0%| F|  |TAMS 0x00000000d8c00000| PB 0x00000000d8c00000| Untracked 
| 141|0x00000000d8d00000, 0x00000000d8d00000, 0x00000000d8e00000|  0%| F|  |TAMS 0x00000000d8d00000| PB 0x00000000d8d00000| Untracked 
| 142|0x00000000d8e00000, 0x00000000d8e00000, 0x00000000d8f00000|  0%| F|  |TAMS 0x00000000d8e00000| PB 0x00000000d8e00000| Untracked 
| 143|0x00000000d8f00000, 0x00000000d8f00000, 0x00000000d9000000|  0%| F|  |TAMS 0x00000000d8f00000| PB 0x00000000d8f00000| Untracked 
| 144|0x00000000d9000000, 0x00000000d9000000, 0x00000000d9100000|  0%| F|  |TAMS 0x00000000d9000000| PB 0x00000000d9000000| Untracked 
| 145|0x00000000d9100000, 0x00000000d9100000, 0x00000000d9200000|  0%| F|  |TAMS 0x00000000d9100000| PB 0x00000000d9100000| Untracked 
| 146|0x00000000d9200000, 0x00000000d9200000, 0x00000000d9300000|  0%| F|  |TAMS 0x00000000d9200000| PB 0x00000000d9200000| Untracked 
| 147|0x00000000d9300000, 0x00000000d9300000, 0x00000000d9400000|  0%| F|  |TAMS 0x00000000d9300000| PB 0x00000000d9300000| Untracked 
| 148|0x00000000d9400000, 0x00000000d9400000, 0x00000000d9500000|  0%| F|  |TAMS 0x00000000d9400000| PB 0x00000000d9400000| Untracked 
| 149|0x00000000d9500000, 0x00000000d9500000, 0x00000000d9600000|  0%| F|  |TAMS 0x00000000d9500000| PB 0x00000000d9500000| Untracked 
| 150|0x00000000d9600000, 0x00000000d9600000, 0x00000000d9700000|  0%| F|  |TAMS 0x00000000d9600000| PB 0x00000000d9600000| Untracked 
| 151|0x00000000d9700000, 0x00000000d9700000, 0x00000000d9800000|  0%| F|  |TAMS 0x00000000d9700000| PB 0x00000000d9700000| Untracked 
| 152|0x00000000d9800000, 0x00000000d9800000, 0x00000000d9900000|  0%| F|  |TAMS 0x00000000d9800000| PB 0x00000000d9800000| Untracked 
| 153|0x00000000d9900000, 0x00000000d9900000, 0x00000000d9a00000|  0%| F|  |TAMS 0x00000000d9900000| PB 0x00000000d9900000| Untracked 
| 154|0x00000000d9a00000, 0x00000000d9a00000, 0x00000000d9b00000|  0%| F|  |TAMS 0x00000000d9a00000| PB 0x00000000d9a00000| Untracked 
| 155|0x00000000d9b00000, 0x00000000d9b00000, 0x00000000d9c00000|  0%| F|  |TAMS 0x00000000d9b00000| PB 0x00000000d9b00000| Untracked 
| 156|0x00000000d9c00000, 0x00000000d9c00000, 0x00000000d9d00000|  0%| F|  |TAMS 0x00000000d9c00000| PB 0x00000000d9c00000| Untracked 
| 157|0x00000000d9d00000, 0x00000000d9d00000, 0x00000000d9e00000|  0%| F|  |TAMS 0x00000000d9d00000| PB 0x00000000d9d00000| Untracked 
| 158|0x00000000d9e00000, 0x00000000d9e00000, 0x00000000d9f00000|  0%| F|  |TAMS 0x00000000d9e00000| PB 0x00000000d9e00000| Untracked 
| 159|0x00000000d9f00000, 0x00000000d9f00000, 0x00000000da000000|  0%| F|  |TAMS 0x00000000d9f00000| PB 0x00000000d9f00000| Untracked 
| 160|0x00000000da000000, 0x00000000da000000, 0x00000000da100000|  0%| F|  |TAMS 0x00000000da000000| PB 0x00000000da000000| Untracked 
| 161|0x00000000da100000, 0x00000000da100000, 0x00000000da200000|  0%| F|  |TAMS 0x00000000da100000| PB 0x00000000da100000| Untracked 
| 162|0x00000000da200000, 0x00000000da200000, 0x00000000da300000|  0%| F|  |TAMS 0x00000000da200000| PB 0x00000000da200000| Untracked 
| 163|0x00000000da300000, 0x00000000da300000, 0x00000000da400000|  0%| F|  |TAMS 0x00000000da300000| PB 0x00000000da300000| Untracked 
| 164|0x00000000da400000, 0x00000000da400000, 0x00000000da500000|  0%| F|  |TAMS 0x00000000da400000| PB 0x00000000da400000| Untracked 
| 165|0x00000000da500000, 0x00000000da500000, 0x00000000da600000|  0%| F|  |TAMS 0x00000000da500000| PB 0x00000000da500000| Untracked 
| 166|0x00000000da600000, 0x00000000da600000, 0x00000000da700000|  0%| F|  |TAMS 0x00000000da600000| PB 0x00000000da600000| Untracked 
| 167|0x00000000da700000, 0x00000000da700000, 0x00000000da800000|  0%| F|  |TAMS 0x00000000da700000| PB 0x00000000da700000| Untracked 
| 168|0x00000000da800000, 0x00000000da800000, 0x00000000da900000|  0%| F|  |TAMS 0x00000000da800000| PB 0x00000000da800000| Untracked 
| 169|0x00000000da900000, 0x00000000da900000, 0x00000000daa00000|  0%| F|  |TAMS 0x00000000da900000| PB 0x00000000da900000| Untracked 
| 170|0x00000000daa00000, 0x00000000daa00000, 0x00000000dab00000|  0%| F|  |TAMS 0x00000000daa00000| PB 0x00000000daa00000| Untracked 
| 171|0x00000000dab00000, 0x00000000dab00000, 0x00000000dac00000|  0%| F|  |TAMS 0x00000000dab00000| PB 0x00000000dab00000| Untracked 
| 172|0x00000000dac00000, 0x00000000dac00000, 0x00000000dad00000|  0%| F|  |TAMS 0x00000000dac00000| PB 0x00000000dac00000| Untracked 
| 173|0x00000000dad00000, 0x00000000dae00000, 0x00000000dae00000|100%| E|CS|TAMS 0x00000000dad00000| PB 0x00000000dad00000| Complete 
| 174|0x00000000dae00000, 0x00000000daf00000, 0x00000000daf00000|100%| E|CS|TAMS 0x00000000dae00000| PB 0x00000000dae00000| Complete 
| 175|0x00000000daf00000, 0x00000000db000000, 0x00000000db000000|100%| E|CS|TAMS 0x00000000daf00000| PB 0x00000000daf00000| Complete 
| 176|0x00000000db000000, 0x00000000db100000, 0x00000000db100000|100%| E|CS|TAMS 0x00000000db000000| PB 0x00000000db000000| Complete 
| 177|0x00000000db100000, 0x00000000db100000, 0x00000000db200000|  0%| F|  |TAMS 0x00000000db100000| PB 0x00000000db100000| Untracked 
| 178|0x00000000db200000, 0x00000000db200000, 0x00000000db300000|  0%| F|  |TAMS 0x00000000db200000| PB 0x00000000db200000| Untracked 
| 179|0x00000000db300000, 0x00000000db300000, 0x00000000db400000|  0%| F|  |TAMS 0x00000000db300000| PB 0x00000000db300000| Untracked 
| 180|0x00000000db400000, 0x00000000db400000, 0x00000000db500000|  0%| F|  |TAMS 0x00000000db400000| PB 0x00000000db400000| Untracked 
| 181|0x00000000db500000, 0x00000000db500000, 0x00000000db600000|  0%| F|  |TAMS 0x00000000db500000| PB 0x00000000db500000| Untracked 
| 182|0x00000000db600000, 0x00000000db700000, 0x00000000db700000|100%| E|  |TAMS 0x00000000db600000| PB 0x00000000db600000| Complete 
| 183|0x00000000db700000, 0x00000000db800000, 0x00000000db800000|100%| E|CS|TAMS 0x00000000db700000| PB 0x00000000db700000| Complete 
| 184|0x00000000db800000, 0x00000000db900000, 0x00000000db900000|100%| E|CS|TAMS 0x00000000db800000| PB 0x00000000db800000| Complete 
| 185|0x00000000db900000, 0x00000000dba00000, 0x00000000dba00000|100%| E|CS|TAMS 0x00000000db900000| PB 0x00000000db900000| Complete 
| 186|0x00000000dba00000, 0x00000000dbb00000, 0x00000000dbb00000|100%| E|CS|TAMS 0x00000000dba00000| PB 0x00000000dba00000| Complete 
| 187|0x00000000dbb00000, 0x00000000dbc00000, 0x00000000dbc00000|100%| E|CS|TAMS 0x00000000dbb00000| PB 0x00000000dbb00000| Complete 
| 188|0x00000000dbc00000, 0x00000000dbd00000, 0x00000000dbd00000|100%| E|CS|TAMS 0x00000000dbc00000| PB 0x00000000dbc00000| Complete 
| 189|0x00000000dbd00000, 0x00000000dbe00000, 0x00000000dbe00000|100%| E|CS|TAMS 0x00000000dbd00000| PB 0x00000000dbd00000| Complete 
| 190|0x00000000dbe00000, 0x00000000dbf00000, 0x00000000dbf00000|100%| E|CS|TAMS 0x00000000dbe00000| PB 0x00000000dbe00000| Complete 
| 191|0x00000000dbf00000, 0x00000000dc000000, 0x00000000dc000000|100%| E|CS|TAMS 0x00000000dbf00000| PB 0x00000000dbf00000| Complete 
| 192|0x00000000dc000000, 0x00000000dc100000, 0x00000000dc100000|100%| E|CS|TAMS 0x00000000dc000000| PB 0x00000000dc000000| Complete 
| 193|0x00000000dc100000, 0x00000000dc200000, 0x00000000dc200000|100%| E|CS|TAMS 0x00000000dc100000| PB 0x00000000dc100000| Complete 
| 194|0x00000000dc200000, 0x00000000dc300000, 0x00000000dc300000|100%| E|CS|TAMS 0x00000000dc200000| PB 0x00000000dc200000| Complete 
| 756|0x00000000ff400000, 0x00000000ff500000, 0x00000000ff500000|100%| E|CS|TAMS 0x00000000ff400000| PB 0x00000000ff400000| Complete 
| 757|0x00000000ff500000, 0x00000000ff600000, 0x00000000ff600000|100%| E|CS|TAMS 0x00000000ff500000| PB 0x00000000ff500000| Complete 
| 758|0x00000000ff600000, 0x00000000ff700000, 0x00000000ff700000|100%| O|  |TAMS 0x00000000ff600000| PB 0x00000000ff600000| Untracked 
| 759|0x00000000ff700000, 0x00000000ff800000, 0x00000000ff800000|100%| O|  |TAMS 0x00000000ff700000| PB 0x00000000ff700000| Untracked 
| 760|0x00000000ff800000, 0x00000000ff900000, 0x00000000ff900000|100%| O|  |TAMS 0x00000000ff800000| PB 0x00000000ff800000| Untracked 
| 761|0x00000000ff900000, 0x00000000ffa00000, 0x00000000ffa00000|100%| O|  |TAMS 0x00000000ff900000| PB 0x00000000ff900000| Untracked 
| 762|0x00000000ffa00000, 0x00000000ffb00000, 0x00000000ffb00000|100%| O|  |TAMS 0x00000000ffa00000| PB 0x00000000ffa00000| Untracked 
| 763|0x00000000ffb00000, 0x00000000ffc00000, 0x00000000ffc00000|100%| O|  |TAMS 0x00000000ffb00000| PB 0x00000000ffb00000| Untracked 
| 764|0x00000000ffc00000, 0x00000000ffd00000, 0x00000000ffd00000|100%| O|  |TAMS 0x00000000ffc00000| PB 0x00000000ffc00000| Untracked 
| 765|0x00000000ffd00000, 0x00000000ffe00000, 0x00000000ffe00000|100%| O|  |TAMS 0x00000000ffd00000| PB 0x00000000ffd00000| Untracked 
| 766|0x00000000ffe00000, 0x00000000fff00000, 0x00000000fff00000|100%| O|  |TAMS 0x00000000ffe00000| PB 0x00000000ffe00000| Untracked 
| 767|0x00000000fff00000, 0x0000000100000000, 0x0000000100000000|100%| O|  |TAMS 0x00000000fff00000| PB 0x00000000fff00000| Untracked 

Card table byte_map: [0x0000026325d60000,0x0000026325ee0000] _byte_map_base: 0x00000263256e0000

Marking Bits: (CMBitMap*) 0x00000263137837e0
 Bits: [0x0000026325ee0000, 0x0000026326ae0000)

Polling page: 0x00000263115d0000

Metaspace:

Usage:
  Non-class:    109.98 MB used.
      Class:     16.89 MB used.
       Both:    126.87 MB used.

Virtual space:
  Non-class space:      128.00 MB reserved,     111.00 MB ( 87%) committed,  2 nodes.
      Class space:      416.00 MB reserved,      17.88 MB (  4%) committed,  1 nodes.
             Both:      544.00 MB reserved,     128.88 MB ( 24%) committed. 

Chunk freelists:
   Non-Class:  400.00 KB
       Class:  14.05 MB
        Both:  14.44 MB

MaxMetaspaceSize: 512.00 MB
CompressedClassSpaceSize: 416.00 MB
Initial GC threshold: 21.00 MB
Current GC threshold: 211.69 MB
CDS: off
 - commit_granule_bytes: 65536.
 - commit_granule_words: 8192.
 - virtual_space_node_default_size: 8388608.
 - enlarge_chunks_in_place: 1.
 - use_allocation_guard: 0.


Internal statistics:

num_allocs_failed_limit: 6.
num_arena_births: 4006.
num_arena_deaths: 0.
num_vsnodes_births: 3.
num_vsnodes_deaths: 0.
num_space_committed: 2060.
num_space_uncommitted: 0.
num_chunks_returned_to_freelist: 6.
num_chunks_taken_from_freelist: 8959.
num_chunk_merges: 6.
num_chunk_splits: 6397.
num_chunks_enlarged: 4543.
num_inconsistent_stats: 0.

CodeHeap 'non-profiled nmethods': size=120000Kb used=5084Kb max_used=5383Kb free=114915Kb
 bounds [0x000002631e380000, 0x000002631e8d0000, 0x00000263258b0000]
CodeHeap 'profiled nmethods': size=120000Kb used=17958Kb max_used=18188Kb free=102041Kb
 bounds [0x00000263168b0000, 0x0000026317a80000, 0x000002631dde0000]
CodeHeap 'non-nmethods': size=5760Kb used=2832Kb max_used=2855Kb free=2927Kb
 bounds [0x000002631dde0000, 0x000002631e0b0000, 0x000002631e380000]
CodeCache: size=245760Kb, used=25874Kb, max_used=26426Kb, free=219883Kb
 total_blobs=10891, nmethods=9787, adapters=1008, full_count=0
Compilation: enabled, stopped_count=0, restarted_count=0

Compilation events (20 events):
Event: 16.161 Thread 0x0000026329706d80 12082       3       org.jetbrains.kotlin.ir.util.IdSignature$CommonSignature::getShortName (13 bytes)
Event: 16.162 Thread 0x0000026329706d80 nmethod 12082 0x0000026316a5c590 code [0x0000026316a5c740, 0x0000026316a5c8f8]
Event: 16.175 Thread 0x0000026329706d80 12084       3       org.jetbrains.org.objectweb.asm.ByteVector::putUTF8 (144 bytes)
Event: 16.176 Thread 0x0000026329706d80 nmethod 12084 0x00000263171bbc10 code [0x00000263171bbe80, 0x00000263171bc8f8]
Event: 16.177 Thread 0x0000026329706d80 12085       3       org.jetbrains.org.objectweb.asm.SymbolTable::hash (10 bytes)
Event: 16.177 Thread 0x0000026329706d80 nmethod 12085 0x00000263171bb810 code [0x00000263171bb9c0, 0x00000263171bbaf0]
Event: 16.230 Thread 0x0000026329706d80 12086       3       org.jetbrains.kotlin.diagnostics.DiagnosticFactory1::create (10 bytes)
Event: 16.231 Thread 0x0000026329706d80 nmethod 12086 0x000002631713bf10 code [0x000002631713c1c0, 0x000002631713ccf8]
Event: 16.231 Thread 0x0000026329706d80 12087       3       org.jetbrains.kotlin.diagnostics.DiagnosticFactory1::<init> (7 bytes)
Event: 16.231 Thread 0x0000026329706d80 nmethod 12087 0x0000026316da0210 code [0x0000026316da04c0, 0x0000026316da1058]
Event: 16.231 Thread 0x0000026329706d80 12090       3       java.lang.reflect.AccessibleObject::verifyAccess (55 bytes)
Event: 16.232 Thread 0x0000026329706d80 nmethod 12090 0x0000026316f9da10 code [0x0000026316f9dc60, 0x0000026316f9e790]
Event: 16.239 Thread 0x0000026329706d80 12091       3       java.lang.invoke.DelegatingMethodHandle::chooseDelegatingForm (24 bytes)
Event: 16.240 Thread 0x0000026329706d80 nmethod 12091 0x00000263171c3a10 code [0x00000263171c3be0, 0x00000263171c3ee0]
Event: 17.100 Thread 0x0000026329706d80 12092       3       java.lang.invoke.DirectMethodHandle$Holder::invokeStatic (17 bytes)
Event: 17.101 Thread 0x0000026329706d80 nmethod 12092 0x00000263171fcc10 code [0x00000263171fcde0, 0x00000263171fd250]
Event: 17.101 Thread 0x0000026329706d80 12093       3       java.lang.invoke.LambdaForm$MH/0x00000001001d8c00::invoke (32 bytes)
Event: 17.101 Thread 0x0000026329706d80 nmethod 12093 0x00000263174fa990 code [0x00000263174fab60, 0x00000263174fafd8]
Event: 17.101 Thread 0x0000026329706d80 12094       1       javax.management.ObjectName::getCanonicalName (5 bytes)
Event: 17.101 Thread 0x0000026329706d80 nmethod 12094 0x000002631e7a4210 code [0x000002631e7a43a0, 0x000002631e7a4468]

GC Heap History (20 events):
Event: 11.804 GC heap before
{Heap before GC invocations=41 (full 0):
 garbage-first heap   total 142336K, used 112008K [0x00000000d0000000, 0x0000000100000000)
  region size 1024K, 30 young (30720K), 4 survivors (4096K)
 Metaspace       used 86864K, committed 88640K, reserved 557056K
  class space    used 12438K, committed 13248K, reserved 425984K
}
Event: 11.814 GC heap after
{Heap after GC invocations=42 (full 0):
 garbage-first heap   total 142336K, used 87852K [0x00000000d0000000, 0x0000000100000000)
  region size 1024K, 4 young (4096K), 4 survivors (4096K)
 Metaspace       used 86864K, committed 88640K, reserved 557056K
  class space    used 12438K, committed 13248K, reserved 425984K
}
Event: 12.148 GC heap before
{Heap before GC invocations=42 (full 0):
 garbage-first heap   total 142336K, used 120620K [0x00000000d0000000, 0x0000000100000000)
  region size 1024K, 36 young (36864K), 4 survivors (4096K)
 Metaspace       used 90495K, committed 92224K, reserved 557056K
  class space    used 12880K, committed 13696K, reserved 425984K
}
Event: 12.154 GC heap after
{Heap after GC invocations=43 (full 0):
 garbage-first heap   total 142336K, used 90592K [0x00000000d0000000, 0x0000000100000000)
  region size 1024K, 4 young (4096K), 4 survivors (4096K)
 Metaspace       used 90495K, committed 92224K, reserved 557056K
  class space    used 12880K, committed 13696K, reserved 425984K
}
Event: 12.209 GC heap before
{Heap before GC invocations=43 (full 0):
 garbage-first heap   total 142336K, used 95712K [0x00000000d0000000, 0x0000000100000000)
  region size 1024K, 10 young (10240K), 4 survivors (4096K)
 Metaspace       used 91110K, committed 92800K, reserved 557056K
  class space    used 12956K, committed 13760K, reserved 425984K
}
Event: 12.212 GC heap after
{Heap after GC invocations=44 (full 0):
 garbage-first heap   total 142336K, used 91187K [0x00000000d0000000, 0x0000000100000000)
  region size 1024K, 1 young (1024K), 1 survivors (1024K)
 Metaspace       used 91110K, committed 92800K, reserved 557056K
  class space    used 12956K, committed 13760K, reserved 425984K
}
Event: 12.517 GC heap before
{Heap before GC invocations=45 (full 0):
 garbage-first heap   total 174080K, used 140339K [0x00000000d0000000, 0x0000000100000000)
  region size 1024K, 32 young (32768K), 1 survivors (1024K)
 Metaspace       used 92752K, committed 94528K, reserved 557056K
  class space    used 13139K, committed 14016K, reserved 425984K
}
Event: 12.522 GC heap after
{Heap after GC invocations=46 (full 0):
 garbage-first heap   total 174080K, used 111764K [0x00000000d0000000, 0x0000000100000000)
  region size 1024K, 4 young (4096K), 4 survivors (4096K)
 Metaspace       used 92752K, committed 94528K, reserved 557056K
  class space    used 13139K, committed 14016K, reserved 425984K
}
Event: 12.904 GC heap before
{Heap before GC invocations=46 (full 0):
 garbage-first heap   total 174080K, used 151700K [0x00000000d0000000, 0x0000000100000000)
  region size 1024K, 43 young (44032K), 4 survivors (4096K)
 Metaspace       used 97712K, committed 99456K, reserved 557056K
  class space    used 13595K, committed 14464K, reserved 425984K
}
Event: 12.909 GC heap after
{Heap after GC invocations=47 (full 0):
 garbage-first heap   total 174080K, used 113111K [0x00000000d0000000, 0x0000000100000000)
  region size 1024K, 3 young (3072K), 3 survivors (3072K)
 Metaspace       used 97712K, committed 99456K, reserved 557056K
  class space    used 13595K, committed 14464K, reserved 425984K
}
Event: 13.756 GC heap before
{Heap before GC invocations=47 (full 0):
 garbage-first heap   total 174080K, used 154071K [0x00000000d0000000, 0x0000000100000000)
  region size 1024K, 43 young (44032K), 3 survivors (3072K)
 Metaspace       used 102852K, committed 104896K, reserved 557056K
  class space    used 14302K, committed 15296K, reserved 425984K
}
Event: 13.761 GC heap after
{Heap after GC invocations=48 (full 0):
 garbage-first heap   total 174080K, used 115429K [0x00000000d0000000, 0x0000000100000000)
  region size 1024K, 5 young (5120K), 5 survivors (5120K)
 Metaspace       used 102852K, committed 104896K, reserved 557056K
  class space    used 14302K, committed 15296K, reserved 425984K
}
Event: 14.258 GC heap before
{Heap before GC invocations=49 (full 0):
 garbage-first heap   total 193536K, used 158437K [0x00000000d0000000, 0x0000000100000000)
  region size 1024K, 47 young (48128K), 5 survivors (5120K)
 Metaspace       used 109025K, committed 111040K, reserved 557056K
  class space    used 15095K, committed 16064K, reserved 425984K
}
Event: 14.265 GC heap after
{Heap after GC invocations=50 (full 0):
 garbage-first heap   total 193536K, used 117118K [0x00000000d0000000, 0x0000000100000000)
  region size 1024K, 4 young (4096K), 4 survivors (4096K)
 Metaspace       used 109025K, committed 111040K, reserved 557056K
  class space    used 15095K, committed 16064K, reserved 425984K
}
Event: 14.674 GC heap before
{Heap before GC invocations=50 (full 0):
 garbage-first heap   total 193536K, used 178558K [0x00000000d0000000, 0x0000000100000000)
  region size 1024K, 63 young (64512K), 4 survivors (4096K)
 Metaspace       used 111072K, committed 113152K, reserved 557056K
  class space    used 15318K, committed 16320K, reserved 425984K
}
Event: 14.681 GC heap after
{Heap after GC invocations=51 (full 0):
 garbage-first heap   total 193536K, used 121167K [0x00000000d0000000, 0x0000000100000000)
  region size 1024K, 8 young (8192K), 8 survivors (8192K)
 Metaspace       used 111072K, committed 113152K, reserved 557056K
  class space    used 15318K, committed 16320K, reserved 425984K
}
Event: 15.286 GC heap before
{Heap before GC invocations=51 (full 0):
 garbage-first heap   total 193536K, used 177487K [0x00000000d0000000, 0x0000000100000000)
  region size 1024K, 63 young (64512K), 8 survivors (8192K)
 Metaspace       used 118183K, committed 120256K, reserved 557056K
  class space    used 16090K, committed 17088K, reserved 425984K
}
Event: 15.296 GC heap after
{Heap after GC invocations=52 (full 0):
 garbage-first heap   total 193536K, used 124580K [0x00000000d0000000, 0x0000000100000000)
  region size 1024K, 8 young (8192K), 8 survivors (8192K)
 Metaspace       used 118183K, committed 120256K, reserved 557056K
  class space    used 16090K, committed 17088K, reserved 425984K
}
Event: 15.940 GC heap before
{Heap before GC invocations=52 (full 0):
 garbage-first heap   total 193536K, used 178852K [0x00000000d0000000, 0x0000000100000000)
  region size 1024K, 62 young (63488K), 8 survivors (8192K)
 Metaspace       used 127077K, committed 129152K, reserved 557056K
  class space    used 16999K, committed 17984K, reserved 425984K
}
Event: 15.947 GC heap after
{Heap after GC invocations=53 (full 0):
 garbage-first heap   total 193536K, used 126483K [0x00000000d0000000, 0x0000000100000000)
  region size 1024K, 6 young (6144K), 6 survivors (6144K)
 Metaspace       used 127077K, committed 129152K, reserved 557056K
  class space    used 16999K, committed 17984K, reserved 425984K
}

Dll operation events (3 events):
Event: 0.017 Loaded shared library C:\Program Files\Android\Android Studio\jbr\bin\java.dll
Event: 0.021 Loaded shared library C:\Program Files\Android\Android Studio\jbr\bin\zip.dll
Event: 0.693 Loaded shared library C:\Program Files\Android\Android Studio\jbr\bin\verify.dll

Deoptimization events (20 events):
Event: 16.172 Thread 0x000002632fe745e0 Uncommon trap: trap_request=0xffffff45 fr.pc=0x000002631e83a650 relative=0x00000000000006f0
Event: 16.172 Thread 0x000002632fe745e0 Uncommon trap: reason=unstable_if action=reinterpret pc=0x000002631e83a650 method=org.jetbrains.kotlin.protobuf.SmallSortedMap.entrySet()Ljava/util/Set; @ 4 c2
Event: 16.172 Thread 0x000002632fe745e0 DEOPT PACKING pc=0x000002631e83a650 sp=0x0000008cf32f5110
Event: 16.172 Thread 0x000002632fe745e0 DEOPT UNPACKING pc=0x000002631de343a2 sp=0x0000008cf32f4f38 mode 2
Event: 16.172 Thread 0x000002632fe745e0 Uncommon trap: trap_request=0xffffff45 fr.pc=0x000002631e849678 relative=0x0000000000000798
Event: 16.172 Thread 0x000002632fe745e0 Uncommon trap: reason=unstable_if action=reinterpret pc=0x000002631e849678 method=org.jetbrains.kotlin.protobuf.SmallSortedMap.entrySet()Ljava/util/Set; @ 4 c2
Event: 16.172 Thread 0x000002632fe745e0 DEOPT PACKING pc=0x000002631e849678 sp=0x0000008cf32f4f10
Event: 16.172 Thread 0x000002632fe745e0 DEOPT UNPACKING pc=0x000002631de343a2 sp=0x0000008cf32f4e10 mode 2
Event: 16.172 Thread 0x000002632fe745e0 Uncommon trap: trap_request=0xffffff45 fr.pc=0x000002631e84ab7c relative=0x000000000000023c
Event: 16.172 Thread 0x000002632fe745e0 Uncommon trap: reason=unstable_if action=reinterpret pc=0x000002631e84ab7c method=org.jetbrains.kotlin.protobuf.SmallSortedMap.entrySet()Ljava/util/Set; @ 4 c2
Event: 16.172 Thread 0x000002632fe745e0 DEOPT PACKING pc=0x000002631e84ab7c sp=0x0000008cf32f4e30
Event: 16.172 Thread 0x000002632fe745e0 DEOPT UNPACKING pc=0x000002631de343a2 sp=0x0000008cf32f4d90 mode 2
Event: 16.173 Thread 0x000002632fe745e0 Uncommon trap: trap_request=0xffffff45 fr.pc=0x000002631e84a638 relative=0x0000000000000198
Event: 16.173 Thread 0x000002632fe745e0 Uncommon trap: reason=unstable_if action=reinterpret pc=0x000002631e84a638 method=org.jetbrains.kotlin.protobuf.SmallSortedMap.entrySet()Ljava/util/Set; @ 4 c2
Event: 16.173 Thread 0x000002632fe745e0 DEOPT PACKING pc=0x000002631e84a638 sp=0x0000008cf32f4c30
Event: 16.173 Thread 0x000002632fe745e0 DEOPT UNPACKING pc=0x000002631de343a2 sp=0x0000008cf32f4bf0 mode 2
Event: 16.233 Thread 0x000002632fe745e0 Uncommon trap: trap_request=0xffffffc6 fr.pc=0x000002631e7a905c relative=0x000000000000065c
Event: 16.233 Thread 0x000002632fe745e0 Uncommon trap: reason=bimorphic_or_optimized_type_check action=maybe_recompile pc=0x000002631e7a905c method=org.jetbrains.kotlin.protobuf.CodedOutputStream.refreshBuffer()V @ 28 c2
Event: 16.233 Thread 0x000002632fe745e0 DEOPT PACKING pc=0x000002631e7a905c sp=0x0000008cf32f5db0
Event: 16.233 Thread 0x000002632fe745e0 DEOPT UNPACKING pc=0x000002631de343a2 sp=0x0000008cf32f5d28 mode 2

Classes loaded (20 events):
Event: 12.392 Loading class java/util/concurrent/LinkedBlockingDeque$Itr
Event: 12.392 Loading class java/util/concurrent/LinkedBlockingDeque$AbstractItr
Event: 12.392 Loading class java/util/concurrent/LinkedBlockingDeque$AbstractItr done
Event: 12.392 Loading class java/util/concurrent/LinkedBlockingDeque$Itr done
Event: 13.464 Loading class java/text/StringCharacterIterator
Event: 13.476 Loading class java/text/CharacterIterator
Event: 13.480 Loading class java/text/CharacterIterator done
Event: 13.480 Loading class java/text/StringCharacterIterator done
Event: 13.561 Loading class java/io/NotSerializableException
Event: 13.575 Loading class java/io/NotSerializableException done
Event: 13.956 Loading class java/util/AbstractList$RandomAccessSubList
Event: 13.956 Loading class java/util/AbstractList$SubList
Event: 13.956 Loading class java/util/AbstractList$SubList done
Event: 13.957 Loading class java/util/AbstractList$RandomAccessSubList done
Event: 14.097 Loading class java/util/function/IntUnaryOperator
Event: 14.097 Loading class java/util/function/IntUnaryOperator done
Event: 14.132 Loading class java/util/AbstractList$SubList$1
Event: 14.132 Loading class java/util/AbstractList$SubList$1 done
Event: 16.144 Loading class java/util/Vector$Itr
Event: 16.144 Loading class java/util/Vector$Itr done

Classes unloaded (0 events):
No events

Classes redefined (0 events):
No events

Internal exceptions (20 events):
Event: 11.435 Thread 0x000002632fe745e0 Implicit null exception at 0x000002631e6183c4 to 0x000002631e61a538
Event: 12.396 Thread 0x0000026330138da0 Exception <a 'sun/nio/fs/WindowsException'{0x00000000d8e16800}> (0x00000000d8e16800) 
thrown [s\src\hotspot\share\prims\jni.cpp, line 537]
Event: 12.399 Thread 0x0000026330138da0 Exception <a 'sun/nio/fs/WindowsException'{0x00000000d8e270f8}> (0x00000000d8e270f8) 
thrown [s\src\hotspot\share\prims\jni.cpp, line 537]
Event: 12.944 Thread 0x000002632fe745e0 Exception <a 'java/lang/NoSuchMethodError'{0x00000000d9c9f080}: 'java.lang.Object java.lang.invoke.DirectMethodHandle$Holder.newInvokeSpecial(java.lang.Object, java.lang.Object, java.lang.Object, java.lang.Object, java.lang.Object, java.lang.Object, java.lang.Object, java.lang.Object, java.lang.Object, java.lang.Object, java.lang.Object, java.lang.Object, java.lang.Object, java.lang.Object, java.lang.Object, java.lang.Object, java.lang.Object, java.lang.Object, java.lang.Object, java.lang.Object, java.lang
Event: 12.975 Thread 0x000002632fe745e0 Exception <a 'java/lang/NoSuchMethodError'{0x00000000d987ffb0}: 'java.lang.Object java.lang.invoke.DirectMethodHandle$Holder.newInvokeSpecial(java.lang.Object, java.lang.Object, java.lang.Object, java.lang.Object, java.lang.Object, java.lang.Object, java.lang.Object, java.lang.Object, java.lang.Object, java.lang.Object, java.lang.Object, java.lang.Object, java.lang.Object, java.lang.Object, java.lang.Object, java.lang.Object)'> (0x00000000d987ffb0) 
thrown [s\src\hotspot\share\interpreter\linkResolver.cpp,
Event: 12.975 Thread 0x000002632fe745e0 Exception <a 'java/lang/NoSuchMethodError'{0x00000000d9887118}: 'java.lang.Object java.lang.invoke.DirectMethodHandle$Holder.invokeSpecial(java.lang.Object, java.lang.Object, java.lang.Object, java.lang.Object, java.lang.Object, java.lang.Object, java.lang.Object, java.lang.Object, java.lang.Object, java.lang.Object, java.lang.Object, java.lang.Object, java.lang.Object, java.lang.Object, java.lang.Object, java.lang.Object, java.lang.Object)'> (0x00000000d9887118) 
thrown [s\src\hotspot\share\interpreter\li
Event: 12.976 Thread 0x000002632fe745e0 Exception <a 'java/lang/NoSuchMethodError'{0x00000000d988cfa8}: 'java.lang.Object java.lang.invoke.DelegatingMethodHandle$Holder.reinvoke_L(java.lang.Object, java.lang.Object, java.lang.Object, java.lang.Object, java.lang.Object, java.lang.Object, java.lang.Object, java.lang.Object, java.lang.Object, java.lang.Object, java.lang.Object, java.lang.Object, java.lang.Object, java.lang.Object, java.lang.Object, java.lang.Object)'> (0x00000000d988cfa8) 
thrown [s\src\hotspot\share\interpreter\linkResolver.cpp, l
Event: 12.982 Thread 0x000002632fe745e0 Exception <a 'java/lang/NoSuchMethodError'{0x00000000d9742f60}: 'java.lang.Object java.lang.invoke.DirectMethodHandle$Holder.newInvokeSpecial(java.lang.Object, java.lang.Object, java.lang.Object, java.lang.Object, java.lang.Object, java.lang.Object, java.lang.Object, java.lang.Object, java.lang.Object, java.lang.Object, java.lang.Object, java.lang.Object, java.lang.Object, java.lang.Object, java.lang.Object, java.lang.Object, java.lang.Object, java.lang.Object)'> (0x00000000d9742f60) 
thrown [s\src\hotspot
Event: 12.983 Thread 0x000002632fe745e0 Exception <a 'java/lang/NoSuchMethodError'{0x00000000d974a278}: 'java.lang.Object java.lang.invoke.DirectMethodHandle$Holder.invokeSpecial(java.lang.Object, java.lang.Object, java.lang.Object, java.lang.Object, java.lang.Object, java.lang.Object, java.lang.Object, java.lang.Object, java.lang.Object, java.lang.Object, java.lang.Object, java.lang.Object, java.lang.Object, java.lang.Object, java.lang.Object, java.lang.Object, java.lang.Object, java.lang.Object, java.lang.Object)'> (0x00000000d974a278) 
thrown
Event: 12.983 Thread 0x000002632fe745e0 Exception <a 'java/lang/NoSuchMethodError'{0x00000000d97503f0}: 'java.lang.Object java.lang.invoke.DelegatingMethodHandle$Holder.reinvoke_L(java.lang.Object, java.lang.Object, java.lang.Object, java.lang.Object, java.lang.Object, java.lang.Object, java.lang.Object, java.lang.Object, java.lang.Object, java.lang.Object, java.lang.Object, java.lang.Object, java.lang.Object, java.lang.Object, java.lang.Object, java.lang.Object, java.lang.Object, java.lang.Object)'> (0x00000000d97503f0) 
thrown [s\src\hotspot\s
Event: 12.988 Thread 0x000002632fe745e0 Exception <a 'java/lang/NoSuchMethodError'{0x00000000d97e9a40}: 'java.lang.Object java.lang.invoke.DirectMethodHandle$Holder.newInvokeSpecial(java.lang.Object, java.lang.Object, java.lang.Object, java.lang.Object, java.lang.Object, java.lang.Object, java.lang.Object, java.lang.Object, java.lang.Object, java.lang.Object, java.lang.Object, java.lang.Object, java.lang.Object, java.lang.Object, java.lang.Object, java.lang.Object, java.lang.Object, java.lang.Object, java.lang.Object, java.lang.Object, java.lang
Event: 14.764 Thread 0x000002632fe745e0 Implicit null exception at 0x000002631e855e12 to 0x000002631e856330
Event: 14.764 Thread 0x000002632fe745e0 Implicit null exception at 0x000002631e802140 to 0x000002631e802178
Event: 14.949 Thread 0x000002632fe745e0 Implicit null exception at 0x000002631e3afda0 to 0x000002631e3b043c
Event: 15.152 Thread 0x000002632fe745e0 Exception <a 'java/lang/NoSuchMethodError'{0x00000000d8850c20}: 'java.lang.Object java.lang.invoke.DirectMethodHandle$Holder.newInvokeSpecial(java.lang.Object, java.lang.Object, java.lang.Object, int, int, java.lang.Object, java.lang.Object)'> (0x00000000d8850c20) 
thrown [s\src\hotspot\share\interpreter\linkResolver.cpp, line 784]
Event: 16.175 Thread 0x000002632fe745e0 Exception <a 'sun/nio/fs/WindowsException'{0x00000000db872218}> (0x00000000db872218) 
thrown [s\src\hotspot\share\prims\jni.cpp, line 537]
Event: 16.177 Thread 0x000002632fe745e0 Exception <a 'sun/nio/fs/WindowsException'{0x00000000db875a38}> (0x00000000db875a38) 
thrown [s\src\hotspot\share\prims\jni.cpp, line 537]
Event: 16.233 Thread 0x000002632fe745e0 Exception <a 'sun/nio/fs/WindowsException'{0x00000000db772c10}> (0x00000000db772c10) 
thrown [s\src\hotspot\share\prims\jni.cpp, line 537]
Event: 16.233 Thread 0x000002632fe745e0 Exception <a 'sun/nio/fs/WindowsException'{0x00000000db774b18}> (0x00000000db774b18) 
thrown [s\src\hotspot\share\prims\jni.cpp, line 537]
Event: 16.236 Thread 0x000002632fe745e0 Exception <a 'sun/nio/fs/WindowsException'{0x00000000db777040}> (0x00000000db777040) 
thrown [s\src\hotspot\share\prims\jni.cpp, line 537]

ZGC Phase Switch (0 events):
No events

VM Operations (20 events):
Event: 15.243 Executing non-safepoint VM operation: HandshakeAllThreads (Deoptimize)
Event: 15.243 Executing non-safepoint VM operation: HandshakeAllThreads (Deoptimize) done
Event: 15.286 Executing safepoint VM operation: G1CollectForAllocation (G1 Evacuation Pause)
Event: 15.296 Executing safepoint VM operation: G1CollectForAllocation (G1 Evacuation Pause) done
Event: 15.578 Executing non-safepoint VM operation: HandshakeAllThreads (Deoptimize)
Event: 15.578 Executing non-safepoint VM operation: HandshakeAllThreads (Deoptimize) done
Event: 15.579 Executing non-safepoint VM operation: HandshakeAllThreads (Deoptimize)
Event: 15.579 Executing non-safepoint VM operation: HandshakeAllThreads (Deoptimize) done
Event: 15.769 Executing non-safepoint VM operation: HandshakeAllThreads (Deoptimize)
Event: 15.769 Executing non-safepoint VM operation: HandshakeAllThreads (Deoptimize) done
Event: 15.940 Executing safepoint VM operation: G1CollectForAllocation (G1 Evacuation Pause)
Event: 15.947 Executing safepoint VM operation: G1CollectForAllocation (G1 Evacuation Pause) done
Event: 16.025 Executing safepoint VM operation: G1PauseRemark
Event: 16.031 Executing safepoint VM operation: G1PauseRemark done
Event: 16.059 Executing non-safepoint VM operation: HandshakeAllThreads (Deoptimize)
Event: 16.059 Executing non-safepoint VM operation: HandshakeAllThreads (Deoptimize) done
Event: 16.080 Executing safepoint VM operation: G1PauseCleanup
Event: 16.081 Executing safepoint VM operation: G1PauseCleanup done
Event: 17.084 Executing safepoint VM operation: Cleanup
Event: 17.084 Executing safepoint VM operation: Cleanup done

Memory protections (0 events):
No events

Nmethod flushes (20 events):
Event: 16.030 Thread 0x00000263294dd9e0 flushing  nmethod 0x000002631e3c0a10
Event: 16.030 Thread 0x00000263294dd9e0 flushing  nmethod 0x000002631e3c1990
Event: 16.030 Thread 0x00000263294dd9e0 flushing osr nmethod 0x000002631e4a8290
Event: 16.030 Thread 0x00000263294dd9e0 flushing  nmethod 0x000002631e57e210
Event: 16.030 Thread 0x00000263294dd9e0 flushing  nmethod 0x000002631e5b1a10
Event: 16.030 Thread 0x00000263294dd9e0 flushing  nmethod 0x000002631e7c1390
Event: 16.030 Thread 0x00000263294dd9e0 flushing  nmethod 0x000002631e7c4090
Event: 16.030 Thread 0x00000263294dd9e0 flushing  nmethod 0x0000026316a5c590
Event: 16.030 Thread 0x00000263294dd9e0 flushing  nmethod 0x0000026316a60410
Event: 16.030 Thread 0x00000263294dd9e0 flushing  nmethod 0x0000026316a60f90
Event: 16.030 Thread 0x00000263294dd9e0 flushing  nmethod 0x0000026316c2fa90
Event: 16.030 Thread 0x00000263294dd9e0 flushing  nmethod 0x0000026316ce5810
Event: 16.030 Thread 0x00000263294dd9e0 flushing  nmethod 0x0000026316dbeb90
Event: 16.030 Thread 0x00000263294dd9e0 flushing  nmethod 0x0000026316fa7390
Event: 16.030 Thread 0x00000263294dd9e0 flushing  nmethod 0x00000263170ad290
Event: 16.030 Thread 0x00000263294dd9e0 flushing  nmethod 0x0000026317102a10
Event: 16.030 Thread 0x00000263294dd9e0 flushing  nmethod 0x00000263171b5290
Event: 16.030 Thread 0x00000263294dd9e0 flushing  nmethod 0x00000263171b5710
Event: 16.030 Thread 0x00000263294dd9e0 flushing  nmethod 0x000002631724b090
Event: 16.030 Thread 0x00000263294dd9e0 flushing  nmethod 0x000002631744a290

Events (20 events):
Event: 5.249 Thread 0x000002632fe745e0 Thread added: 0x00000263316fa650
Event: 5.737 Thread 0x000002632fe745e0 Thread added: 0x00000263316fb370
Event: 5.800 Thread 0x000002632fe745e0 Thread added: 0x00000263316f8c10
Event: 5.965 Thread 0x000002632fe745e0 Thread added: 0x00000263316f9fc0
Event: 6.019 Thread 0x000002632fe745e0 Thread added: 0x00000263316fba00
Event: 6.053 Thread 0x000002632fe745e0 Thread added: 0x00000263316fc720
Event: 6.076 Thread 0x000002632fe745e0 Thread added: 0x00000263316f92a0
Event: 6.096 Thread 0x000002632fe745e0 Thread added: 0x00000263316fcdb0
Event: 6.108 Thread 0x000002632fe745e0 Thread added: 0x00000263316f9930
Event: 7.119 Thread 0x0000026329706d80 Thread added: 0x00000263307a87c0
Event: 8.458 Thread 0x000002632fe745e0 Thread added: 0x00000263316fee80
Event: 8.535 Thread 0x000002632fe745e0 Thread added: 0x000002633230dd70
Event: 8.789 Thread 0x000002632fe745e0 Thread added: 0x00000263323104d0
Event: 10.222 Thread 0x00000263307a87c0 Thread exited: 0x00000263307a87c0
Event: 13.741 Thread 0x0000026329706d80 Thread added: 0x000002633168df30
Event: 13.895 Thread 0x000002633168df30 Thread exited: 0x000002633168df30
Event: 14.171 Thread 0x0000026329706d80 Thread added: 0x000002633168df30
Event: 14.884 Thread 0x000002633168df30 Thread exited: 0x000002633168df30
Event: 14.899 Thread 0x0000026329706d80 Thread added: 0x0000026331695300
Event: 15.313 Thread 0x0000026331695300 Thread exited: 0x0000026331695300


Dynamic libraries:
0x00007ff79f0b0000 - 0x00007ff79f0ba000 	C:\Program Files\Android\Android Studio\jbr\bin\java.exe
0x00007ffbe0ac0000 - 0x00007ffbe0d27000 	C:\WINDOWS\SYSTEM32\ntdll.dll
0x00007ffbdea30000 - 0x00007ffbdeaf9000 	C:\WINDOWS\System32\KERNEL32.DLL
0x00007ffbdd7a0000 - 0x00007ffbddb97000 	C:\WINDOWS\System32\KERNELBASE.dll
0x00007ffbddc50000 - 0x00007ffbddd9b000 	C:\WINDOWS\System32\ucrtbase.dll
0x00007ffbc84b0000 - 0x00007ffbc84cb000 	C:\Program Files\Android\Android Studio\jbr\bin\VCRUNTIME140.dll
0x00007ffbbce10000 - 0x00007ffbbce28000 	C:\Program Files\Android\Android Studio\jbr\bin\jli.dll
0x00007ffbe0830000 - 0x00007ffbe09f6000 	C:\WINDOWS\System32\USER32.dll
0x00007ffbdde60000 - 0x00007ffbdde87000 	C:\WINDOWS\System32\win32u.dll
0x00007ffbc93e0000 - 0x00007ffbc9672000 	C:\WINDOWS\WinSxS\amd64_microsoft.windows.common-controls_6595b64144ccf1df_6.0.26100.8457_none_3e0b2faee331e92d\COMCTL32.dll
0x00007ffbe0800000 - 0x00007ffbe082b000 	C:\WINDOWS\System32\GDI32.dll
0x00007ffbdf510000 - 0x00007ffbdf5b9000 	C:\WINDOWS\System32\msvcrt.dll
0x00007ffbdd4f0000 - 0x00007ffbdd61c000 	C:\WINDOWS\System32\gdi32full.dll
0x00007ffbddba0000 - 0x00007ffbddc43000 	C:\WINDOWS\System32\msvcp_win.dll
0x00007ffbdf4a0000 - 0x00007ffbdf4d2000 	C:\WINDOWS\System32\IMM32.DLL
0x00007ffbd2670000 - 0x00007ffbd267c000 	C:\Program Files\Android\Android Studio\jbr\bin\vcruntime140_1.dll
0x00007ffb9ed40000 - 0x00007ffb9edcd000 	C:\Program Files\Android\Android Studio\jbr\bin\msvcp140.dll
0x00007ffb39d90000 - 0x00007ffb3aa26000 	C:\Program Files\Android\Android Studio\jbr\bin\server\jvm.dll
0x00007ffbdf320000 - 0x00007ffbdf3d6000 	C:\WINDOWS\System32\ADVAPI32.dll
0x00007ffbdf3e0000 - 0x00007ffbdf487000 	C:\WINDOWS\System32\sechost.dll
0x00007ffbdfbf0000 - 0x00007ffbdfd08000 	C:\WINDOWS\System32\RPCRT4.dll
0x00007ffbdf810000 - 0x00007ffbdf890000 	C:\WINDOWS\System32\WS2_32.dll
0x00007ffbd7b70000 - 0x00007ffbd7b7b000 	C:\WINDOWS\SYSTEM32\VERSION.dll
0x00007ffbc9c90000 - 0x00007ffbc9cc6000 	C:\WINDOWS\SYSTEM32\WINMM.dll
0x00007ffbdd350000 - 0x00007ffbdd3ae000 	C:\WINDOWS\SYSTEM32\POWRPROF.dll
0x00007ffbdd330000 - 0x00007ffbdd344000 	C:\WINDOWS\SYSTEM32\UMPDC.dll
0x00007ffbdc280000 - 0x00007ffbdc29b000 	C:\WINDOWS\SYSTEM32\kernel.appcore.dll
0x00007ffbd2650000 - 0x00007ffbd265a000 	C:\Program Files\Android\Android Studio\jbr\bin\jimage.dll
0x00007ffbcc750000 - 0x00007ffbcc992000 	C:\WINDOWS\SYSTEM32\DBGHELP.DLL
0x00007ffbdeb00000 - 0x00007ffbdee83000 	C:\WINDOWS\System32\combase.dll
0x00007ffbdfb00000 - 0x00007ffbdfbd9000 	C:\WINDOWS\System32\OLEAUT32.dll
0x00007ffbb9f00000 - 0x00007ffbb9f3b000 	C:\WINDOWS\SYSTEM32\dbgcore.DLL
0x00007ffbde700000 - 0x00007ffbde7a8000 	C:\WINDOWS\System32\bcryptPrimitives.dll
0x00007ffbbd720000 - 0x00007ffbbd72e000 	C:\Program Files\Android\Android Studio\jbr\bin\instrument.dll
0x00007ffbba4b0000 - 0x00007ffbba4d0000 	C:\Program Files\Android\Android Studio\jbr\bin\java.dll
0x00007ffbba280000 - 0x00007ffbba298000 	C:\Program Files\Android\Android Studio\jbr\bin\zip.dll
0x00007ffbdfd10000 - 0x00007ffbe047e000 	C:\WINDOWS\System32\SHELL32.dll
0x00007ffbdde90000 - 0x00007ffbde6fc000 	C:\WINDOWS\System32\windows.storage.dll
0x00007ffbdf5e0000 - 0x00007ffbdf6d6000 	C:\WINDOWS\System32\SHCORE.dll
0x00007ffbdf7a0000 - 0x00007ffbdf806000 	C:\WINDOWS\System32\shlwapi.dll
0x00007ffbdd410000 - 0x00007ffbdd439000 	C:\WINDOWS\SYSTEM32\profapi.dll
0x00007ffbd1ec0000 - 0x00007ffbd1ed0000 	C:\Program Files\Android\Android Studio\jbr\bin\net.dll
0x00007ffbd5920000 - 0x00007ffbd5a49000 	C:\WINDOWS\SYSTEM32\WINHTTP.dll
0x00007ffbdc7f0000 - 0x00007ffbdc85c000 	C:\WINDOWS\system32\mswsock.dll
0x00007ffbb9360000 - 0x00007ffbb9376000 	C:\Program Files\Android\Android Studio\jbr\bin\nio.dll
0x00007ffbc3590000 - 0x00007ffbc35a0000 	C:\Program Files\Android\Android Studio\jbr\bin\verify.dll
0x00007ffbba4e0000 - 0x00007ffbba507000 	C:\Users\gyral\.gradle\native\c067742578af261105cb4f569cf0c3c89f3d7b1fecec35dd04571415982c5e48\windows-amd64\native-platform.dll
0x00007ffb6d870000 - 0x00007ffb6d9b4000 	C:\Users\gyral\.gradle\native\100fb08df4bc3b14c8652ba06237920a3bd2aa13389f12d3474272988ae205f9\windows-amd64\native-platform-file-events.dll
0x00007ffbd0a30000 - 0x00007ffbd0a39000 	C:\Program Files\Android\Android Studio\jbr\bin\management.dll
0x00007ffbc8430000 - 0x00007ffbc843b000 	C:\Program Files\Android\Android Studio\jbr\bin\management_ext.dll
0x00007ffbe0490000 - 0x00007ffbe0498000 	C:\WINDOWS\System32\PSAPI.DLL
0x00007ffbdcad0000 - 0x00007ffbdcaeb000 	C:\WINDOWS\SYSTEM32\CRYPTSP.dll
0x00007ffbdc1e0000 - 0x00007ffbdc219000 	C:\WINDOWS\system32\rsaenh.dll
0x00007ffbdc8a0000 - 0x00007ffbdc8d3000 	C:\WINDOWS\SYSTEM32\USERENV.dll
0x00007ffbdd3e0000 - 0x00007ffbdd40a000 	C:\WINDOWS\SYSTEM32\bcrypt.dll
0x00007ffbdcaf0000 - 0x00007ffbdcafc000 	C:\WINDOWS\SYSTEM32\CRYPTBASE.dll
0x00007ffbdbc90000 - 0x00007ffbdbcc2000 	C:\WINDOWS\SYSTEM32\IPHLPAPI.DLL
0x00007ffbdf490000 - 0x00007ffbdf49a000 	C:\WINDOWS\System32\NSI.dll
0x00007ffbd1ea0000 - 0x00007ffbd1ea9000 	C:\Program Files\Android\Android Studio\jbr\bin\extnet.dll
0x00007ffb9ce00000 - 0x00007ffb9ce08000 	C:\WINDOWS\system32\wshunix.dll

JVMTI agents:
C:\Users\gyral\.gradle\wrapper\dists\gradle-8.9-bin\90cnw93cvbtalezasaz0blq0a\gradle-8.9\lib\agents\gradle-instrumentation-agent-8.9.jar path:C:\Program Files\Android\Android Studio\jbr\bin\instrument.dll, loaded, initialized, instrumentlib options:none

dbghelp: loaded successfully - version: 4.0.5 - missing functions: none
symbol engine: initialized successfully - sym options: 0x614 - pdb path: .;C:\Program Files\Android\Android Studio\jbr\bin;C:\WINDOWS\SYSTEM32;C:\WINDOWS\WinSxS\amd64_microsoft.windows.common-controls_6595b64144ccf1df_6.0.26100.8457_none_3e0b2faee331e92d;C:\Program Files\Android\Android Studio\jbr\bin\server;C:\Users\gyral\.gradle\native\c067742578af261105cb4f569cf0c3c89f3d7b1fecec35dd04571415982c5e48\windows-amd64;C:\Users\gyral\.gradle\native\100fb08df4bc3b14c8652ba06237920a3bd2aa13389f12d3474272988ae205f9\windows-amd64

VM Arguments:
jvm_args: -XX:MaxMetaspaceSize=512m -XX:+HeapDumpOnOutOfMemoryError --add-opens=java.base/java.util=ALL-UNNAMED --add-opens=java.base/java.lang=ALL-UNNAMED --add-opens=java.base/java.lang.invoke=ALL-UNNAMED --add-opens=java.prefs/java.util.prefs=ALL-UNNAMED --add-exports=jdk.compiler/com.sun.tools.javac.api=ALL-UNNAMED --add-exports=jdk.compiler/com.sun.tools.javac.util=ALL-UNNAMED --add-opens=java.base/java.nio.charset=ALL-UNNAMED --add-opens=java.base/java.net=ALL-UNNAMED --add-opens=java.base/java.util.concurrent.atomic=ALL-UNNAMED -Xmx768m -Dfile.encoding=UTF-8 -Duser.country=US -Duser.language=en -Duser.variant -javaagent:C:\Users\gyral\.gradle\wrapper\dists\gradle-8.9-bin\90cnw93cvbtalezasaz0blq0a\gradle-8.9\lib\agents\gradle-instrumentation-agent-8.9.jar 
java_command: org.gradle.launcher.daemon.bootstrap.GradleDaemon 8.9
java_class_path (initial): C:\Users\gyral\.gradle\wrapper\dists\gradle-8.9-bin\90cnw93cvbtalezasaz0blq0a\gradle-8.9\lib\gradle-daemon-main-8.9.jar
Launcher Type: SUN_STANDARD

[Global flags]
     intx CICompilerCount                          = 4                                         {product} {ergonomic}
   size_t CompressedClassSpaceSize                 = 436207616                                 {product} {ergonomic}
     uint ConcGCThreads                            = 2                                         {product} {ergonomic}
     uint G1ConcRefinementThreads                  = 8                                         {product} {ergonomic}
   size_t G1HeapRegionSize                         = 1048576                                   {product} {ergonomic}
    uintx GCDrainStackTargetSize                   = 64                                        {product} {ergonomic}
     bool HeapDumpOnOutOfMemoryError               = true                                   {manageable} {command line}
   size_t InitialHeapSize                          = 65011712                                  {product} {ergonomic}
   size_t MarkStackSize                            = 4194304                                   {product} {ergonomic}
   size_t MaxHeapSize                              = 805306368                                 {product} {command line}
   size_t MaxMetaspaceSize                         = 536870912                                 {product} {command line}
   size_t MaxNewSize                               = 482344960                                 {product} {ergonomic}
   size_t MinHeapDeltaBytes                        = 1048576                                   {product} {ergonomic}
   size_t MinHeapSize                              = 8388608                                   {product} {ergonomic}
    uintx NonNMethodCodeHeapSize                   = 5839372                                {pd product} {ergonomic}
    uintx NonProfiledCodeHeapSize                  = 122909434                              {pd product} {ergonomic}
    uintx ProfiledCodeHeapSize                     = 122909434                              {pd product} {ergonomic}
    uintx ReservedCodeCacheSize                    = 251658240                              {pd product} {ergonomic}
     bool SegmentedCodeCache                       = true                                      {product} {ergonomic}
   size_t SoftMaxHeapSize                          = 805306368                              {manageable} {ergonomic}
     bool UseCompressedOops                        = true                           {product lp64_product} {ergonomic}
     bool UseG1GC                                  = true                                      {product} {ergonomic}
     bool UseLargePagesIndividualAllocation        = false                                  {pd product} {ergonomic}

Logging:
Log output configuration:
 #0: stdout all=warning uptime,level,tags foldmultilines=false
 #1: stderr all=off uptime,level,tags foldmultilines=false

Release file:
JAVA_VERSION="21.0.10" 
MODULES="java.base java.compiler java.datatransfer java.xml java.prefs java.desktop java.instrument java.logging java.management java.security.sasl java.naming java.rmi java.management.rmi java.net.http java.scripting java.security.jgss java.transaction.xa java.sql java.sql.rowset java.xml.crypto java.se java.smartcardio jdk.accessibility jdk.internal.jvmstat jdk.attach jdk.charsets jdk.internal.opt jdk.zipfs jdk.compiler jdk.crypto.ec jdk.crypto.cryptoki jdk.dynalink jdk.hotspot.agent jdk.httpserver jdk.internal.ed jdk.internal.le jdk.internal.vm.ci jdk.jartool jdk.javadoc jdk.jcmd jdk.jdeps jdk.jdwp.agent jdk.jdi jdk.jfr jdk.jlink jdk.jsobject jdk.localedata jdk.management jdk.management.agent jdk.management.jfr jdk.naming.dns jdk.naming.rmi jdk.net jdk.sctp jdk.security.auth jdk.security.jgss jdk.unsupported jdk.unsupported.desktop jdk.xml.dom" 
IMPLEMENTOR="JetBrains s.r.o." 
JAVA_RUNTIME_VERSION="21.0.10+-14961533-b1163.108" 
LIBC="default" 
OS_ARCH="x86_64" 
OS_NAME="Windows" 
SOURCE=".:git:1351622c2ff2" 

Environment Variables:
PATH=C:\Program Files\Common Files\Oracle\Java\javapath;C:\WINDOWS\system32;C:\WINDOWS;C:\WINDOWS\System32\Wbem;C:\WINDOWS\System32\WindowsPowerShell\v1.0\;C:\WINDOWS\System32\OpenSSH\;C:\Program Files\nodejs\;C:\ProgramData\chocolatey\bin;C:\Users\gyral\Downloads\apache-maven-3.9.11\bin;C:\Program Files\Git\cmd;C:\Program Files\MySQL\MySQL Shell 8.0\bin\;C:\Users\gyral\AppData\Local\Programs\Python\Launcher\;C:\Users\gyral\AppData\Local\Microsoft\WindowsApps;C:\Users\gyral\AppData\Local\Programs\Microsoft VS Code\bin;C:\Users\gyral\AppData\Local\JetBrains\Toolbox\scripts;;C:\Program Files\JetBrains\PyCharm 2025.1.2\bin;;C:\Users\gyral\AppData\Roaming\npm;C:\Users\gyral\AppData\Local\Programs\Antigravity IDE\bin
USERNAME=gyral
OS=Windows_NT
PROCESSOR_IDENTIFIER=Intel64 Family 6 Model 142 Stepping 12, GenuineIntel
TMP=C:\Users\gyral\AppData\Local\Temp
TEMP=C:\Users\gyral\AppData\Local\Temp




Periodic native trim disabled

JNI global refs:
JNI global refs: 27, weak refs: 1

JNI global refs memory usage: 835, weak refs: 833

Process memory usage:
Resident Set Size: 404884K (10% of 3996148K total physical memory with 510836K free physical memory)

OOME stack traces (most recent first):
Classloader memory used:
Loader org.gradle.internal.classloader.VisitableURLClassLoader                         : 92787K
Loader bootstrap                                                                       : 24801K
Loader org.gradle.initialization.MixInLegacyTypesClassLoader                           : 10869K
Loader jdk.internal.loader.ClassLoaders$PlatformClassLoader                            : 502K
Loader jdk.internal.jrtfs.JrtFileSystemProvider$JrtFsLoader                            : 329K
Loader jdk.internal.loader.ClassLoaders$AppClassLoader                                 : 230K
Loader jdk.internal.reflect.DelegatingClassLoader                                      : 151K
Loader org.gradle.internal.classloader.VisitableURLClassLoader                         : 129K
Loader org.gradle.groovy.scripts.internal.DefaultScriptCompilationHandler$ScriptClassLoader: 125K
Loader org.gradle.internal.classloader.VisitableURLClassLoader$InstrumentingVisitableURLClassLoader: 46952B
Loader org.codehaus.groovy.runtime.callsite.CallSiteClassLoader                        : 17200B

Classes loaded by more than one classloader:
Class Program                                                                         : loaded 3 times (x 72B)
Class jdk.internal.jimage.BasicImageReader                                            : loaded 2 times (x 95B)
Class org.gradle.internal.classloader.ClassLoaderHierarchy                            : loaded 2 times (x 70B)
Class org.gradle.api.internal.classpath.ManifestUtil                                  : loaded 2 times (x 71B)
Class jdk.internal.jimage.decompressor.StringSharingDecompressorFactory               : loaded 2 times (x 74B)
Class org.gradle.internal.classloader.DefaultClassLoaderFactory                       : loaded 2 times (x 82B)
Class ijJvmDebugger1_7ho1mx1xflvhf5lv5r64nbndi$_run_closure1$_closure2                : loaded 2 times (x 140B)
Class org.gradle.internal.classloader.ClassLoaderVisitor                              : loaded 2 times (x 76B)
Class org.gradle.api.internal.classpath.EffectiveClassPath                            : loaded 2 times (x 90B)
Class org.gradle.api.internal.DefaultClassPathProvider                                : loaded 2 times (x 76B)
Class [Lorg.gradle.api.internal.ClassPathProvider;                                    : loaded 2 times (x 69B)
Class org.gradle.api.internal.ClassPathProvider                                       : loaded 2 times (x 70B)
Class jdk.internal.jrtfs.SystemImage                                                  : loaded 2 times (x 74B)
Class ijJvmDebugger1_7ho1mx1xflvhf5lv5r64nbndi                                        : loaded 2 times (x 179B)
Class org.gradle.internal.service.UnknownServiceException                             : loaded 2 times (x 83B)
Class org.gradle.internal.classpath.TransformedClassPath                              : loaded 2 times (x 96B)
Class jdk.internal.jrtfs.SystemImage$1                                                : loaded 2 times (x 78B)
Class jdk.internal.jrtfs.SystemImage$2                                                : loaded 2 times (x 76B)
Class org.gradle.internal.service.ServiceLocator                                      : loaded 2 times (x 70B)
Class jdk.internal.jrtfs.JrtFileSystemProvider                                        : loaded 2 times (x 101B)
Class ijKotlinCoroutineJvmDebugInit1_1y6fked67iotatirchb4x916h$_run_closure1          : loaded 2 times (x 139B)
Class jdk.internal.jimage.ImageLocation                                               : loaded 2 times (x 90B)
Class jdk.internal.jrtfs.JrtDirectoryStream$1                                         : loaded 2 times (x 83B)
Class org.gradle.internal.InternalTransformer                                         : loaded 2 times (x 70B)
Class jdk.internal.jimage.ImageBufferCache$1                                          : loaded 2 times (x 83B)
Class org.gradle.internal.classloader.ClasspathUtil$1                                 : loaded 2 times (x 76B)
Class jdk.internal.jimage.ImageBufferCache$2                                          : loaded 2 times (x 91B)
Class org.gradle.api.internal.classpath.DefaultModuleRegistry$DefaultModule           : loaded 2 times (x 86B)
Class org.gradle.api.internal.classpath.Module                                        : loaded 2 times (x 70B)
Class org.gradle.api.internal.classpath.UnknownModuleException                        : loaded 2 times (x 82B)
Class jdk.internal.jimage.ImageHeader                                                 : loaded 2 times (x 71B)
Class org.gradle.api.internal.DefaultClassPathRegistry                                : loaded 2 times (x 76B)
Class org.gradle.api.internal.ClassPathRegistry                                       : loaded 2 times (x 70B)
Class org.gradle.internal.classpath.DefaultClassPath$ImmutableUniqueList              : loaded 2 times (x 199B)
Class jdk.internal.jimage.decompressor.ResourceDecompressor                           : loaded 2 times (x 70B)
Class org.gradle.internal.classloader.FilteringClassLoader                            : loaded 2 times (x 105B)
Class Settings_gradle$1                                                               : loaded 2 times (x 74B)
Class org.gradle.internal.classpath.ClassPath                                         : loaded 2 times (x 70B)
Class org.gradle.api.UncheckedIOException                                             : loaded 2 times (x 82B)
Class jdk.internal.jimage.ImageStringsReader                                          : loaded 2 times (x 80B)
Class jdk.internal.jimage.ImageReader                                                 : loaded 2 times (x 75B)
Class jdk.internal.jimage.ImageReader$SharedImageReader                               : loaded 2 times (x 95B)
Class org.gradle.internal.installation.GradleInstallation$1                           : loaded 2 times (x 75B)
Class org.gradle.api.internal.classpath.ModuleRegistry                                : loaded 2 times (x 70B)
Class jdk.internal.jimage.decompressor.ResourceDecompressorFactory                    : loaded 2 times (x 74B)
Class jdk.internal.jimage.ImageReader$Node                                            : loaded 2 times (x 84B)
Class org.gradle.api.internal.classpath.DefaultModuleRegistry                         : loaded 2 times (x 83B)
Class jdk.internal.jimage.BasicImageReader$1                                          : loaded 2 times (x 77B)
Class ijJvmDebugger1_7ho1mx1xflvhf5lv5r64nbndi$_run_closure1                          : loaded 2 times (x 139B)
Class jdk.internal.jimage.decompressor.Decompressor                                   : loaded 2 times (x 72B)
Class jdk.internal.jimage.ImageReader$Resource                                        : loaded 2 times (x 84B)
Class org.gradle.internal.service.ServiceLookupException                              : loaded 2 times (x 82B)
Class jdk.internal.jrtfs.JrtFileAttributes                                            : loaded 2 times (x 83B)
Class org.gradle.internal.classloader.ClassLoaderFactory                              : loaded 2 times (x 70B)
Class org.gradle.internal.service.CachingServiceLocator                               : loaded 2 times (x 82B)
Class jdk.internal.jimage.ImageBufferCache                                            : loaded 2 times (x 71B)
Class jdk.internal.jrtfs.JrtPath                                                      : loaded 2 times (x 118B)
Class org.gradle.internal.classloader.ClasspathUtil                                   : loaded 2 times (x 71B)
Class org.gradle.api.specs.Spec                                                       : loaded 2 times (x 70B)
Class jdk.internal.jimage.ImageReader$SharedImageReader$LocationVisitor               : loaded 2 times (x 70B)
Class jdk.internal.jimage.decompressor.ResourceDecompressorRepository                 : loaded 2 times (x 71B)
Class jdk.internal.jimage.ImageReader$Directory                                       : loaded 2 times (x 84B)
Class org.gradle.internal.classloader.VisitableURLClassLoader$InstrumentingVisitableURLClassLoader: loaded 2 times (x 123B)
Class org.gradle.internal.classloader.VisitableURLClassLoader$Spec                    : loaded 2 times (x 74B)
Class org.gradle.internal.classpath.DefaultClassPath                                  : loaded 2 times (x 90B)
Class jdk.internal.jimage.decompressor.ZipDecompressorFactory                         : loaded 2 times (x 74B)
Class org.gradle.internal.classloader.ClassLoaderSpec                                 : loaded 2 times (x 71B)
Class Settings_gradle$1$1                                                             : loaded 2 times (x 74B)
Class ijKotlinCoroutineJvmDebugInit1_1y6fked67iotatirchb4x916h$_run_closure1$_closure2: loaded 2 times (x 139B)
Class ijKotlinCoroutineJvmDebugInit1_1y6fked67iotatirchb4x916h                        : loaded 2 times (x 179B)
Class org.gradle.internal.classloader.VisitableURLClassLoader                         : loaded 2 times (x 117B)
Class Settings_gradle                                                                 : loaded 2 times (x 128B)
Class org.gradle.internal.Cast                                                        : loaded 2 times (x 71B)
Class org.gradle.api.Action                                                           : loaded 2 times (x 70B)
Class jdk.internal.jimage.decompressor.ZipDecompressor                                : loaded 2 times (x 75B)
Class org.gradle.internal.agents.InstrumentingClassLoader                             : loaded 2 times (x 70B)
Class org.gradle.internal.classpath.DefaultClassPath$ImmutableUniqueList$Builder      : loaded 2 times (x 75B)
Class org.gradle.api.GradleException                                                  : loaded 2 times (x 82B)
Class jdk.internal.jimage.ImageStrings                                                : loaded 2 times (x 70B)
Class org.gradle.internal.IoActions                                                   : loaded 2 times (x 71B)
Class org.gradle.internal.classloader.SystemClassLoaderSpec                           : loaded 2 times (x 71B)
Class jdk.internal.jrtfs.JrtFileSystem                                                : loaded 2 times (x 102B)
Class jdk.internal.jimage.decompressor.CompressedResourceHeader                       : loaded 2 times (x 71B)
Class org.gradle.internal.installation.CurrentGradleInstallationLocator               : loaded 2 times (x 71B)
Class org.gradle.internal.service.DefaultServiceLocator                               : loaded 2 times (x 83B)
Class jdk.internal.jrtfs.JrtDirectoryStream                                           : loaded 2 times (x 89B)
Class org.gradle.internal.installation.CurrentGradleInstallation                      : loaded 2 times (x 73B)
Class org.gradle.util.internal.GUtil                                                  : loaded 2 times (x 71B)
Class org.gradle.internal.installation.GradleInstallation                             : loaded 2 times (x 75B)
Class jdk.internal.jimage.decompressor.ResourceDecompressor$StringsProvider           : loaded 2 times (x 70B)

---------------  S Y S T E M  ---------------

OS:
 Windows 11 , 64 bit Build 26100 (10.0.26100.8328)
OS uptime: 0 days 7:03 hours

CPU: total 8 (initial active 8) (4 cores per cpu, 2 threads per core) family 6 model 142 stepping 12 microcode 0xde, cx8, cmov, fxsr, ht, mmx, 3dnowpref, sse, sse2, sse3, ssse3, sse4.1, sse4.2, popcnt, lzcnt, tsc, tscinvbit, avx, avx2, aes, erms, clmul, bmi1, bmi2, adx, fma, vzeroupper, clflush, clflushopt, rdtscp, f16c
Processor Information for the first 8 processors :
  Max Mhz: 2304, Current Mhz: 1803, Mhz Limit: 1797

Memory: 4k page, system-wide physical 3902M (492M free)
TotalPageFile size 15678M (AvailPageFile size 6M)
current process WorkingSet (physical memory assigned to process): 396M, peak: 396M
current process commit charge ("private bytes"): 534M, peak: 535M

vm_info: OpenJDK 64-Bit Server VM (21.0.10+-14961533-b1163.108) for windows-amd64 JRE (21.0.10+-14961533-b1163.108), built on 2026-03-02T19:58:50Z by "builder" with MS VC++ 16.10 / 16.11 (VS2019)

END.
