#
# There is insufficient memory for the Java Runtime Environment to continue.
# Native memory allocation (malloc) failed to allocate 1462400 bytes. Error detail: Chunk::new
# Possible reasons:
#   The system is out of physical RAM or swap space
#   This process is running with CompressedOops enabled, and the Java Heap may be blocking the growth of the native heap
# Possible solutions:
#   Reduce memory load on the system
#   Increase physical memory or swap space
#   Check if swap backing store is full
#   Decrease Java heap size (-Xmx/-Xms)
#   Decrease number of Java threads
#   Decrease Java thread stack sizes (-Xss)
#   Set larger code cache with -XX:ReservedCodeCacheSize=
#   JVM is running with Unscaled Compressed Oops mode in which the Java heap is
#     placed in the first 4GB address space. The Java Heap base address is the
#     maximum limit for the native heap growth. Please use -XX:HeapBaseMinAddress
#     to set the Java Heap base and to place the Java Heap above 4GB virtual address.
# This output file may be truncated or incomplete.
#
#  Out of Memory Error (arena.cpp:168), pid=19724, tid=21124
#
# JRE version: OpenJDK Runtime Environment (21.0.10) (build 21.0.10+-14961533-b1163.108)
# Java VM: OpenJDK 64-Bit Server VM (21.0.10+-14961533-b1163.108, mixed mode, tiered, compressed oops, compressed class ptrs, g1 gc, windows-amd64)
# No core dump will be written. Minidumps are not enabled by default on client versions of Windows
#

---------------  S U M M A R Y ------------

Command Line: -XX:MaxMetaspaceSize=512m -XX:+HeapDumpOnOutOfMemoryError --add-opens=java.base/java.util=ALL-UNNAMED --add-opens=java.base/java.lang=ALL-UNNAMED --add-opens=java.base/java.lang.invoke=ALL-UNNAMED --add-opens=java.prefs/java.util.prefs=ALL-UNNAMED --add-exports=jdk.compiler/com.sun.tools.javac.api=ALL-UNNAMED --add-exports=jdk.compiler/com.sun.tools.javac.util=ALL-UNNAMED --add-opens=java.base/java.nio.charset=ALL-UNNAMED --add-opens=java.base/java.net=ALL-UNNAMED --add-opens=java.base/java.util.concurrent.atomic=ALL-UNNAMED -Xmx768m -Dfile.encoding=UTF-8 -Duser.country=US -Duser.language=en -Duser.variant -javaagent:C:\Users\gyral\.gradle\wrapper\dists\gradle-8.9-bin\90cnw93cvbtalezasaz0blq0a\gradle-8.9\lib\agents\gradle-instrumentation-agent-8.9.jar org.gradle.launcher.daemon.bootstrap.GradleDaemon 8.9

Host: Intel(R) Core(TM) i7-10510U CPU @ 1.80GHz, 8 cores, 3G,  Windows 11 , 64 bit Build 26100 (10.0.26100.8328)
Time: Wed May 27 17:50:46 2026 Malay Peninsula Standard Time elapsed time: 7.776761 seconds (0d 0h 0m 7s)

---------------  T H R E A D  ---------------

Current thread (0x000001f54e270330):  JavaThread "C2 CompilerThread0" daemon [_thread_in_native, id=21124, stack(0x000000210f800000,0x000000210f900000) (1024K)]


Current CompileTask:
C2:7776 5128   !   4       java.util.zip.InflaterInputStream::read (129 bytes)

Stack: [0x000000210f800000,0x000000210f900000]
Native frames: (J=compiled Java code, j=interpreted, Vv=VM code, C=native code)
V  [jvm.dll+0x6d78a9]
V  [jvm.dll+0x8665b3]
V  [jvm.dll+0x868bde]
V  [jvm.dll+0x8692c3]
V  [jvm.dll+0x280ee6]
V  [jvm.dll+0xc07cd]
V  [jvm.dll+0xc0d03]
V  [jvm.dll+0x3ba0cb]
V  [jvm.dll+0x1e0052]
V  [jvm.dll+0x249d24]
V  [jvm.dll+0x2491a1]
V  [jvm.dll+0x1c76e4]
V  [jvm.dll+0x25891e]
V  [jvm.dll+0x256e66]
V  [jvm.dll+0x3f513e]
V  [jvm.dll+0x80fd28]
V  [jvm.dll+0x6d60fd]
C  [ucrtbase.dll+0x37b0]
C  [KERNEL32.DLL+0x2e957]
C  [ntdll.dll+0x427c]


---------------  P R O C E S S  ---------------

Threads class SMR info:
_java_thread_list=0x000001f555b3e410, length=38, elements={
0x000001f5382fa270, 0x000001f54e0fede0, 0x000001f54e1023c0, 0x000001f54e250060,
0x000001f54e25d060, 0x000001f54e25d6d0, 0x000001f54e25e130, 0x000001f54e267340,
0x000001f54e270330, 0x000001f54e2711e0, 0x000001f54e567f10, 0x000001f553906350,
0x000001f553fa2120, 0x000001f5533b8340, 0x000001f5542d9830, 0x000001f55423f8f0,
0x000001f553e32a20, 0x000001f553d07af0, 0x000001f554aed500, 0x000001f554aee8b0,
0x000001f554aedb90, 0x000001f554af02f0, 0x000001f554aee220, 0x000001f554aeef40,
0x000001f554aefc60, 0x000001f554af0980, 0x000001f557232400, 0x000001f557230330,
0x000001f557233120, 0x000001f5572309c0, 0x000001f557233e40, 0x000001f5572344d0,
0x000001f557231050, 0x000001f557232a90, 0x000001f557231d70, 0x000001f557234b60,
0x000001f5572351f0, 0x000001f557237950
}

Java Threads: ( => current thread )
  0x000001f5382fa270 JavaThread "main"                              [_thread_blocked, id=14444, stack(0x000000210e900000,0x000000210ea00000) (1024K)]
  0x000001f54e0fede0 JavaThread "Common-Cleaner"             daemon [_thread_blocked, id=10844, stack(0x000000210f100000,0x000000210f200000) (1024K)]
  0x000001f54e1023c0 JavaThread "Reference Handler"          daemon [_thread_blocked, id=6652, stack(0x000000210f200000,0x000000210f300000) (1024K)]
  0x000001f54e250060 JavaThread "Finalizer"                  daemon [_thread_blocked, id=19096, stack(0x000000210f300000,0x000000210f400000) (1024K)]
  0x000001f54e25d060 JavaThread "Signal Dispatcher"          daemon [_thread_blocked, id=14744, stack(0x000000210f400000,0x000000210f500000) (1024K)]
  0x000001f54e25d6d0 JavaThread "Attach Listener"            daemon [_thread_blocked, id=13648, stack(0x000000210f500000,0x000000210f600000) (1024K)]
  0x000001f54e25e130 JavaThread "Service Thread"             daemon [_thread_blocked, id=13164, stack(0x000000210f600000,0x000000210f700000) (1024K)]
  0x000001f54e267340 JavaThread "Monitor Deflation Thread"   daemon [_thread_blocked, id=21252, stack(0x000000210f700000,0x000000210f800000) (1024K)]
=>0x000001f54e270330 JavaThread "C2 CompilerThread0"         daemon [_thread_in_native, id=21124, stack(0x000000210f800000,0x000000210f900000) (1024K)]
  0x000001f54e2711e0 JavaThread "C1 CompilerThread0"         daemon [_thread_blocked, id=13908, stack(0x000000210f900000,0x000000210fa00000) (1024K)]
  0x000001f54e567f10 JavaThread "Notification Thread"        daemon [_thread_blocked, id=8832, stack(0x000000210fa00000,0x000000210fb00000) (1024K)]
  0x000001f553906350 JavaThread "C2 CompilerThread1"         daemon [_thread_in_native, id=14352, stack(0x000000210ff00000,0x0000002110000000) (1024K)]
  0x000001f553fa2120 JavaThread "Daemon health stats"               [_thread_blocked, id=2944, stack(0x0000002110000000,0x0000002110100000) (1024K)]
  0x000001f5533b8340 JavaThread "Incoming local TCP Connector on port 57473"        [_thread_in_native, id=15068, stack(0x0000002110400000,0x0000002110500000) (1024K)]
  0x000001f5542d9830 JavaThread "Daemon periodic checks"            [_thread_blocked, id=10184, stack(0x0000002110500000,0x0000002110600000) (1024K)]
  0x000001f55423f8f0 JavaThread "Daemon"                            [_thread_blocked, id=11356, stack(0x0000002110600000,0x0000002110700000) (1024K)]
  0x000001f553e32a20 JavaThread "Handler for socket connection from /127.0.0.1:57473 to /127.0.0.1:57474"        [_thread_in_native, id=20516, stack(0x0000002110700000,0x0000002110800000) (1024K)]
  0x000001f553d07af0 JavaThread "Cancel handler"                    [_thread_blocked, id=7584, stack(0x0000002110800000,0x0000002110900000) (1024K)]
  0x000001f554aed500 JavaThread "Daemon worker"                     [_thread_in_Java, id=11764, stack(0x0000002110900000,0x0000002110a00000) (1024K)]
  0x000001f554aee8b0 JavaThread "Asynchronous log dispatcher for DefaultDaemonConnection: socket connection from /127.0.0.1:57473 to /127.0.0.1:57474"        [_thread_blocked, id=6828, stack(0x0000002110a00000,0x0000002110b00000) (1024K)]
  0x000001f554aedb90 JavaThread "Stdin handler"                     [_thread_blocked, id=5376, stack(0x0000002110b00000,0x0000002110c00000) (1024K)]
  0x000001f554af02f0 JavaThread "Daemon client event forwarder"        [_thread_blocked, id=10728, stack(0x0000002110c00000,0x0000002110d00000) (1024K)]
  0x000001f554aee220 JavaThread "Cache worker for journal cache (C:\Users\gyral\.gradle\caches\journal-1)"        [_thread_blocked, id=2416, stack(0x0000002110e00000,0x0000002110f00000) (1024K)]
  0x000001f554aeef40 JavaThread "File lock request listener"        [_thread_in_native, id=20224, stack(0x0000002110f00000,0x0000002111000000) (1024K)]
  0x000001f554aefc60 JavaThread "Cache worker for file hash cache (C:\Users\gyral\.gradle\caches\8.9\fileHashes)"        [_thread_in_vm, id=17672, stack(0x0000002111000000,0x0000002111100000) (1024K)]
  0x000001f554af0980 JavaThread "Cache worker for file hash cache (C:\Users\gyral\Downloads\IT342-Belen-PantryPulse-main\IT342-Belen-PantryPulse-main\pantrypulse-mobile\.gradle\8.9\fileHashes)"        [_thread_blocked, id=1164, stack(0x0000002111100000,0x0000002111200000) (1024K)]
  0x000001f557232400 JavaThread "Cache worker for Build Output Cleanup Cache (C:\Users\gyral\Downloads\IT342-Belen-PantryPulse-main\IT342-Belen-PantryPulse-main\pantrypulse-mobile\.gradle\buildOutputCleanup)"        [_thread_blocked, id=1784, stack(0x0000002111200000,0x0000002111300000) (1024K)]
  0x000001f557230330 JavaThread "File watcher server"        daemon [_thread_in_native, id=3320, stack(0x0000002111300000,0x0000002111400000) (1024K)]
  0x000001f557233120 JavaThread "File watcher consumer"      daemon [_thread_blocked, id=20032, stack(0x0000002111400000,0x0000002111500000) (1024K)]
  0x000001f5572309c0 JavaThread "Cache worker for checksums cache (C:\Users\gyral\Downloads\IT342-Belen-PantryPulse-main\IT342-Belen-PantryPulse-main\pantrypulse-mobile\.gradle\8.9\checksums)"        [_thread_blocked, id=17828, stack(0x0000002111500000,0x0000002111600000) (1024K)]
  0x000001f557233e40 JavaThread "Cache worker for file content cache (C:\Users\gyral\.gradle\caches\8.9\fileContent)"        [_thread_blocked, id=19812, stack(0x0000002111600000,0x0000002111700000) (1024K)]
  0x000001f5572344d0 JavaThread "Cache worker for cache directory md-rule (C:\Users\gyral\.gradle\caches\8.9\md-rule)"        [_thread_blocked, id=10052, stack(0x0000002111700000,0x0000002111800000) (1024K)]
  0x000001f557231050 JavaThread "Cache worker for cache directory md-supplier (C:\Users\gyral\.gradle\caches\8.9\md-supplier)"        [_thread_blocked, id=20424, stack(0x0000002111800000,0x0000002111900000) (1024K)]
  0x000001f557232a90 JavaThread "jar transforms"                    [_thread_blocked, id=2316, stack(0x0000002111900000,0x0000002111a00000) (1024K)]
  0x000001f557231d70 JavaThread "jar transforms Thread 2"           [_thread_blocked, id=20332, stack(0x0000002111a00000,0x0000002111b00000) (1024K)]
  0x000001f557234b60 JavaThread "jar transforms Thread 3"           [_thread_blocked, id=300, stack(0x0000002111b00000,0x0000002111c00000) (1024K)]
  0x000001f5572351f0 JavaThread "Unconstrained build operations"        [_thread_blocked, id=21616, stack(0x0000002111c00000,0x0000002111d00000) (1024K)]
  0x000001f557237950 JavaThread "Unconstrained build operations Thread 2"        [_thread_in_Java, id=17800, stack(0x0000002111d00000,0x0000002111e00000) (1024K)]
Total: 38

Other Threads:
  0x000001f54e07c900 VMThread "VM Thread"                           [id=15940, stack(0x000000210f000000,0x000000210f100000) (1024K)]
  0x000001f5383b37f0 WatcherThread "VM Periodic Task Thread"        [id=11540, stack(0x000000210ef00000,0x000000210f000000) (1024K)]
  0x000001f53832cab0 WorkerThread "GC Thread#0"                     [id=13756, stack(0x000000210ea00000,0x000000210eb00000) (1024K)]
  0x000001f54e737630 WorkerThread "GC Thread#1"                     [id=17836, stack(0x000000210fb00000,0x000000210fc00000) (1024K)]
  0x000001f54e9f1e30 WorkerThread "GC Thread#2"                     [id=8280, stack(0x000000210fc00000,0x000000210fd00000) (1024K)]
  0x000001f54ee0de00 WorkerThread "GC Thread#3"                     [id=20072, stack(0x000000210fd00000,0x000000210fe00000) (1024K)]
  0x000001f54ec0e920 WorkerThread "GC Thread#4"                     [id=8292, stack(0x000000210fe00000,0x000000210ff00000) (1024K)]
  0x000001f554c6bff0 WorkerThread "GC Thread#5"                     [id=20728, stack(0x0000002110100000,0x0000002110200000) (1024K)]
  0x000001f55443b0e0 WorkerThread "GC Thread#6"                     [id=3080, stack(0x0000002110200000,0x0000002110300000) (1024K)]
  0x000001f55443b490 WorkerThread "GC Thread#7"                     [id=15368, stack(0x0000002110300000,0x0000002110400000) (1024K)]
  0x000001f538334f90 ConcurrentGCThread "G1 Main Marker"            [id=5964, stack(0x000000210eb00000,0x000000210ec00000) (1024K)]
  0x000001f5383359b0 WorkerThread "G1 Conc#0"                       [id=19720, stack(0x000000210ec00000,0x000000210ed00000) (1024K)]
  0x000001f5544347d0 WorkerThread "G1 Conc#1"                       [id=5628, stack(0x0000002110d00000,0x0000002110e00000) (1024K)]
  0x000001f5383a2880 ConcurrentGCThread "G1 Refine#0"               [id=18528, stack(0x000000210ed00000,0x000000210ee00000) (1024K)]
  0x000001f5383a41c0 ConcurrentGCThread "G1 Service"                [id=16572, stack(0x000000210ee00000,0x000000210ef00000) (1024K)]
Total: 15

Threads with active compile tasks:
C2 CompilerThread0  7812 5128   !   4       java.util.zip.InflaterInputStream::read (129 bytes)
C1 CompilerThread0  7812 5459       3       java.lang.invoke.Invokers$Holder::linkToTargetMethod (13 bytes)
C2 CompilerThread1  7812 5422       4       sun.nio.fs.WindowsPathParser::normalize (138 bytes)
Total: 3

VM state: not at safepoint (normal execution)

VM Mutex/Monitor currently owned by a thread: None

Heap address: 0x00000000d0000000, size: 768 MB, Compressed Oops mode: 32-bit

CDS archive(s) not mapped
Compressed class space mapped at: 0x0000000100000000-0x000000011a000000, reserved size: 436207616
Narrow klass base: 0x0000000000000000, Narrow klass shift: 3, Narrow klass range: 0x11a000000

GC Precious Log:
 CardTable entry size: 512
 Card Set container configuration: InlinePtr #cards 5 size 8 Array Of Cards #cards 12 size 40 Howl #buckets 4 coarsen threshold 1843 Howl Bitmap #cards 512 size 80 coarsen threshold 460 Card regions per heap region 1 cards per card region 2048
 CPUs: 8 total, 8 available
 Memory: 3902M
 Large Page Support: Disabled
 NUMA Support: Disabled
 Compressed Oops: Enabled (32-bit)
 Heap Region Size: 1M
 Heap Min Capacity: 8M
 Heap Initial Capacity: 62M
 Heap Max Capacity: 768M
 Pre-touch: Disabled
 Parallel Workers: 8
 Concurrent Workers: 2
 Concurrent Refinement Workers: 8
 Periodic GC: Disabled

Heap:
 garbage-first heap   total 82944K, used 53647K [0x00000000d0000000, 0x0000000100000000)
  region size 1024K, 21 young (21504K), 3 survivors (3072K)
 Metaspace       used 54550K, committed 55936K, reserved 491520K
  class space    used 7623K, committed 8256K, reserved 425984K

Heap Regions: E=young(eden), S=young(survivor), O=old, HS=humongous(starts), HC=humongous(continues), CS=collection set, F=free, TAMS=top-at-mark-start, PB=parsable bottom
|   0|0x00000000d0000000, 0x00000000d0100000, 0x00000000d0100000|100%|HS|  |TAMS 0x00000000d0000000| PB 0x00000000d0000000| Complete 
|   1|0x00000000d0100000, 0x00000000d0200000, 0x00000000d0200000|100%|HC|  |TAMS 0x00000000d0100000| PB 0x00000000d0100000| Complete 
|   2|0x00000000d0200000, 0x00000000d0300000, 0x00000000d0300000|100%|HC|  |TAMS 0x00000000d0200000| PB 0x00000000d0200000| Complete 
|   3|0x00000000d0300000, 0x00000000d0400000, 0x00000000d0400000|100%|HC|  |TAMS 0x00000000d0300000| PB 0x00000000d0300000| Complete 
|   4|0x00000000d0400000, 0x00000000d0500000, 0x00000000d0500000|100%| O|  |TAMS 0x00000000d0400000| PB 0x00000000d0400000| Untracked 
|   5|0x00000000d0500000, 0x00000000d0600000, 0x00000000d0600000|100%| O|  |TAMS 0x00000000d0500000| PB 0x00000000d0500000| Untracked 
|   6|0x00000000d0600000, 0x00000000d0700000, 0x00000000d0700000|100%| O|  |TAMS 0x00000000d0600000| PB 0x00000000d0600000| Untracked 
|   7|0x00000000d0700000, 0x00000000d0800000, 0x00000000d0800000|100%| O|  |TAMS 0x00000000d0700000| PB 0x00000000d0700000| Untracked 
|   8|0x00000000d0800000, 0x00000000d0900000, 0x00000000d0900000|100%| O|  |TAMS 0x00000000d0800000| PB 0x00000000d0800000| Untracked 
|   9|0x00000000d0900000, 0x00000000d0a00000, 0x00000000d0a00000|100%| O|  |TAMS 0x00000000d0900000| PB 0x00000000d0900000| Untracked 
|  10|0x00000000d0a00000, 0x00000000d0b00000, 0x00000000d0b00000|100%| O|  |TAMS 0x00000000d0a00000| PB 0x00000000d0a00000| Untracked 
|  11|0x00000000d0b00000, 0x00000000d0c00000, 0x00000000d0c00000|100%|HS|  |TAMS 0x00000000d0b00000| PB 0x00000000d0b00000| Complete 
|  12|0x00000000d0c00000, 0x00000000d0d00000, 0x00000000d0d00000|100%| O|  |TAMS 0x00000000d0c00000| PB 0x00000000d0c00000| Untracked 
|  13|0x00000000d0d00000, 0x00000000d0e00000, 0x00000000d0e00000|100%| O|  |TAMS 0x00000000d0d00000| PB 0x00000000d0d00000| Untracked 
|  14|0x00000000d0e00000, 0x00000000d0f00000, 0x00000000d0f00000|100%| O|  |TAMS 0x00000000d0e00000| PB 0x00000000d0e00000| Untracked 
|  15|0x00000000d0f00000, 0x00000000d1000000, 0x00000000d1000000|100%| O|  |TAMS 0x00000000d0f00000| PB 0x00000000d0f00000| Untracked 
|  16|0x00000000d1000000, 0x00000000d1100000, 0x00000000d1100000|100%| O|  |TAMS 0x00000000d1000000| PB 0x00000000d1000000| Untracked 
|  17|0x00000000d1100000, 0x00000000d1200000, 0x00000000d1200000|100%| O|  |TAMS 0x00000000d1100000| PB 0x00000000d1100000| Untracked 
|  18|0x00000000d1200000, 0x00000000d1300000, 0x00000000d1300000|100%| O|  |TAMS 0x00000000d1200000| PB 0x00000000d1200000| Untracked 
|  19|0x00000000d1300000, 0x00000000d1400000, 0x00000000d1400000|100%| O|  |TAMS 0x00000000d1300000| PB 0x00000000d1300000| Untracked 
|  20|0x00000000d1400000, 0x00000000d1500000, 0x00000000d1500000|100%| O|  |TAMS 0x00000000d1400000| PB 0x00000000d1400000| Untracked 
|  21|0x00000000d1500000, 0x00000000d1600000, 0x00000000d1600000|100%| O|  |TAMS 0x00000000d1500000| PB 0x00000000d1500000| Untracked 
|  22|0x00000000d1600000, 0x00000000d1700000, 0x00000000d1700000|100%| O|  |TAMS 0x00000000d1600000| PB 0x00000000d1600000| Untracked 
|  23|0x00000000d1700000, 0x00000000d1800000, 0x00000000d1800000|100%| O|  |TAMS 0x00000000d1700000| PB 0x00000000d1700000| Untracked 
|  24|0x00000000d1800000, 0x00000000d1900000, 0x00000000d1900000|100%| O|  |TAMS 0x00000000d1800000| PB 0x00000000d1800000| Untracked 
|  25|0x00000000d1900000, 0x00000000d1a00000, 0x00000000d1a00000|100%| O|  |TAMS 0x00000000d1900000| PB 0x00000000d1900000| Untracked 
|  26|0x00000000d1a00000, 0x00000000d1a00000, 0x00000000d1b00000|  0%| F|  |TAMS 0x00000000d1a00000| PB 0x00000000d1a00000| Untracked 
|  27|0x00000000d1b00000, 0x00000000d1b00000, 0x00000000d1c00000|  0%| F|  |TAMS 0x00000000d1b00000| PB 0x00000000d1b00000| Untracked 
|  28|0x00000000d1c00000, 0x00000000d1d00000, 0x00000000d1d00000|100%| O|  |TAMS 0x00000000d1c00000| PB 0x00000000d1c00000| Untracked 
|  29|0x00000000d1d00000, 0x00000000d1d00000, 0x00000000d1e00000|  0%| F|  |TAMS 0x00000000d1d00000| PB 0x00000000d1d00000| Untracked 
|  30|0x00000000d1e00000, 0x00000000d1f00000, 0x00000000d1f00000|100%| O|  |TAMS 0x00000000d1e00000| PB 0x00000000d1e00000| Untracked 
|  31|0x00000000d1f00000, 0x00000000d1f00000, 0x00000000d2000000|  0%| F|  |TAMS 0x00000000d1f00000| PB 0x00000000d1f00000| Untracked 
|  32|0x00000000d2000000, 0x00000000d2000000, 0x00000000d2100000|  0%| F|  |TAMS 0x00000000d2000000| PB 0x00000000d2000000| Untracked 
|  33|0x00000000d2100000, 0x00000000d2100000, 0x00000000d2200000|  0%| F|  |TAMS 0x00000000d2100000| PB 0x00000000d2100000| Untracked 
|  34|0x00000000d2200000, 0x00000000d2200000, 0x00000000d2300000|  0%| F|  |TAMS 0x00000000d2200000| PB 0x00000000d2200000| Untracked 
|  35|0x00000000d2300000, 0x00000000d2400000, 0x00000000d2400000|100%| O|  |TAMS 0x00000000d2300000| PB 0x00000000d2300000| Untracked 
|  36|0x00000000d2400000, 0x00000000d2400000, 0x00000000d2500000|  0%| F|  |TAMS 0x00000000d2400000| PB 0x00000000d2400000| Untracked 
|  37|0x00000000d2500000, 0x00000000d2500000, 0x00000000d2600000|  0%| F|  |TAMS 0x00000000d2500000| PB 0x00000000d2500000| Untracked 
|  38|0x00000000d2600000, 0x00000000d2600000, 0x00000000d2700000|  0%| F|  |TAMS 0x00000000d2600000| PB 0x00000000d2600000| Untracked 
|  39|0x00000000d2700000, 0x00000000d2700000, 0x00000000d2800000|  0%| F|  |TAMS 0x00000000d2700000| PB 0x00000000d2700000| Untracked 
|  40|0x00000000d2800000, 0x00000000d2900000, 0x00000000d2900000|100%| O|  |TAMS 0x00000000d2800000| PB 0x00000000d2800000| Untracked 
|  41|0x00000000d2900000, 0x00000000d2a00000, 0x00000000d2a00000|100%| S|CS|TAMS 0x00000000d2900000| PB 0x00000000d2900000| Complete 
|  42|0x00000000d2a00000, 0x00000000d2a00000, 0x00000000d2b00000|  0%| F|  |TAMS 0x00000000d2a00000| PB 0x00000000d2a00000| Untracked 
|  43|0x00000000d2b00000, 0x00000000d2b00000, 0x00000000d2c00000|  0%| F|  |TAMS 0x00000000d2b00000| PB 0x00000000d2b00000| Untracked 
|  44|0x00000000d2c00000, 0x00000000d2c00000, 0x00000000d2d00000|  0%| F|  |TAMS 0x00000000d2c00000| PB 0x00000000d2c00000| Untracked 
|  45|0x00000000d2d00000, 0x00000000d2d00000, 0x00000000d2e00000|  0%| F|  |TAMS 0x00000000d2d00000| PB 0x00000000d2d00000| Untracked 
|  46|0x00000000d2e00000, 0x00000000d2e00000, 0x00000000d2f00000|  0%| F|  |TAMS 0x00000000d2e00000| PB 0x00000000d2e00000| Untracked 
|  47|0x00000000d2f00000, 0x00000000d2f00000, 0x00000000d3000000|  0%| F|  |TAMS 0x00000000d2f00000| PB 0x00000000d2f00000| Untracked 
|  48|0x00000000d3000000, 0x00000000d3000000, 0x00000000d3100000|  0%| F|  |TAMS 0x00000000d3000000| PB 0x00000000d3000000| Untracked 
|  49|0x00000000d3100000, 0x00000000d3100000, 0x00000000d3200000|  0%| F|  |TAMS 0x00000000d3100000| PB 0x00000000d3100000| Untracked 
|  50|0x00000000d3200000, 0x00000000d3200000, 0x00000000d3300000|  0%| F|  |TAMS 0x00000000d3200000| PB 0x00000000d3200000| Untracked 
|  51|0x00000000d3300000, 0x00000000d3300000, 0x00000000d3400000|  0%| F|  |TAMS 0x00000000d3300000| PB 0x00000000d3300000| Untracked 
|  52|0x00000000d3400000, 0x00000000d3400000, 0x00000000d3500000|  0%| F|  |TAMS 0x00000000d3400000| PB 0x00000000d3400000| Untracked 
|  53|0x00000000d3500000, 0x00000000d3500000, 0x00000000d3600000|  0%| F|  |TAMS 0x00000000d3500000| PB 0x00000000d3500000| Untracked 
|  54|0x00000000d3600000, 0x00000000d3600000, 0x00000000d3700000|  0%| F|  |TAMS 0x00000000d3600000| PB 0x00000000d3600000| Untracked 
|  55|0x00000000d3700000, 0x00000000d3700000, 0x00000000d3800000|  0%| F|  |TAMS 0x00000000d3700000| PB 0x00000000d3700000| Untracked 
|  56|0x00000000d3800000, 0x00000000d3800000, 0x00000000d3900000|  0%| F|  |TAMS 0x00000000d3800000| PB 0x00000000d3800000| Untracked 
|  57|0x00000000d3900000, 0x00000000d39de770, 0x00000000d3a00000| 86%| E|  |TAMS 0x00000000d3900000| PB 0x00000000d3900000| Complete 
|  58|0x00000000d3a00000, 0x00000000d3b00000, 0x00000000d3b00000|100%| E|  |TAMS 0x00000000d3a00000| PB 0x00000000d3a00000| Complete 
|  59|0x00000000d3b00000, 0x00000000d3c00000, 0x00000000d3c00000|100%| E|CS|TAMS 0x00000000d3b00000| PB 0x00000000d3b00000| Complete 
|  60|0x00000000d3c00000, 0x00000000d3d00000, 0x00000000d3d00000|100%| E|CS|TAMS 0x00000000d3c00000| PB 0x00000000d3c00000| Complete 
|  61|0x00000000d3d00000, 0x00000000d3e00000, 0x00000000d3e00000|100%| E|CS|TAMS 0x00000000d3d00000| PB 0x00000000d3d00000| Complete 
|  62|0x00000000d3e00000, 0x00000000d3f00000, 0x00000000d3f00000|100%| E|CS|TAMS 0x00000000d3e00000| PB 0x00000000d3e00000| Complete 
|  63|0x00000000d3f00000, 0x00000000d4000000, 0x00000000d4000000|100%| E|CS|TAMS 0x00000000d3f00000| PB 0x00000000d3f00000| Complete 
|  64|0x00000000d4000000, 0x00000000d4100000, 0x00000000d4100000|100%| E|CS|TAMS 0x00000000d4000000| PB 0x00000000d4000000| Complete 
|  65|0x00000000d4100000, 0x00000000d4200000, 0x00000000d4200000|100%| E|CS|TAMS 0x00000000d4100000| PB 0x00000000d4100000| Complete 
|  66|0x00000000d4200000, 0x00000000d4300000, 0x00000000d4300000|100%| E|CS|TAMS 0x00000000d4200000| PB 0x00000000d4200000| Complete 
|  67|0x00000000d4300000, 0x00000000d4400000, 0x00000000d4400000|100%| E|CS|TAMS 0x00000000d4300000| PB 0x00000000d4300000| Complete 
|  68|0x00000000d4400000, 0x00000000d4500000, 0x00000000d4500000|100%| E|CS|TAMS 0x00000000d4400000| PB 0x00000000d4400000| Complete 
|  69|0x00000000d4500000, 0x00000000d4600000, 0x00000000d4600000|100%| E|CS|TAMS 0x00000000d4500000| PB 0x00000000d4500000| Complete 
|  70|0x00000000d4600000, 0x00000000d4700000, 0x00000000d4700000|100%| E|CS|TAMS 0x00000000d4600000| PB 0x00000000d4600000| Complete 
|  71|0x00000000d4700000, 0x00000000d4800000, 0x00000000d4800000|100%| E|CS|TAMS 0x00000000d4700000| PB 0x00000000d4700000| Complete 
|  72|0x00000000d4800000, 0x00000000d4900000, 0x00000000d4900000|100%| E|CS|TAMS 0x00000000d4800000| PB 0x00000000d4800000| Complete 
|  73|0x00000000d4900000, 0x00000000d4a00000, 0x00000000d4a00000|100%| E|CS|TAMS 0x00000000d4900000| PB 0x00000000d4900000| Complete 
|  74|0x00000000d4a00000, 0x00000000d4b00000, 0x00000000d4b00000|100%| E|CS|TAMS 0x00000000d4a00000| PB 0x00000000d4a00000| Complete 
|  75|0x00000000d4b00000, 0x00000000d4c00000, 0x00000000d4c00000|100%| S|CS|TAMS 0x00000000d4b00000| PB 0x00000000d4b00000| Complete 
|  76|0x00000000d4c00000, 0x00000000d4cf0000, 0x00000000d4d00000| 93%| S|CS|TAMS 0x00000000d4c00000| PB 0x00000000d4c00000| Complete 
| 764|0x00000000ffc00000, 0x00000000ffc73c78, 0x00000000ffd00000| 45%| O|  |TAMS 0x00000000ffc00000| PB 0x00000000ffc00000| Untracked 
| 765|0x00000000ffd00000, 0x00000000ffe00000, 0x00000000ffe00000|100%| O|  |TAMS 0x00000000ffd00000| PB 0x00000000ffd00000| Untracked 
| 766|0x00000000ffe00000, 0x00000000fff00000, 0x00000000fff00000|100%| O|  |TAMS 0x00000000ffe00000| PB 0x00000000ffe00000| Untracked 
| 767|0x00000000fff00000, 0x0000000100000000, 0x0000000100000000|100%| O|  |TAMS 0x00000000fff00000| PB 0x00000000fff00000| Untracked 

Card table byte_map: [0x000001f54a910000,0x000001f54aa90000] _byte_map_base: 0x000001f54a290000

Marking Bits: (CMBitMap*) 0x000001f53832d0d0
 Bits: [0x000001f54aa90000, 0x000001f54b690000)

Polling page: 0x000001f5362e0000

Metaspace:

Usage:
  Non-class:     45.83 MB used.
      Class:      7.45 MB used.
       Both:     53.28 MB used.

Virtual space:
  Non-class space:       64.00 MB reserved,      46.56 MB ( 73%) committed,  1 nodes.
      Class space:      416.00 MB reserved,       8.06 MB (  2%) committed,  1 nodes.
             Both:      480.00 MB reserved,      54.62 MB ( 11%) committed. 

Chunk freelists:
   Non-Class:  864.00 KB
       Class:  7.94 MB
        Both:  8.79 MB

MaxMetaspaceSize: 512.00 MB
CompressedClassSpaceSize: 416.00 MB
Initial GC threshold: 21.00 MB
Current GC threshold: 59.06 MB
CDS: off
 - commit_granule_bytes: 65536.
 - commit_granule_words: 8192.
 - virtual_space_node_default_size: 8388608.
 - enlarge_chunks_in_place: 1.
 - use_allocation_guard: 0.


Internal statistics:

num_allocs_failed_limit: 6.
num_arena_births: 2544.
num_arena_deaths: 0.
num_vsnodes_births: 2.
num_vsnodes_deaths: 0.
num_space_committed: 874.
num_space_uncommitted: 0.
num_chunks_returned_to_freelist: 6.
num_chunks_taken_from_freelist: 4587.
num_chunk_merges: 6.
num_chunk_splits: 2989.
num_chunks_enlarged: 1866.
num_inconsistent_stats: 0.

CodeHeap 'non-profiled nmethods': size=120000Kb used=2858Kb max_used=2858Kb free=117141Kb
 bounds [0x000001f542f30000, 0x000001f543200000, 0x000001f54a460000]
CodeHeap 'profiled nmethods': size=120000Kb used=9478Kb max_used=9478Kb free=110521Kb
 bounds [0x000001f53b460000, 0x000001f53bdb0000, 0x000001f542990000]
CodeHeap 'non-nmethods': size=5760Kb used=2542Kb max_used=2595Kb free=3217Kb
 bounds [0x000001f542990000, 0x000001f542c20000, 0x000001f542f30000]
CodeCache: size=245760Kb, used=14878Kb, max_used=14931Kb, free=230879Kb
 total_blobs=5805, nmethods=4970, adapters=739, full_count=0
Compilation: enabled, stopped_count=0, restarted_count=0

Compilation events (20 events):
Event: 7.755 Thread 0x000001f54e2711e0 nmethod 5353 0x000001f53bd6d190 code [0x000001f53bd6d3c0, 0x000001f53bd6daf0]
Event: 7.755 Thread 0x000001f54e2711e0 5354       3       org.gradle.cache.internal.btree.BlockPointer::hashCode (8 bytes)
Event: 7.755 Thread 0x000001f54e2711e0 nmethod 5354 0x000001f53bd6de10 code [0x000001f53bd6dfc0, 0x000001f53bd6e100]
Event: 7.755 Thread 0x000001f54e2711e0 5355       3       com.google.common.primitives.Longs::hashCode (8 bytes)
Event: 7.755 Thread 0x000001f54e2711e0 nmethod 5355 0x000001f53bd6e190 code [0x000001f53bd6e320, 0x000001f53bd6e418]
Event: 7.755 Thread 0x000001f54e2711e0 5357       3       com.google.common.collect.Interners$InternerImpl::intern (54 bytes)
Event: 7.755 Thread 0x000001f54e2711e0 nmethod 5357 0x000001f53bd6e490 code [0x000001f53bd6e6e0, 0x000001f53bd6ef60]
Event: 7.755 Thread 0x000001f54e2711e0 5356       1       com.google.common.collect.MapMakerInternalMap$WeakKeyDummyValueEntry$LinkedWeakKeyDummyValueEntry::getNext (5 bytes)
Event: 7.755 Thread 0x000001f54e2711e0 nmethod 5356 0x000001f5431efa10 code [0x000001f5431efba0, 0x000001f5431efc68]
Event: 7.755 Thread 0x000001f54e2711e0 5358       3       java.lang.Character::compare (4 bytes)
Event: 7.756 Thread 0x000001f54e2711e0 nmethod 5358 0x000001f53bd6f290 code [0x000001f53bd6f420, 0x000001f53bd6f510]
Event: 7.756 Thread 0x000001f54e2711e0 5359       1       org.gradle.internal.operations.DefaultBuildOperationRunner$DefaultBuildOperationContext::getFailure (5 bytes)
Event: 7.757 Thread 0x000001f54e2711e0 nmethod 5359 0x000001f5431efd10 code [0x000001f5431efea0, 0x000001f5431eff68]
Event: 7.757 Thread 0x000001f54e2711e0 5360       3       org.gradle.tooling.internal.provider.runner.BuildOperationTracker::discardState (1 bytes)
Event: 7.757 Thread 0x000001f54e2711e0 nmethod 5360 0x000001f53bd6f590 code [0x000001f53bd6f720, 0x000001f53bd6f828]
Event: 7.757 Thread 0x000001f54e2711e0 5361       3       com.google.common.collect.SingletonImmutableList::iterator (5 bytes)
Event: 7.757 Thread 0x000001f54e2711e0 nmethod 5361 0x000001f53bd6f890 code [0x000001f53bd6fa60, 0x000001f53bd6fdf8]
Event: 7.757 Thread 0x000001f54e2711e0 5362       3       org.gradle.internal.logging.sink.OutputEventRenderer::onOutput (82 bytes)
Event: 7.774 Thread 0x000001f54e2711e0 nmethod 5362 0x000001f53bd6ff90 code [0x000001f53bd701e0, 0x000001f53bd70da0]
Event: 7.774 Thread 0x000001f54e2711e0 5363       3       org.gradle.internal.logging.sink.OutputEventTransformer::onOutput (369 bytes)

GC Heap History (20 events):
Event: 2.930 GC heap before
{Heap before GC invocations=3 (full 0):
 garbage-first heap   total 63488K, used 48669K [0x00000000d0000000, 0x0000000100000000)
  region size 1024K, 37 young (37888K), 1 survivors (1024K)
 Metaspace       used 12567K, committed 12736K, reserved 491520K
  class space    used 1358K, committed 1408K, reserved 425984K
}
Event: 2.931 GC heap after
{Heap after GC invocations=4 (full 0):
 garbage-first heap   total 63488K, used 12400K [0x00000000d0000000, 0x0000000100000000)
  region size 1024K, 2 young (2048K), 2 survivors (2048K)
 Metaspace       used 12567K, committed 12736K, reserved 491520K
  class space    used 1358K, committed 1408K, reserved 425984K
}
Event: 3.726 GC heap before
{Heap before GC invocations=4 (full 0):
 garbage-first heap   total 63488K, used 50288K [0x00000000d0000000, 0x0000000100000000)
  region size 1024K, 37 young (37888K), 2 survivors (2048K)
 Metaspace       used 16709K, committed 16960K, reserved 491520K
  class space    used 1909K, committed 2048K, reserved 425984K
}
Event: 3.732 GC heap after
{Heap after GC invocations=5 (full 0):
 garbage-first heap   total 63488K, used 18783K [0x00000000d0000000, 0x0000000100000000)
  region size 1024K, 5 young (5120K), 5 survivors (5120K)
 Metaspace       used 16709K, committed 16960K, reserved 491520K
  class space    used 1909K, committed 2048K, reserved 425984K
}
Event: 4.327 GC heap before
{Heap before GC invocations=5 (full 0):
 garbage-first heap   total 63488K, used 33119K [0x00000000d0000000, 0x0000000100000000)
  region size 1024K, 20 young (20480K), 5 survivors (5120K)
 Metaspace       used 21238K, committed 21504K, reserved 491520K
  class space    used 2498K, committed 2624K, reserved 425984K
}
Event: 4.332 GC heap after
{Heap after GC invocations=6 (full 0):
 garbage-first heap   total 63488K, used 20918K [0x00000000d0000000, 0x0000000100000000)
  region size 1024K, 2 young (2048K), 2 survivors (2048K)
 Metaspace       used 21238K, committed 21504K, reserved 491520K
  class space    used 2498K, committed 2624K, reserved 425984K
}
Event: 4.864 GC heap before
{Heap before GC invocations=7 (full 0):
 garbage-first heap   total 63488K, used 51638K [0x00000000d0000000, 0x0000000100000000)
  region size 1024K, 33 young (33792K), 2 survivors (2048K)
 Metaspace       used 27089K, committed 27584K, reserved 491520K
  class space    used 3423K, committed 3648K, reserved 425984K
}
Event: 4.868 GC heap after
{Heap after GC invocations=8 (full 0):
 garbage-first heap   total 63488K, used 22619K [0x00000000d0000000, 0x0000000100000000)
  region size 1024K, 4 young (4096K), 4 survivors (4096K)
 Metaspace       used 27089K, committed 27584K, reserved 491520K
  class space    used 3423K, committed 3648K, reserved 425984K
}
Event: 5.379 GC heap before
{Heap before GC invocations=8 (full 0):
 garbage-first heap   total 63488K, used 53339K [0x00000000d0000000, 0x0000000100000000)
  region size 1024K, 34 young (34816K), 4 survivors (4096K)
 Metaspace       used 31442K, committed 32128K, reserved 491520K
  class space    used 4201K, committed 4544K, reserved 425984K
}
Event: 5.384 GC heap after
{Heap after GC invocations=9 (full 0):
 garbage-first heap   total 63488K, used 24745K [0x00000000d0000000, 0x0000000100000000)
  region size 1024K, 4 young (4096K), 4 survivors (4096K)
 Metaspace       used 31442K, committed 32128K, reserved 491520K
  class space    used 4201K, committed 4544K, reserved 425984K
}
Event: 5.782 GC heap before
{Heap before GC invocations=9 (full 0):
 garbage-first heap   total 63488K, used 50345K [0x00000000d0000000, 0x0000000100000000)
  region size 1024K, 31 young (31744K), 4 survivors (4096K)
 Metaspace       used 35283K, committed 36096K, reserved 491520K
  class space    used 4866K, committed 5248K, reserved 425984K
}
Event: 5.787 GC heap after
{Heap after GC invocations=10 (full 0):
 garbage-first heap   total 63488K, used 26445K [0x00000000d0000000, 0x0000000100000000)
  region size 1024K, 4 young (4096K), 4 survivors (4096K)
 Metaspace       used 35283K, committed 36096K, reserved 491520K
  class space    used 4866K, committed 5248K, reserved 425984K
}
Event: 6.179 GC heap before
{Heap before GC invocations=11 (full 0):
 garbage-first heap   total 63488K, used 56141K [0x00000000d0000000, 0x0000000100000000)
  region size 1024K, 33 young (33792K), 4 survivors (4096K)
 Metaspace       used 38971K, committed 40000K, reserved 491520K
  class space    used 5526K, committed 6016K, reserved 425984K
}
Event: 6.184 GC heap after
{Heap after GC invocations=12 (full 0):
 garbage-first heap   total 63488K, used 28342K [0x00000000d0000000, 0x0000000100000000)
  region size 1024K, 4 young (4096K), 4 survivors (4096K)
 Metaspace       used 38971K, committed 40000K, reserved 491520K
  class space    used 5526K, committed 6016K, reserved 425984K
}
Event: 6.587 GC heap before
{Heap before GC invocations=12 (full 0):
 garbage-first heap   total 63488K, used 53942K [0x00000000d0000000, 0x0000000100000000)
  region size 1024K, 30 young (30720K), 4 survivors (4096K)
 Metaspace       used 43671K, committed 44864K, reserved 491520K
  class space    used 6203K, committed 6784K, reserved 425984K
}
Event: 6.593 GC heap after
{Heap after GC invocations=13 (full 0):
 garbage-first heap   total 76800K, used 30345K [0x00000000d0000000, 0x0000000100000000)
  region size 1024K, 4 young (4096K), 4 survivors (4096K)
 Metaspace       used 43671K, committed 44864K, reserved 491520K
  class space    used 6203K, committed 6784K, reserved 425984K
}
Event: 7.003 GC heap before
{Heap before GC invocations=13 (full 0):
 garbage-first heap   total 76800K, used 67209K [0x00000000d0000000, 0x0000000100000000)
  region size 1024K, 41 young (41984K), 4 survivors (4096K)
 Metaspace       used 47961K, committed 49152K, reserved 491520K
  class space    used 6667K, committed 7232K, reserved 425984K
}
Event: 7.010 GC heap after
{Heap after GC invocations=14 (full 0):
 garbage-first heap   total 76800K, used 34599K [0x00000000d0000000, 0x0000000100000000)
  region size 1024K, 6 young (6144K), 6 survivors (6144K)
 Metaspace       used 47961K, committed 49152K, reserved 491520K
  class space    used 6667K, committed 7232K, reserved 425984K
}
Event: 7.494 GC heap before
{Heap before GC invocations=14 (full 0):
 garbage-first heap   total 76800K, used 73511K [0x00000000d0000000, 0x0000000100000000)
  region size 1024K, 39 young (39936K), 6 survivors (6144K)
 Metaspace       used 52655K, committed 54016K, reserved 491520K
  class space    used 7317K, committed 8000K, reserved 425984K
}
Event: 7.502 GC heap after
{Heap after GC invocations=15 (full 0):
 garbage-first heap   total 82944K, used 37263K [0x00000000d0000000, 0x0000000100000000)
  region size 1024K, 3 young (3072K), 3 survivors (3072K)
 Metaspace       used 52655K, committed 54016K, reserved 491520K
  class space    used 7317K, committed 8000K, reserved 425984K
}

Dll operation events (3 events):
Event: 0.034 Loaded shared library C:\Program Files\Android\Android Studio\jbr\bin\java.dll
Event: 0.056 Loaded shared library C:\Program Files\Android\Android Studio\jbr\bin\zip.dll
Event: 1.210 Loaded shared library C:\Program Files\Android\Android Studio\jbr\bin\verify.dll

Deoptimization events (20 events):
Event: 7.693 Thread 0x000001f554aed500 Uncommon trap: trap_request=0xffffff45 fr.pc=0x000001f5430bdfd0 relative=0x0000000000000b50
Event: 7.693 Thread 0x000001f554aed500 Uncommon trap: reason=unstable_if action=reinterpret pc=0x000001f5430bdfd0 method=java.util.concurrent.ConcurrentHashMap.addCount(JI)V @ 7 c2
Event: 7.693 Thread 0x000001f5572351f0 Uncommon trap: trap_request=0xffffff45 fr.pc=0x000001f5430bdfd0 relative=0x0000000000000b50
Event: 7.693 Thread 0x000001f554aed500 DEOPT PACKING pc=0x000001f5430bdfd0 sp=0x00000021109f6390
Event: 7.693 Thread 0x000001f5572351f0 Uncommon trap: reason=unstable_if action=reinterpret pc=0x000001f5430bdfd0 method=java.util.concurrent.ConcurrentHashMap.addCount(JI)V @ 7 c2
Event: 7.693 Thread 0x000001f5572351f0 DEOPT PACKING pc=0x000001f5430bdfd0 sp=0x0000002111cfda70
Event: 7.693 Thread 0x000001f554aed500 DEOPT UNPACKING pc=0x000001f5429e43a2 sp=0x00000021109f6250 mode 2
Event: 7.693 Thread 0x000001f5572351f0 DEOPT UNPACKING pc=0x000001f5429e43a2 sp=0x0000002111cfd930 mode 2
Event: 7.697 Thread 0x000001f5572351f0 DEOPT PACKING pc=0x000001f53b90651f sp=0x0000002111cfd7a0
Event: 7.697 Thread 0x000001f5572351f0 DEOPT UNPACKING pc=0x000001f5429e4b42 sp=0x0000002111cfcc78 mode 0
Event: 7.698 Thread 0x000001f554aed500 DEOPT PACKING pc=0x000001f53bc1efe6 sp=0x00000021109f5a00
Event: 7.698 Thread 0x000001f554aed500 DEOPT UNPACKING pc=0x000001f5429e4b42 sp=0x00000021109f4f48 mode 0
Event: 7.741 Thread 0x000001f557237950 DEOPT PACKING pc=0x000001f53bc1efe6 sp=0x0000002111dfd1e0
Event: 7.741 Thread 0x000001f557237950 DEOPT UNPACKING pc=0x000001f5429e4b42 sp=0x0000002111dfc728 mode 0
Event: 7.752 Thread 0x000001f557237950 DEOPT PACKING pc=0x000001f53b9e3021 sp=0x0000002111dfd9c0
Event: 7.752 Thread 0x000001f557237950 DEOPT UNPACKING pc=0x000001f5429e4b42 sp=0x0000002111dfcec0 mode 0
Event: 7.761 Thread 0x000001f557237950 Uncommon trap: trap_request=0xffffff45 fr.pc=0x000001f543193580 relative=0x0000000000001240
Event: 7.773 Thread 0x000001f557237950 Uncommon trap: reason=unstable_if action=reinterpret pc=0x000001f543193580 method=java.util.concurrent.ConcurrentHashMap.computeIfAbsent(Ljava/lang/Object;Ljava/util/function/Function;)Ljava/lang/Object; @ 279 c2
Event: 7.773 Thread 0x000001f557237950 DEOPT PACKING pc=0x000001f543193580 sp=0x0000002111dfe450
Event: 7.773 Thread 0x000001f557237950 DEOPT UNPACKING pc=0x000001f5429e43a2 sp=0x0000002111dfe3c8 mode 2

Classes loaded (20 events):
Event: 7.626 Loading class jdk/internal/reflect/UTF8
Event: 7.626 Loading class jdk/internal/reflect/UTF8 done
Event: 7.627 Loading class jdk/internal/reflect/Label
Event: 7.627 Loading class jdk/internal/reflect/Label done
Event: 7.627 Loading class jdk/internal/reflect/Label$PatchInfo
Event: 7.627 Loading class jdk/internal/reflect/Label$PatchInfo done
Event: 7.627 Loading class jdk/internal/reflect/MethodAccessorGenerator$1
Event: 7.627 Loading class jdk/internal/reflect/MethodAccessorGenerator$1 done
Event: 7.627 Loading class jdk/internal/reflect/ClassDefiner
Event: 7.627 Loading class jdk/internal/reflect/ClassDefiner done
Event: 7.627 Loading class jdk/internal/reflect/ClassDefiner$1
Event: 7.627 Loading class jdk/internal/reflect/ClassDefiner$1 done
Event: 7.627 Loading class jdk/internal/reflect/SerializationConstructorAccessorImpl
Event: 7.627 Loading class jdk/internal/reflect/SerializationConstructorAccessorImpl done
Event: 7.674 Loading class java/nio/channels/Channels
Event: 7.675 Loading class java/nio/channels/Channels done
Event: 7.675 Loading class sun/nio/ch/Streams
Event: 7.675 Loading class sun/nio/ch/Streams done
Event: 7.675 Loading class sun/nio/ch/ChannelInputStream
Event: 7.675 Loading class sun/nio/ch/ChannelInputStream done

Classes unloaded (0 events):
No events

Classes redefined (0 events):
No events

Internal exceptions (20 events):
Event: 7.369 Thread 0x000001f554aed500 Exception <a 'java/lang/NoSuchMethodError'{0x00000000d34d3270}: 'java.lang.Object java.lang.invoke.DirectMethodHandle$Holder.invokeSpecial(java.lang.Object, java.lang.Object, java.lang.Object, java.lang.Object, java.lang.Object, java.lang.Object, java.lang.Object, java.lang.Object, java.lang.Object, java.lang.Object, java.lang.Object, java.lang.Object, java.lang.Object, java.lang.Object, java.lang.Object, java.lang.Object, java.lang.Object, java.lang.Object, java.lang.Object, java.lang.Object, java.lang.Ob
Event: 7.370 Thread 0x000001f554aed500 Exception <a 'java/lang/NoSuchMethodError'{0x00000000d34d9820}: 'java.lang.Object java.lang.invoke.DelegatingMethodHandle$Holder.reinvoke_L(java.lang.Object, java.lang.Object, java.lang.Object, java.lang.Object, java.lang.Object, java.lang.Object, java.lang.Object, java.lang.Object, java.lang.Object, java.lang.Object, java.lang.Object, java.lang.Object, java.lang.Object, java.lang.Object, java.lang.Object, java.lang.Object, java.lang.Object, java.lang.Object, java.lang.Object, java.lang.Object, java.lang.O
Event: 7.404 Thread 0x000001f554aed500 Implicit null exception at 0x000001f54301a200 to 0x000001f54301a2b4
Event: 7.408 Thread 0x000001f554aed500 Exception <a 'java/lang/ClassNotFoundException'{0x00000000d303fde8}: org/gradle/api/internal/artifacts/dsl/dependencies/DefaultDependencyHandler_DecoratedBeanInfo> (0x00000000d303fde8) 
thrown [s\src\hotspot\share\classfile\systemDictionary.cpp, line 312]
Event: 7.409 Thread 0x000001f554aed500 Exception <a 'java/lang/ClassNotFoundException'{0x00000000d3053888}: org/gradle/api/internal/artifacts/dsl/dependencies/DefaultDependencyHandlerBeanInfo> (0x00000000d3053888) 
thrown [s\src\hotspot\share\classfile\systemDictionary.cpp, line 312]
Event: 7.409 Thread 0x000001f554aed500 Exception <a 'java/lang/ClassNotFoundException'{0x00000000d3066d88}: org/gradle/api/internal/artifacts/dsl/dependencies/DefaultDependencyHandlerCustomizer> (0x00000000d3066d88) 
thrown [s\src\hotspot\share\classfile\systemDictionary.cpp, line 312]
Event: 7.412 Thread 0x000001f554aed500 Exception <a 'java/lang/ClassNotFoundException'{0x00000000d30be818}: org/gradle/api/internal/artifacts/dsl/dependencies/DefaultDependencyHandler_DecoratedCustomizer> (0x00000000d30be818) 
thrown [s\src\hotspot\share\classfile\systemDictionary.cpp, line 312]
Event: 7.415 Thread 0x000001f554aed500 Exception <a 'sun/nio/fs/WindowsException'{0x00000000d30fee98}> (0x00000000d30fee98) 
thrown [s\src\hotspot\share\prims\jni.cpp, line 537]
Event: 7.415 Thread 0x000001f554aed500 Exception <a 'java/lang/ClassNotFoundException'{0x00000000d2f056c0}: ijJvmDebugger1_7ho1mx1xflvhf5lv5r64nbndi$_run_closure1BeanInfo> (0x00000000d2f056c0) 
thrown [s\src\hotspot\share\classfile\systemDictionary.cpp, line 312]
Event: 7.415 Thread 0x000001f554aed500 Exception <a 'sun/nio/fs/WindowsException'{0x00000000d2f073d8}> (0x00000000d2f073d8) 
thrown [s\src\hotspot\share\prims\jni.cpp, line 537]
Event: 7.415 Thread 0x000001f554aed500 Exception <a 'java/lang/ClassNotFoundException'{0x00000000d2f0d918}: ijJvmDebugger1_7ho1mx1xflvhf5lv5r64nbndi$_run_closure1Customizer> (0x00000000d2f0d918) 
thrown [s\src\hotspot\share\classfile\systemDictionary.cpp, line 312]
Event: 7.460 Thread 0x000001f554aed500 Exception <a 'java/lang/NoSuchMethodError'{0x00000000d2c93858}: 'java.lang.Object java.lang.invoke.DirectMethodHandle$Holder.newInvokeSpecial(java.lang.Object, int, java.lang.Object)'> (0x00000000d2c93858) 
thrown [s\src\hotspot\share\interpreter\linkResolver.cpp, line 784]
Event: 7.524 Thread 0x000001f554aed500 Exception <a 'java/lang/NoSuchMethodError'{0x00000000d49b38a0}: 'java.lang.Object java.lang.invoke.DirectMethodHandle$Holder.newInvokeSpecial(java.lang.Object, java.lang.Object, java.lang.Object, int)'> (0x00000000d49b38a0) 
thrown [s\src\hotspot\share\interpreter\linkResolver.cpp, line 784]
Event: 7.525 Thread 0x000001f554aed500 Exception <a 'java/lang/NoSuchMethodError'{0x00000000d49b7cb8}: 'java.lang.Object java.lang.invoke.Invokers$Holder.linkToTargetMethod(java.lang.Object, java.lang.Object, int, java.lang.Object)'> (0x00000000d49b7cb8) 
thrown [s\src\hotspot\share\interpreter\linkResolver.cpp, line 784]
Event: 7.560 Thread 0x000001f554aed500 Exception <a 'java/lang/NoSuchMethodError'{0x00000000d464d6d0}: 'java.lang.Object java.lang.invoke.DirectMethodHandle$Holder.invokeSpecial(java.lang.Object, java.lang.Object, long, java.lang.Object, java.lang.Object)'> (0x00000000d464d6d0) 
thrown [s\src\hotspot\share\interpreter\linkResolver.cpp, line 784]
Event: 7.578 Thread 0x000001f554aed500 Exception <a 'sun/nio/fs/WindowsException'{0x00000000d4589678}> (0x00000000d4589678) 
thrown [s\src\hotspot\share\prims\jni.cpp, line 537]
Event: 7.583 Thread 0x000001f554aed500 Exception <a 'sun/nio/fs/WindowsException'{0x00000000d45e46a8}> (0x00000000d45e46a8) 
thrown [s\src\hotspot\share\prims\jni.cpp, line 537]
Event: 7.632 Thread 0x000001f554aed500 Exception <a 'java/lang/NoSuchMethodError'{0x00000000d42c1690}: 'java.lang.Object java.lang.invoke.DirectMethodHandle$Holder.newInvokeSpecial(java.lang.Object, java.lang.Object, java.lang.Object, java.lang.Object, int, java.lang.Object)'> (0x00000000d42c1690) 
thrown [s\src\hotspot\share\interpreter\linkResolver.cpp, line 784]
Event: 7.632 Thread 0x000001f554aed500 Exception <a 'java/lang/NoSuchMethodError'{0x00000000d42c9d90}: 'java.lang.Object java.lang.invoke.Invokers$Holder.linkToTargetMethod(java.lang.Object, java.lang.Object, java.lang.Object, int, java.lang.Object, java.lang.Object)'> (0x00000000d42c9d90) 
thrown [s\src\hotspot\share\interpreter\linkResolver.cpp, line 784]
Event: 7.735 Thread 0x000001f554aed500 Exception <a 'java/lang/NoSuchMethodError'{0x00000000d3c52dc8}: 'java.lang.Object java.lang.invoke.DirectMethodHandle$Holder.invokeSpecialIFC(java.lang.Object, java.lang.Object, java.lang.Object)'> (0x00000000d3c52dc8) 
thrown [s\src\hotspot\share\interpreter\linkResolver.cpp, line 784]

ZGC Phase Switch (0 events):
No events

VM Operations (20 events):
Event: 6.802 Executing non-safepoint VM operation: HandshakeAllThreads (Deoptimize)
Event: 6.802 Executing non-safepoint VM operation: HandshakeAllThreads (Deoptimize) done
Event: 6.803 Executing non-safepoint VM operation: HandshakeAllThreads (Deoptimize)
Event: 6.803 Executing non-safepoint VM operation: HandshakeAllThreads (Deoptimize) done
Event: 6.856 Executing non-safepoint VM operation: HandshakeAllThreads (Deoptimize)
Event: 6.857 Executing non-safepoint VM operation: HandshakeAllThreads (Deoptimize) done
Event: 6.968 Executing safepoint VM operation: ICBufferFull
Event: 6.968 Executing safepoint VM operation: ICBufferFull done
Event: 7.003 Executing safepoint VM operation: G1CollectForAllocation (G1 Evacuation Pause)
Event: 7.010 Executing safepoint VM operation: G1CollectForAllocation (G1 Evacuation Pause) done
Event: 7.244 Executing non-safepoint VM operation: HandshakeAllThreads (Deoptimize)
Event: 7.244 Executing non-safepoint VM operation: HandshakeAllThreads (Deoptimize) done
Event: 7.300 Executing non-safepoint VM operation: HandshakeAllThreads (Deoptimize)
Event: 7.301 Executing non-safepoint VM operation: HandshakeAllThreads (Deoptimize) done
Event: 7.321 Executing safepoint VM operation: ICBufferFull
Event: 7.321 Executing safepoint VM operation: ICBufferFull done
Event: 7.494 Executing safepoint VM operation: G1CollectForAllocation (G1 Evacuation Pause)
Event: 7.502 Executing safepoint VM operation: G1CollectForAllocation (G1 Evacuation Pause) done
Event: 7.610 Executing non-safepoint VM operation: HandshakeAllThreads (Deoptimize)
Event: 7.610 Executing non-safepoint VM operation: HandshakeAllThreads (Deoptimize) done

Memory protections (0 events):
No events

Nmethod flushes (20 events):
Event: 5.804 Thread 0x000001f54e07c900 flushing  nmethod 0x000001f53b5f2390
Event: 5.804 Thread 0x000001f54e07c900 flushing  nmethod 0x000001f53b5f3d10
Event: 5.804 Thread 0x000001f54e07c900 flushing  nmethod 0x000001f53b5f4390
Event: 5.804 Thread 0x000001f54e07c900 flushing  nmethod 0x000001f53b5f5890
Event: 5.804 Thread 0x000001f54e07c900 flushing  nmethod 0x000001f53b62a790
Event: 5.804 Thread 0x000001f54e07c900 flushing  nmethod 0x000001f53b631a90
Event: 5.804 Thread 0x000001f54e07c900 flushing  nmethod 0x000001f53b65da90
Event: 5.804 Thread 0x000001f54e07c900 flushing  nmethod 0x000001f53b65e510
Event: 5.804 Thread 0x000001f54e07c900 flushing  nmethod 0x000001f53b661490
Event: 5.804 Thread 0x000001f54e07c900 flushing  nmethod 0x000001f53b664110
Event: 5.804 Thread 0x000001f54e07c900 flushing  nmethod 0x000001f53b664d90
Event: 5.804 Thread 0x000001f54e07c900 flushing  nmethod 0x000001f53b6aa090
Event: 5.804 Thread 0x000001f54e07c900 flushing  nmethod 0x000001f53b7fff10
Event: 5.804 Thread 0x000001f54e07c900 flushing  nmethod 0x000001f53b802d10
Event: 5.804 Thread 0x000001f54e07c900 flushing  nmethod 0x000001f53b804290
Event: 5.804 Thread 0x000001f54e07c900 flushing  nmethod 0x000001f53b84ff90
Event: 5.804 Thread 0x000001f54e07c900 flushing  nmethod 0x000001f53b850390
Event: 5.804 Thread 0x000001f54e07c900 flushing  nmethod 0x000001f53b851810
Event: 5.804 Thread 0x000001f54e07c900 flushing  nmethod 0x000001f53b851c90
Event: 5.804 Thread 0x000001f54e07c900 flushing  nmethod 0x000001f53b854a90

Events (20 events):
Event: 4.271 Thread 0x000001f55423f8f0 Thread added: 0x000001f554aed500
Event: 4.284 Thread 0x000001f554aed500 Thread added: 0x000001f554aee8b0
Event: 4.288 Thread 0x000001f554aed500 Thread added: 0x000001f554aedb90
Event: 4.291 Thread 0x000001f554aed500 Thread added: 0x000001f554af02f0
Event: 4.665 Thread 0x000001f554aed500 Thread added: 0x000001f554aee220
Event: 4.676 Thread 0x000001f554aed500 Thread added: 0x000001f554aeef40
Event: 4.705 Thread 0x000001f554aed500 Thread added: 0x000001f554aefc60
Event: 5.459 Thread 0x000001f554aed500 Thread added: 0x000001f554af0980
Event: 5.475 Thread 0x000001f554aed500 Thread added: 0x000001f557232400
Event: 5.661 Thread 0x000001f554aed500 Thread added: 0x000001f557230330
Event: 5.666 Thread 0x000001f554aed500 Thread added: 0x000001f557233120
Event: 5.866 Thread 0x000001f554aed500 Thread added: 0x000001f5572309c0
Event: 5.908 Thread 0x000001f554aed500 Thread added: 0x000001f557233e40
Event: 6.023 Thread 0x000001f554aed500 Thread added: 0x000001f5572344d0
Event: 6.152 Thread 0x000001f554aed500 Thread added: 0x000001f557231050
Event: 6.330 Thread 0x000001f554aed500 Thread added: 0x000001f557232a90
Event: 6.360 Thread 0x000001f554aed500 Thread added: 0x000001f557231d70
Event: 7.123 Thread 0x000001f554aed500 Thread added: 0x000001f557234b60
Event: 7.657 Thread 0x000001f554aed500 Thread added: 0x000001f5572351f0
Event: 7.736 Thread 0x000001f554aed500 Thread added: 0x000001f557237950


Dynamic libraries:
0x00007ff79f0b0000 - 0x00007ff79f0ba000 	C:\Program Files\Android\Android Studio\jbr\bin\java.exe
0x00007ffbe0ac0000 - 0x00007ffbe0d27000 	C:\WINDOWS\SYSTEM32\ntdll.dll
0x00007ffbdea30000 - 0x00007ffbdeaf9000 	C:\WINDOWS\System32\KERNEL32.DLL
0x00007ffbdd7a0000 - 0x00007ffbddb97000 	C:\WINDOWS\System32\KERNELBASE.dll
0x00007ffbddc50000 - 0x00007ffbddd9b000 	C:\WINDOWS\System32\ucrtbase.dll
0x00007ffbbce10000 - 0x00007ffbbce28000 	C:\Program Files\Android\Android Studio\jbr\bin\jli.dll
0x00007ffbc84b0000 - 0x00007ffbc84cb000 	C:\Program Files\Android\Android Studio\jbr\bin\VCRUNTIME140.dll
0x00007ffbe0830000 - 0x00007ffbe09f6000 	C:\WINDOWS\System32\USER32.dll
0x00007ffbdde60000 - 0x00007ffbdde87000 	C:\WINDOWS\System32\win32u.dll
0x00007ffbc93e0000 - 0x00007ffbc9672000 	C:\WINDOWS\WinSxS\amd64_microsoft.windows.common-controls_6595b64144ccf1df_6.0.26100.8457_none_3e0b2faee331e92d\COMCTL32.dll
0x00007ffbe0800000 - 0x00007ffbe082b000 	C:\WINDOWS\System32\GDI32.dll
0x00007ffbdd4f0000 - 0x00007ffbdd61c000 	C:\WINDOWS\System32\gdi32full.dll
0x00007ffbddba0000 - 0x00007ffbddc43000 	C:\WINDOWS\System32\msvcp_win.dll
0x00007ffbdf510000 - 0x00007ffbdf5b9000 	C:\WINDOWS\System32\msvcrt.dll
0x00007ffbdf4a0000 - 0x00007ffbdf4d2000 	C:\WINDOWS\System32\IMM32.DLL
0x00007ffbd2670000 - 0x00007ffbd267c000 	C:\Program Files\Android\Android Studio\jbr\bin\vcruntime140_1.dll
0x00007ffb9ed40000 - 0x00007ffb9edcd000 	C:\Program Files\Android\Android Studio\jbr\bin\msvcp140.dll
0x00007ffb39d90000 - 0x00007ffb3aa26000 	C:\Program Files\Android\Android Studio\jbr\bin\server\jvm.dll
0x00007ffbdf320000 - 0x00007ffbdf3d6000 	C:\WINDOWS\System32\ADVAPI32.dll
0x00007ffbdf3e0000 - 0x00007ffbdf487000 	C:\WINDOWS\System32\sechost.dll
0x00007ffbdfbf0000 - 0x00007ffbdfd08000 	C:\WINDOWS\System32\RPCRT4.dll
0x00007ffbdf810000 - 0x00007ffbdf890000 	C:\WINDOWS\System32\WS2_32.dll
0x00007ffbdd350000 - 0x00007ffbdd3ae000 	C:\WINDOWS\SYSTEM32\POWRPROF.dll
0x00007ffbc9c90000 - 0x00007ffbc9cc6000 	C:\WINDOWS\SYSTEM32\WINMM.dll
0x00007ffbd7b70000 - 0x00007ffbd7b7b000 	C:\WINDOWS\SYSTEM32\VERSION.dll
0x00007ffbdd330000 - 0x00007ffbdd344000 	C:\WINDOWS\SYSTEM32\UMPDC.dll
0x00007ffbdc280000 - 0x00007ffbdc29b000 	C:\WINDOWS\SYSTEM32\kernel.appcore.dll
0x00007ffbd2650000 - 0x00007ffbd265a000 	C:\Program Files\Android\Android Studio\jbr\bin\jimage.dll
0x00007ffbcc750000 - 0x00007ffbcc992000 	C:\WINDOWS\SYSTEM32\DBGHELP.DLL
0x00007ffbdeb00000 - 0x00007ffbdee83000 	C:\WINDOWS\System32\combase.dll
0x00007ffbdfb00000 - 0x00007ffbdfbd9000 	C:\WINDOWS\System32\OLEAUT32.dll
0x00007ffbb9f00000 - 0x00007ffbb9f3b000 	C:\WINDOWS\SYSTEM32\dbgcore.DLL
0x00007ffbde700000 - 0x00007ffbde7a8000 	C:\WINDOWS\System32\bcryptPrimitives.dll
0x00007ffbbd720000 - 0x00007ffbbd72e000 	C:\Program Files\Android\Android Studio\jbr\bin\instrument.dll
0x00007ffbba4b0000 - 0x00007ffbba4d0000 	C:\Program Files\Android\Android Studio\jbr\bin\java.dll
0x00007ffbba280000 - 0x00007ffbba298000 	C:\Program Files\Android\Android Studio\jbr\bin\zip.dll
0x00007ffbdfd10000 - 0x00007ffbe047e000 	C:\WINDOWS\System32\SHELL32.dll
0x00007ffbdde90000 - 0x00007ffbde6fc000 	C:\WINDOWS\System32\windows.storage.dll
0x00007ffbdf5e0000 - 0x00007ffbdf6d6000 	C:\WINDOWS\System32\SHCORE.dll
0x00007ffbdf7a0000 - 0x00007ffbdf806000 	C:\WINDOWS\System32\shlwapi.dll
0x00007ffbdd410000 - 0x00007ffbdd439000 	C:\WINDOWS\SYSTEM32\profapi.dll
0x00007ffbd1ec0000 - 0x00007ffbd1ed0000 	C:\Program Files\Android\Android Studio\jbr\bin\net.dll
0x00007ffbd5920000 - 0x00007ffbd5a49000 	C:\WINDOWS\SYSTEM32\WINHTTP.dll
0x00007ffbdc7f0000 - 0x00007ffbdc85c000 	C:\WINDOWS\system32\mswsock.dll
0x00007ffbb9360000 - 0x00007ffbb9376000 	C:\Program Files\Android\Android Studio\jbr\bin\nio.dll
0x00007ffbc3590000 - 0x00007ffbc35a0000 	C:\Program Files\Android\Android Studio\jbr\bin\verify.dll
0x00007ffbba4e0000 - 0x00007ffbba507000 	C:\Users\gyral\.gradle\native\c067742578af261105cb4f569cf0c3c89f3d7b1fecec35dd04571415982c5e48\windows-amd64\native-platform.dll
0x00007ffb6d870000 - 0x00007ffb6d9b4000 	C:\Users\gyral\.gradle\native\100fb08df4bc3b14c8652ba06237920a3bd2aa13389f12d3474272988ae205f9\windows-amd64\native-platform-file-events.dll
0x00007ffbd0a30000 - 0x00007ffbd0a39000 	C:\Program Files\Android\Android Studio\jbr\bin\management.dll
0x00007ffbc8430000 - 0x00007ffbc843b000 	C:\Program Files\Android\Android Studio\jbr\bin\management_ext.dll
0x00007ffbe0490000 - 0x00007ffbe0498000 	C:\WINDOWS\System32\PSAPI.DLL
0x00007ffbdcad0000 - 0x00007ffbdcaeb000 	C:\WINDOWS\SYSTEM32\CRYPTSP.dll
0x00007ffbdc1e0000 - 0x00007ffbdc219000 	C:\WINDOWS\system32\rsaenh.dll
0x00007ffbdc8a0000 - 0x00007ffbdc8d3000 	C:\WINDOWS\SYSTEM32\USERENV.dll
0x00007ffbdd3e0000 - 0x00007ffbdd40a000 	C:\WINDOWS\SYSTEM32\bcrypt.dll
0x00007ffbdcaf0000 - 0x00007ffbdcafc000 	C:\WINDOWS\SYSTEM32\CRYPTBASE.dll
0x00007ffbdbc90000 - 0x00007ffbdbcc2000 	C:\WINDOWS\SYSTEM32\IPHLPAPI.DLL
0x00007ffbdf490000 - 0x00007ffbdf49a000 	C:\WINDOWS\System32\NSI.dll
0x00007ffbd1ea0000 - 0x00007ffbd1ea9000 	C:\Program Files\Android\Android Studio\jbr\bin\extnet.dll
0x00007ffb9ce00000 - 0x00007ffb9ce08000 	C:\WINDOWS\system32\wshunix.dll

JVMTI agents:
C:\Users\gyral\.gradle\wrapper\dists\gradle-8.9-bin\90cnw93cvbtalezasaz0blq0a\gradle-8.9\lib\agents\gradle-instrumentation-agent-8.9.jar path:C:\Program Files\Android\Android Studio\jbr\bin\instrument.dll, loaded, initialized, instrumentlib options:none

dbghelp: loaded successfully - version: 4.0.5 - missing functions: none
symbol engine: initialized successfully - sym options: 0x614 - pdb path: .;C:\Program Files\Android\Android Studio\jbr\bin;C:\WINDOWS\SYSTEM32;C:\WINDOWS\WinSxS\amd64_microsoft.windows.common-controls_6595b64144ccf1df_6.0.26100.8457_none_3e0b2faee331e92d;C:\Program Files\Android\Android Studio\jbr\bin\server;C:\Users\gyral\.gradle\native\c067742578af261105cb4f569cf0c3c89f3d7b1fecec35dd04571415982c5e48\windows-amd64;C:\Users\gyral\.gradle\native\100fb08df4bc3b14c8652ba06237920a3bd2aa13389f12d3474272988ae205f9\windows-amd64

VM Arguments:
jvm_args: -XX:MaxMetaspaceSize=512m -XX:+HeapDumpOnOutOfMemoryError --add-opens=java.base/java.util=ALL-UNNAMED --add-opens=java.base/java.lang=ALL-UNNAMED --add-opens=java.base/java.lang.invoke=ALL-UNNAMED --add-opens=java.prefs/java.util.prefs=ALL-UNNAMED --add-exports=jdk.compiler/com.sun.tools.javac.api=ALL-UNNAMED --add-exports=jdk.compiler/com.sun.tools.javac.util=ALL-UNNAMED --add-opens=java.base/java.nio.charset=ALL-UNNAMED --add-opens=java.base/java.net=ALL-UNNAMED --add-opens=java.base/java.util.concurrent.atomic=ALL-UNNAMED -Xmx768m -Dfile.encoding=UTF-8 -Duser.country=US -Duser.language=en -Duser.variant -javaagent:C:\Users\gyral\.gradle\wrapper\dists\gradle-8.9-bin\90cnw93cvbtalezasaz0blq0a\gradle-8.9\lib\agents\gradle-instrumentation-agent-8.9.jar 
java_command: org.gradle.launcher.daemon.bootstrap.GradleDaemon 8.9
java_class_path (initial): C:\Users\gyral\.gradle\wrapper\dists\gradle-8.9-bin\90cnw93cvbtalezasaz0blq0a\gradle-8.9\lib\gradle-daemon-main-8.9.jar
Launcher Type: SUN_STANDARD

[Global flags]
     intx CICompilerCount                          = 4                                         {product} {ergonomic}
   size_t CompressedClassSpaceSize                 = 436207616                                 {product} {ergonomic}
     uint ConcGCThreads                            = 2                                         {product} {ergonomic}
     uint G1ConcRefinementThreads                  = 8                                         {product} {ergonomic}
   size_t G1HeapRegionSize                         = 1048576                                   {product} {ergonomic}
    uintx GCDrainStackTargetSize                   = 64                                        {product} {ergonomic}
     bool HeapDumpOnOutOfMemoryError               = true                                   {manageable} {command line}
   size_t InitialHeapSize                          = 65011712                                  {product} {ergonomic}
   size_t MarkStackSize                            = 4194304                                   {product} {ergonomic}
   size_t MaxHeapSize                              = 805306368                                 {product} {command line}
   size_t MaxMetaspaceSize                         = 536870912                                 {product} {command line}
   size_t MaxNewSize                               = 482344960                                 {product} {ergonomic}
   size_t MinHeapDeltaBytes                        = 1048576                                   {product} {ergonomic}
   size_t MinHeapSize                              = 8388608                                   {product} {ergonomic}
    uintx NonNMethodCodeHeapSize                   = 5839372                                {pd product} {ergonomic}
    uintx NonProfiledCodeHeapSize                  = 122909434                              {pd product} {ergonomic}
    uintx ProfiledCodeHeapSize                     = 122909434                              {pd product} {ergonomic}
    uintx ReservedCodeCacheSize                    = 251658240                              {pd product} {ergonomic}
     bool SegmentedCodeCache                       = true                                      {product} {ergonomic}
   size_t SoftMaxHeapSize                          = 805306368                              {manageable} {ergonomic}
     bool UseCompressedOops                        = true                           {product lp64_product} {ergonomic}
     bool UseG1GC                                  = true                                      {product} {ergonomic}
     bool UseLargePagesIndividualAllocation        = false                                  {pd product} {ergonomic}

Logging:
Log output configuration:
 #0: stdout all=warning uptime,level,tags foldmultilines=false
 #1: stderr all=off uptime,level,tags foldmultilines=false

Release file:
JAVA_VERSION="21.0.10" 
MODULES="java.base java.compiler java.datatransfer java.xml java.prefs java.desktop java.instrument java.logging java.management java.security.sasl java.naming java.rmi java.management.rmi java.net.http java.scripting java.security.jgss java.transaction.xa java.sql java.sql.rowset java.xml.crypto java.se java.smartcardio jdk.accessibility jdk.internal.jvmstat jdk.attach jdk.charsets jdk.internal.opt jdk.zipfs jdk.compiler jdk.crypto.ec jdk.crypto.cryptoki jdk.dynalink jdk.hotspot.agent jdk.httpserver jdk.internal.ed jdk.internal.le jdk.internal.vm.ci jdk.jartool jdk.javadoc jdk.jcmd jdk.jdeps jdk.jdwp.agent jdk.jdi jdk.jfr jdk.jlink jdk.jsobject jdk.localedata jdk.management jdk.management.agent jdk.management.jfr jdk.naming.dns jdk.naming.rmi jdk.net jdk.sctp jdk.security.auth jdk.security.jgss jdk.unsupported jdk.unsupported.desktop jdk.xml.dom" 
IMPLEMENTOR="JetBrains s.r.o." 
JAVA_RUNTIME_VERSION="21.0.10+-14961533-b1163.108" 
LIBC="default" 
OS_ARCH="x86_64" 
OS_NAME="Windows" 
SOURCE=".:git:1351622c2ff2" 

Environment Variables:
PATH=C:\Program Files\Common Files\Oracle\Java\javapath;C:\WINDOWS\system32;C:\WINDOWS;C:\WINDOWS\System32\Wbem;C:\WINDOWS\System32\WindowsPowerShell\v1.0\;C:\WINDOWS\System32\OpenSSH\;C:\Program Files\nodejs\;C:\ProgramData\chocolatey\bin;C:\Users\gyral\Downloads\apache-maven-3.9.11\bin;C:\Program Files\Git\cmd;C:\Program Files\MySQL\MySQL Shell 8.0\bin\;C:\Users\gyral\AppData\Local\Programs\Python\Launcher\;C:\Users\gyral\AppData\Local\Microsoft\WindowsApps;C:\Users\gyral\AppData\Local\Programs\Microsoft VS Code\bin;C:\Users\gyral\AppData\Local\JetBrains\Toolbox\scripts;;C:\Program Files\JetBrains\PyCharm 2025.1.2\bin;;C:\Users\gyral\AppData\Roaming\npm;C:\Users\gyral\AppData\Local\Programs\Antigravity IDE\bin
USERNAME=gyral
OS=Windows_NT
PROCESSOR_IDENTIFIER=Intel64 Family 6 Model 142 Stepping 12, GenuineIntel
TMP=C:\Users\gyral\AppData\Local\Temp
TEMP=C:\Users\gyral\AppData\Local\Temp




Periodic native trim disabled

JNI global refs:
JNI global refs: 26, weak refs: 4

JNI global refs memory usage: 835, weak refs: 833

Process memory usage:
Resident Set Size: 271336K (6% of 3996148K total physical memory with 414444K free physical memory)

OOME stack traces (most recent first):
Classloader memory used:
Loader org.gradle.internal.classloader.VisitableURLClassLoader                         : 25537K
Loader bootstrap                                                                       : 22085K
Loader org.gradle.initialization.MixInLegacyTypesClassLoader                           : 6164K
Loader jdk.internal.loader.ClassLoaders$PlatformClassLoader                            : 501K
Loader jdk.internal.loader.ClassLoaders$AppClassLoader                                 : 230K
Loader org.gradle.groovy.scripts.internal.DefaultScriptCompilationHandler$ScriptClassLoader: 36208B
Loader jdk.internal.reflect.DelegatingClassLoader                                      : 10608B
Loader org.codehaus.groovy.runtime.callsite.CallSiteClassLoader                        : 7232B

Classes loaded by more than one classloader:
Class org.gradle.internal.classloader.FilteringClassLoader                            : loaded 2 times (x 105B)
Class org.gradle.internal.classloader.ClassLoaderHierarchy                            : loaded 2 times (x 70B)
Class org.gradle.api.internal.classpath.ManifestUtil                                  : loaded 2 times (x 71B)
Class org.gradle.internal.classloader.DefaultClassLoaderFactory                       : loaded 2 times (x 82B)
Class org.gradle.internal.classloader.ClassLoaderVisitor                              : loaded 2 times (x 76B)
Class org.gradle.api.internal.classpath.EffectiveClassPath                            : loaded 2 times (x 90B)
Class org.gradle.api.internal.DefaultClassPathProvider                                : loaded 2 times (x 76B)
Class [Lorg.gradle.api.internal.ClassPathProvider;                                    : loaded 2 times (x 69B)
Class org.gradle.api.internal.ClassPathProvider                                       : loaded 2 times (x 70B)
Class org.gradle.internal.service.UnknownServiceException                             : loaded 2 times (x 83B)
Class org.gradle.internal.classpath.TransformedClassPath                              : loaded 2 times (x 96B)
Class org.gradle.internal.service.ServiceLocator                                      : loaded 2 times (x 70B)
Class org.gradle.internal.InternalTransformer                                         : loaded 2 times (x 70B)
Class org.gradle.internal.classloader.ClasspathUtil$1                                 : loaded 2 times (x 76B)
Class org.gradle.api.internal.classpath.DefaultModuleRegistry$DefaultModule           : loaded 2 times (x 86B)
Class org.gradle.api.internal.classpath.Module                                        : loaded 2 times (x 70B)
Class org.gradle.api.internal.classpath.UnknownModuleException                        : loaded 2 times (x 82B)
Class org.gradle.api.internal.DefaultClassPathRegistry                                : loaded 2 times (x 76B)
Class org.gradle.api.internal.ClassPathRegistry                                       : loaded 2 times (x 70B)
Class org.gradle.internal.classpath.DefaultClassPath$ImmutableUniqueList              : loaded 2 times (x 199B)
Class org.gradle.internal.classpath.ClassPath                                         : loaded 2 times (x 70B)
Class org.gradle.api.UncheckedIOException                                             : loaded 2 times (x 82B)
Class org.gradle.internal.installation.GradleInstallation$1                           : loaded 2 times (x 75B)
Class org.gradle.api.internal.classpath.ModuleRegistry                                : loaded 2 times (x 70B)
Class org.gradle.api.internal.classpath.DefaultModuleRegistry                         : loaded 2 times (x 83B)
Class org.gradle.internal.service.ServiceLookupException                              : loaded 2 times (x 82B)
Class org.gradle.internal.classloader.ClassLoaderFactory                              : loaded 2 times (x 70B)
Class org.gradle.internal.service.CachingServiceLocator                               : loaded 2 times (x 82B)
Class org.gradle.internal.classloader.ClasspathUtil                                   : loaded 2 times (x 71B)
Class org.gradle.api.specs.Spec                                                       : loaded 2 times (x 70B)
Class org.gradle.internal.classloader.VisitableURLClassLoader$InstrumentingVisitableURLClassLoader: loaded 2 times (x 123B)
Class org.gradle.internal.classloader.VisitableURLClassLoader$Spec                    : loaded 2 times (x 74B)
Class org.gradle.internal.classpath.DefaultClassPath                                  : loaded 2 times (x 90B)
Class org.gradle.internal.classloader.ClassLoaderSpec                                 : loaded 2 times (x 71B)
Class org.gradle.internal.classloader.VisitableURLClassLoader                         : loaded 2 times (x 117B)
Class org.gradle.internal.Cast                                                        : loaded 2 times (x 71B)
Class org.gradle.api.Action                                                           : loaded 2 times (x 70B)
Class org.gradle.internal.agents.InstrumentingClassLoader                             : loaded 2 times (x 70B)
Class org.gradle.internal.classpath.DefaultClassPath$ImmutableUniqueList$Builder      : loaded 2 times (x 75B)
Class org.gradle.api.GradleException                                                  : loaded 2 times (x 82B)
Class org.gradle.internal.IoActions                                                   : loaded 2 times (x 71B)
Class org.gradle.internal.classloader.SystemClassLoaderSpec                           : loaded 2 times (x 71B)
Class org.gradle.internal.installation.CurrentGradleInstallationLocator               : loaded 2 times (x 71B)
Class org.gradle.internal.service.DefaultServiceLocator                               : loaded 2 times (x 83B)
Class org.gradle.internal.installation.CurrentGradleInstallation                      : loaded 2 times (x 73B)
Class org.gradle.util.internal.GUtil                                                  : loaded 2 times (x 71B)
Class org.gradle.internal.installation.GradleInstallation                             : loaded 2 times (x 75B)

---------------  S Y S T E M  ---------------

OS:
 Windows 11 , 64 bit Build 26100 (10.0.26100.8328)
OS uptime: 0 days 6:59 hours

CPU: total 8 (initial active 8) (4 cores per cpu, 2 threads per core) family 6 model 142 stepping 12 microcode 0xde, cx8, cmov, fxsr, ht, mmx, 3dnowpref, sse, sse2, sse3, ssse3, sse4.1, sse4.2, popcnt, lzcnt, tsc, tscinvbit, avx, avx2, aes, erms, clmul, bmi1, bmi2, adx, fma, vzeroupper, clflush, clflushopt, rdtscp, f16c
Processor Information for the first 8 processors :
  Max Mhz: 2304, Current Mhz: 1803, Mhz Limit: 1797

Memory: 4k page, system-wide physical 3902M (404M free)
TotalPageFile size 15678M (AvailPageFile size 6M)
current process WorkingSet (physical memory assigned to process): 265M, peak: 265M
current process commit charge ("private bytes"): 299M, peak: 301M

vm_info: OpenJDK 64-Bit Server VM (21.0.10+-14961533-b1163.108) for windows-amd64 JRE (21.0.10+-14961533-b1163.108), built on 2026-03-02T19:58:50Z by "builder" with MS VC++ 16.10 / 16.11 (VS2019)

END.
